Component: ARM Compiler 5.05 update 1 (build 106) Tool: armlink [4d0efa]

==============================================================================

Section Cross References

    main.o(i.main) refers to sys_rcc.o(i.RCC_Configuration) for RCC_Configuration
    main.o(i.main) refers to usart_driver.o(i.USART_InitConfig) for USART_InitConfig
    main.o(i.main) refers to systick.o(i.SysTick_init) for SysTick_init
    main.o(i.main) refers to mygpio.o(i.InitLedGpio) for InitLedGpio
    main.o(i.main) refers to mykey.o(i.InitKey1) for InitKey1
    main.o(i.main) refers to mygpio.o(i.InitPwmLedGpio) for InitPwmLedGpio
    main.o(i.main) refers to mytimer.o(i.InitMyTimer3) for InitMyTimer3
    main.o(i.main) refers to rt_memclr.o(.text) for __aeabi_memclr
    main.o(i.main) refers to noretval__2printf.o(.text) for __2printf
    main.o(i.main) refers to myble.o(i.SendBleATCmd) for SendBleATCmd
    main.o(i.main) refers to myble.o(i.CalCRC) for CalCRC
    main.o(i.main) refers to mytimer.o(i.setRGBPwmWidth) for setRGBPwmWidth
    main.o(i.main) refers to stm32f10x_it.o(.bss) for uart1Buf
    main.o(i.main) refers to stm32f10x_it.o(.data) for uart1RecvLen
    main.o(i.main) refers to main.o(.data) for redValue
    sys_rcc.o(i.RCC_Configuration) refers to stm32f10x_rcc.o(i.RCC_DeInit) for RCC_DeInit
    sys_rcc.o(i.RCC_Configuration) refers to stm32f10x_rcc.o(i.RCC_HSEConfig) for RCC_HSEConfig
    sys_rcc.o(i.RCC_Configuration) refers to stm32f10x_rcc.o(i.RCC_WaitForHSEStartUp) for RCC_WaitForHSEStartUp
    sys_rcc.o(i.RCC_Configuration) refers to stm32f10x_flash.o(i.FLASH_PrefetchBufferCmd) for FLASH_PrefetchBufferCmd
    sys_rcc.o(i.RCC_Configuration) refers to stm32f10x_flash.o(i.FLASH_SetLatency) for FLASH_SetLatency
    sys_rcc.o(i.RCC_Configuration) refers to stm32f10x_rcc.o(i.RCC_HCLKConfig) for RCC_HCLKConfig
    sys_rcc.o(i.RCC_Configuration) refers to stm32f10x_rcc.o(i.RCC_PCLK2Config) for RCC_PCLK2Config
    sys_rcc.o(i.RCC_Configuration) refers to stm32f10x_rcc.o(i.RCC_PCLK1Config) for RCC_PCLK1Config
    sys_rcc.o(i.RCC_Configuration) refers to stm32f10x_rcc.o(i.RCC_PLLConfig) for RCC_PLLConfig
    sys_rcc.o(i.RCC_Configuration) refers to stm32f10x_rcc.o(i.RCC_PLLCmd) for RCC_PLLCmd
    sys_rcc.o(i.RCC_Configuration) refers to stm32f10x_rcc.o(i.RCC_GetFlagStatus) for RCC_GetFlagStatus
    sys_rcc.o(i.RCC_Configuration) refers to stm32f10x_rcc.o(i.RCC_SYSCLKConfig) for RCC_SYSCLKConfig
    sys_rcc.o(i.RCC_Configuration) refers to stm32f10x_rcc.o(i.RCC_GetSYSCLKSource) for RCC_GetSYSCLKSource
    systick.o(i.SysTick_init) refers to systick.o(.data) for fac_us
    systick.o(i.delay_ms) refers to systick.o(.data) for fac_ms
    systick.o(i.delay_us) refers to systick.o(.data) for fac_us
    usart_driver.o(.rev16_text) refers (Special) to use_no_semi.o(.text) for __use_no_semihosting_swi
    usart_driver.o(.revsh_text) refers (Special) to use_no_semi.o(.text) for __use_no_semihosting_swi
    usart_driver.o(.rrx_text) refers (Special) to use_no_semi.o(.text) for __use_no_semihosting_swi
    usart_driver.o(i.UASRT_NVIC_Configuration) refers (Special) to use_no_semi.o(.text) for __use_no_semihosting_swi
    usart_driver.o(i.UASRT_NVIC_Configuration) refers to misc.o(i.NVIC_PriorityGroupConfig) for NVIC_PriorityGroupConfig
    usart_driver.o(i.UASRT_NVIC_Configuration) refers to misc.o(i.NVIC_Init) for NVIC_Init
    usart_driver.o(i.USART1_Config) refers (Special) to use_no_semi.o(.text) for __use_no_semihosting_swi
    usart_driver.o(i.USART1_Config) refers to stm32f10x_usart.o(i.USART_DeInit) for USART_DeInit
    usart_driver.o(i.USART1_Config) refers to stm32f10x_rcc.o(i.RCC_APB2PeriphClockCmd) for RCC_APB2PeriphClockCmd
    usart_driver.o(i.USART1_Config) refers to stm32f10x_gpio.o(i.GPIO_Init) for GPIO_Init
    usart_driver.o(i.USART1_Config) refers to stm32f10x_usart.o(i.USART_Init) for USART_Init
    usart_driver.o(i.USART1_Config) refers to stm32f10x_usart.o(i.USART_ITConfig) for USART_ITConfig
    usart_driver.o(i.USART1_Config) refers to stm32f10x_usart.o(i.USART_Cmd) for USART_Cmd
    usart_driver.o(i.USART3_Config) refers (Special) to use_no_semi.o(.text) for __use_no_semihosting_swi
    usart_driver.o(i.USART3_Config) refers to stm32f10x_rcc.o(i.RCC_APB2PeriphClockCmd) for RCC_APB2PeriphClockCmd
    usart_driver.o(i.USART3_Config) refers to stm32f10x_rcc.o(i.RCC_APB1PeriphClockCmd) for RCC_APB1PeriphClockCmd
    usart_driver.o(i.USART3_Config) refers to stm32f10x_usart.o(i.USART_DeInit) for USART_DeInit
    usart_driver.o(i.USART3_Config) refers to stm32f10x_gpio.o(i.GPIO_Init) for GPIO_Init
    usart_driver.o(i.USART3_Config) refers to stm32f10x_usart.o(i.USART_Init) for USART_Init
    usart_driver.o(i.USART3_Config) refers to stm32f10x_usart.o(i.USART_ITConfig) for USART_ITConfig
    usart_driver.o(i.USART3_Config) refers to stm32f10x_usart.o(i.USART_Cmd) for USART_Cmd
    usart_driver.o(i.USART_InitConfig) refers (Special) to use_no_semi.o(.text) for __use_no_semihosting_swi
[...]
    libshutdown.o(.ARM.Collect$$libshutdown$$00000000) refers (Special) to libshutdown2.o(.ARM.Collect$$libshutdown$$0000000B) for __rt_lib_shutdown_user_alloc_1
    sys_command.o(.text) refers (Special) to use_no_semi.o(.text) for __I$use$semihosting
    sys_command.o(.text) refers (Special) to indicate_semi.o(.text) for __semihosting_library_function
    defsig_rtmem_outer.o(.text) refers to defsig_rtmem_inner.o(.text) for __rt_SIGRTMEM_inner
    defsig_rtmem_outer.o(.text) refers to defsig_exit.o(.text) for __sig_exit
    defsig_rtmem_formal.o(.text) refers to rt_raise.o(.text) for __rt_raise
    rt_raise.o(.text) refers to __raise.o(.text) for __raise
    rt_raise.o(.text) refers to usart_driver.o(i._sys_exit) for _sys_exit
    defsig_exit.o(.text) refers to usart_driver.o(i._sys_exit) for _sys_exit
    defsig_rtmem_inner.o(.text) refers to defsig_general.o(.text) for __default_signal_display
    __raise.o(.text) refers to defsig.o(CL$$defsig) for __default_signal_handler
    defsig_general.o(.text) refers to sys_wrch.o(.text) for _ttywrch
    sys_wrch.o(.text) refers (Special) to use_no_semi.o(.text) for __I$use$semihosting
    sys_wrch.o(.text) refers (Special) to indicate_semi.o(.text) for __semihosting_library_function
    defsig.o(CL$$defsig) refers to defsig_rtmem_inner.o(.text) for __rt_SIGRTMEM_inner
    defsig_abrt_inner.o(.text) refers to defsig_general.o(.text) for __default_signal_display
    defsig_fpe_inner.o(.text) refers to defsig_general.o(.text) for __default_signal_display
    defsig_rtred_inner.o(.text) refers to defsig_general.o(.text) for __default_signal_display
    defsig_stak_inner.o(.text) refers to defsig_general.o(.text) for __default_signal_display
    defsig_pvfn_inner.o(.text) refers to defsig_general.o(.text) for __default_signal_display
    defsig_cppl_inner.o(.text) refers to defsig_general.o(.text) for __default_signal_display
    defsig_segv_inner.o(.text) refers to defsig_general.o(.text) for __default_signal_display
    defsig_other.o(.text) refers to defsig_general.o(.text) for __default_signal_display


==============================================================================

Removing Unused input sections from the image.

    Removing main.o(.rev16_text), (4 bytes).
    Removing main.o(.revsh_text), (4 bytes).
    Removing main.o(.rrx_text), (6 bytes).
    Removing sys_rcc.o(.rev16_text), (4 bytes).
    Removing sys_rcc.o(.revsh_text), (4 bytes).
    Removing sys_rcc.o(.rrx_text), (6 bytes).
    Removing systick.o(.rev16_text), (4 bytes).
    Removing systick.o(.revsh_text), (4 bytes).
    Removing systick.o(.rrx_text), (6 bytes).
    Removing systick.o(i.delay_us), (60 bytes).
    Removing usart_driver.o(.rev16_text), (4 bytes).
    Removing usart_driver.o(.revsh_text), (4 bytes).
    Removing usart_driver.o(.rrx_text), (6 bytes).
    Removing usart_driver.o(i.fgetc), (32 bytes).
    Removing usart_driver.o(i.usart1_getstr), (28 bytes).
    Removing usart_driver.o(i.usart1_putc), (36 bytes).
    Removing usart_driver.o(i.usart1_putstr), (28 bytes).
    Removing usart_driver.o(i.usart3_getstr), (28 bytes).
    Removing mygpio.o(.rev16_text), (4 bytes).
    Removing mygpio.o(.revsh_text), (4 bytes).
    Removing mygpio.o(.rrx_text), (6 bytes).
    Removing mygpio.o(i.InitBeepGpio), (84 bytes).
    Removing mygpio.o(i.TurnOnOff), (36 bytes).
    Removing mykey.o(.rev16_text), (4 bytes).
    Removing mykey.o(.revsh_text), (4 bytes).
    Removing mykey.o(.rrx_text), (6 bytes).
    Removing mytimer.o(.rev16_text), (4 bytes).
    Removing mytimer.o(.revsh_text), (4 bytes).
    Removing mytimer.o(.rrx_text), (6 bytes).
    Removing mytimer.o(i.InitMyTimer2), (136 bytes).
    Removing myble.o(.rev16_text), (4 bytes).
    Removing myble.o(.revsh_text), (4 bytes).
    Removing myble.o(.rrx_text), (6 bytes).
    Removing stm32f10x_it.o(.rev16_text), (4 bytes).
    Removing stm32f10x_it.o(.revsh_text), (4 bytes).
    Removing stm32f10x_it.o(.rrx_text), (6 bytes).
    Removing system_stm32f10x.o(.rev16_text), (4 bytes).
    Removing system_stm32f10x.o(.revsh_text), (4 bytes).
    Removing system_stm32f10x.o(.rrx_text), (6 bytes).
    Removing system_stm32f10x.o(i.SystemCoreClockUpdate), (164 bytes).
    Removing system_stm32f10x.o(.data), (20 bytes).
    Removing misc.o(.rev16_text), (4 bytes).
    Removing misc.o(.revsh_text), (4 bytes).
    Removing misc.o(.rrx_text), (6 bytes).
    Removing misc.o(i.NVIC_SetVectorTable), (20 bytes).
    Removing misc.o(i.NVIC_SystemLPConfig), (32 bytes).
    Removing misc.o(i.SysTick_CLKSourceConfig), (40 bytes).
    Removing stm32f10x_exti.o(.rev16_text), (4 bytes).
    Removing stm32f10x_exti.o(.revsh_text), (4 bytes).
    Removing stm32f10x_exti.o(.rrx_text), (6 bytes).
    Removing stm32f10x_exti.o(i.EXTI_ClearITPendingBit), (12 bytes).
    Removing stm32f10x_exti.o(i.EXTI_DeInit), (36 bytes).
    Removing stm32f10x_exti.o(i.EXTI_GenerateSWInterrupt), (16 bytes).
    Removing stm32f10x_exti.o(i.EXTI_GetITStatus), (40 bytes).
    Removing stm32f10x_exti.o(i.EXTI_StructInit), (16 bytes).
    Removing stm32f10x_gpio.o(.rev16_text), (4 bytes).
    Removing stm32f10x_gpio.o(.revsh_text), (4 bytes).
    Removing stm32f10x_gpio.o(.rrx_text), (6 bytes).
    Removing stm32f10x_gpio.o(i.GPIO_AFIODeInit), (20 bytes).
    Removing stm32f10x_gpio.o(i.GPIO_DeInit), (200 bytes).
    Removing stm32f10x_gpio.o(i.GPIO_ETH_MediaInterfaceConfig), (12 bytes).
    Removing stm32f10x_gpio.o(i.GPIO_EventOutputCmd), (12 bytes).
    Removing stm32f10x_gpio.o(i.GPIO_EventOutputConfig), (32 bytes).
    Removing stm32f10x_gpio.o(i.GPIO_PinLockConfig), (18 bytes).
    Removing stm32f10x_gpio.o(i.GPIO_ReadInputData), (8 bytes).
    Removing stm32f10x_gpio.o(i.GPIO_ReadInputDataBit), (18 bytes).
    Removing stm32f10x_gpio.o(i.GPIO_ReadOutputData), (8 bytes).
    Removing stm32f10x_gpio.o(i.GPIO_ReadOutputDataBit), (18 bytes).
    Removing stm32f10x_gpio.o(i.GPIO_ResetBits), (4 bytes).
    Removing stm32f10x_gpio.o(i.GPIO_StructInit), (16 bytes).
    Removing stm32f10x_gpio.o(i.GPIO_Write), (4 bytes).
    Removing stm32f10x_gpio.o(i.GPIO_WriteBit), (10 bytes).
    Removing stm32f10x_rcc.o(.rev16_text), (4 bytes).
    Removing stm32f10x_rcc.o(.revsh_text), (4 bytes).
    Removing stm32f10x_rcc.o(.rrx_text), (6 bytes).
    Removing stm32f10x_rcc.o(i.RCC_ADCCLKConfig), (24 bytes).
    Removing stm32f10x_rcc.o(i.RCC_AHBPeriphClockCmd), (32 bytes).
    Removing stm32f10x_rcc.o(i.RCC_AdjustHSICalibrationValue), (24 bytes).
    Removing stm32f10x_rcc.o(i.RCC_BackupResetCmd), (12 bytes).
    Removing stm32f10x_rcc.o(i.RCC_ClearFlag), (20 bytes).
    Removing stm32f10x_rcc.o(i.RCC_ClearITPendingBit), (12 bytes).
    Removing stm32f10x_rcc.o(i.RCC_ClockSecuritySystemCmd), (12 bytes).
    Removing stm32f10x_rcc.o(i.RCC_GetITStatus), (24 bytes).
    Removing stm32f10x_rcc.o(i.RCC_HSICmd), (12 bytes).
    Removing stm32f10x_rcc.o(i.RCC_ITConfig), (32 bytes).
    Removing stm32f10x_rcc.o(i.RCC_LSEConfig), (52 bytes).
    Removing stm32f10x_rcc.o(i.RCC_LSICmd), (12 bytes).
    Removing stm32f10x_rcc.o(i.RCC_MCOConfig), (12 bytes).
    Removing stm32f10x_rcc.o(i.RCC_RTCCLKCmd), (12 bytes).
    Removing stm32f10x_rcc.o(i.RCC_RTCCLKConfig), (16 bytes).
    Removing stm32f10x_rcc.o(i.RCC_USBCLKConfig), (12 bytes).
    Removing stm32f10x_tim.o(.rev16_text), (4 bytes).
    Removing stm32f10x_tim.o(.revsh_text), (4 bytes).
    Removing stm32f10x_tim.o(.rrx_text), (6 bytes).
    Removing stm32f10x_tim.o(i.TI1_Config), (128 bytes).
    Removing stm32f10x_tim.o(i.TI2_Config), (152 bytes).
    Removing stm32f10x_tim.o(i.TI3_Config), (144 bytes).
    Removing stm32f10x_tim.o(i.TI4_Config), (152 bytes).
    Removing stm32f10x_tim.o(i.TIM_ARRPreloadConfig), (24 bytes).
    Removing stm32f10x_tim.o(i.TIM_BDTRConfig), (32 bytes).
    Removing stm32f10x_tim.o(i.TIM_BDTRStructInit), (18 bytes).
    Removing stm32f10x_tim.o(i.TIM_CCPreloadControl), (24 bytes).
    Removing stm32f10x_tim.o(i.TIM_CCxCmd), (30 bytes).
    Removing stm32f10x_tim.o(i.TIM_CCxNCmd), (30 bytes).
    Removing stm32f10x_tim.o(i.TIM_ClearFlag), (6 bytes).
    Removing stm32f10x_tim.o(i.TIM_ClearITPendingBit), (6 bytes).
    Removing stm32f10x_tim.o(i.TIM_ClearOC1Ref), (18 bytes).
    Removing stm32f10x_tim.o(i.TIM_ClearOC2Ref), (24 bytes).
    Removing stm32f10x_tim.o(i.TIM_ClearOC3Ref), (18 bytes).
    Removing stm32f10x_tim.o(i.TIM_ClearOC4Ref), (24 bytes).
    Removing stm32f10x_tim.o(i.TIM_Cmd), (24 bytes).
    Removing stm32f10x_tim.o(i.TIM_CounterModeConfig), (18 bytes).
    Removing stm32f10x_tim.o(i.TIM_CtrlPWMOutputs), (30 bytes).
    Removing stm32f10x_tim.o(i.TIM_DMACmd), (18 bytes).
    Removing stm32f10x_tim.o(i.TIM_DMAConfig), (10 bytes).
    Removing stm32f10x_tim.o(i.TIM_DeInit), (488 bytes).
    Removing stm32f10x_tim.o(i.TIM_ETRClockMode1Config), (54 bytes).
    Removing stm32f10x_tim.o(i.TIM_ETRClockMode2Config), (32 bytes).
    Removing stm32f10x_tim.o(i.TIM_ETRConfig), (28 bytes).
    Removing stm32f10x_tim.o(i.TIM_EncoderInterfaceConfig), (66 bytes).
    Removing stm32f10x_tim.o(i.TIM_ForcedOC1Config), (18 bytes).
    Removing stm32f10x_tim.o(i.TIM_ForcedOC2Config), (26 bytes).
    Removing stm32f10x_tim.o(i.TIM_ForcedOC3Config), (18 bytes).
    Removing stm32f10x_tim.o(i.TIM_ForcedOC4Config), (26 bytes).
    Removing stm32f10x_tim.o(i.TIM_GenerateEvent), (4 bytes).
    Removing stm32f10x_tim.o(i.TIM_GetCapture1), (6 bytes).
    Removing stm32f10x_tim.o(i.TIM_GetCapture2), (6 bytes).
    Removing stm32f10x_tim.o(i.TIM_GetCapture3), (6 bytes).
    Removing stm32f10x_tim.o(i.TIM_GetCapture4), (8 bytes).
    Removing stm32f10x_tim.o(i.TIM_GetCounter), (6 bytes).
    Removing stm32f10x_tim.o(i.TIM_GetFlagStatus), (18 bytes).
    Removing stm32f10x_tim.o(i.TIM_GetITStatus), (34 bytes).
    Removing stm32f10x_tim.o(i.TIM_GetPrescaler), (6 bytes).
    Removing stm32f10x_tim.o(i.TIM_ICInit), (172 bytes).
    Removing stm32f10x_tim.o(i.TIM_ICStructInit), (18 bytes).
    Removing stm32f10x_tim.o(i.TIM_ITConfig), (18 bytes).
    Removing stm32f10x_tim.o(i.TIM_ITRxExternalClockConfig), (24 bytes).
    Removing stm32f10x_tim.o(i.TIM_InternalClockConfig), (12 bytes).
    Removing stm32f10x_tim.o(i.TIM_OC1FastConfig), (18 bytes).
    Removing stm32f10x_tim.o(i.TIM_OC1Init), (152 bytes).
    Removing stm32f10x_tim.o(i.TIM_OC1NPolarityConfig), (18 bytes).
    Removing stm32f10x_tim.o(i.TIM_OC1PolarityConfig), (18 bytes).
    Removing stm32f10x_tim.o(i.TIM_OC1PreloadConfig), (18 bytes).
    Removing stm32f10x_tim.o(i.TIM_OC2FastConfig), (26 bytes).
    Removing stm32f10x_tim.o(i.TIM_OC2Init), (164 bytes).
    Removing stm32f10x_tim.o(i.TIM_OC2NPolarityConfig), (26 bytes).
    Removing stm32f10x_tim.o(i.TIM_OC2PolarityConfig), (26 bytes).
    Removing stm32f10x_tim.o(i.TIM_OC2PreloadConfig), (26 bytes).
    Removing stm32f10x_tim.o(i.TIM_OC3FastConfig), (18 bytes).
    Removing stm32f10x_tim.o(i.TIM_OC3Init), (160 bytes).
    Removing stm32f10x_tim.o(i.TIM_OC3NPolarityConfig), (26 bytes).
    Removing stm32f10x_tim.o(i.TIM_OC3PolarityConfig), (26 bytes).
    Removing stm32f10x_tim.o(i.TIM_OC3PreloadConfig), (18 bytes).
    Removing stm32f10x_tim.o(i.TIM_OC4FastConfig), (26 bytes).
    Removing stm32f10x_tim.o(i.TIM_OC4Init), (124 bytes).
    Removing stm32f10x_tim.o(i.TIM_OC4PolarityConfig), (26 bytes).
    Removing stm32f10x_tim.o(i.TIM_OC4PreloadConfig), (26 bytes).
    Removing stm32f10x_tim.o(i.TIM_OCStructInit), (20 bytes).
    Removing stm32f10x_tim.o(i.TIM_PWMIConfig), (124 bytes).
    Removing stm32f10x_tim.o(i.TIM_PrescalerConfig), (6 bytes).
    Removing stm32f10x_tim.o(i.TIM_SelectCCDMA), (24 bytes).
    Removing stm32f10x_tim.o(i.TIM_SelectCOM), (24 bytes).
    Removing stm32f10x_tim.o(i.TIM_SelectHallSensor), (24 bytes).
    Removing stm32f10x_tim.o(i.TIM_SelectInputTrigger), (18 bytes).
    Removing stm32f10x_tim.o(i.TIM_SelectMasterSlaveMode), (18 bytes).
    Removing stm32f10x_tim.o(i.TIM_SelectOCxM), (82 bytes).
    Removing stm32f10x_tim.o(i.TIM_SelectOnePulseMode), (18 bytes).
    Removing stm32f10x_tim.o(i.TIM_SelectOutputTrigger), (18 bytes).
    Removing stm32f10x_tim.o(i.TIM_SelectSlaveMode), (18 bytes).
    Removing stm32f10x_tim.o(i.TIM_SetAutoreload), (4 bytes).
    Removing stm32f10x_tim.o(i.TIM_SetClockDivision), (18 bytes).
    Removing stm32f10x_tim.o(i.TIM_SetCompare1), (4 bytes).
    Removing stm32f10x_tim.o(i.TIM_SetCompare2), (4 bytes).
    Removing stm32f10x_tim.o(i.TIM_SetCompare3), (4 bytes).
    Removing stm32f10x_tim.o(i.TIM_SetCompare4), (6 bytes).
    Removing stm32f10x_tim.o(i.TIM_SetCounter), (4 bytes).
    Removing stm32f10x_tim.o(i.TIM_SetIC1Prescaler), (18 bytes).
    Removing stm32f10x_tim.o(i.TIM_SetIC2Prescaler), (26 bytes).
    Removing stm32f10x_tim.o(i.TIM_SetIC3Prescaler), (18 bytes).
    Removing stm32f10x_tim.o(i.TIM_SetIC4Prescaler), (26 bytes).
    Removing stm32f10x_tim.o(i.TIM_TIxExternalClockConfig), (62 bytes).
    Removing stm32f10x_tim.o(i.TIM_TimeBaseInit), (164 bytes).
    Removing stm32f10x_tim.o(i.TIM_TimeBaseStructInit), (18 bytes).
    Removing stm32f10x_tim.o(i.TIM_UpdateDisableConfig), (24 bytes).
    Removing stm32f10x_tim.o(i.TIM_UpdateRequestConfig), (24 bytes).
    Removing stm32f10x_usart.o(.rev16_text), (4 bytes).
    Removing stm32f10x_usart.o(.revsh_text), (4 bytes).
    Removing stm32f10x_usart.o(.rrx_text), (6 bytes).
    Removing stm32f10x_usart.o(i.USART_ClearFlag), (18 bytes).
    Removing stm32f10x_usart.o(i.USART_ClockInit), (34 bytes).
    Removing stm32f10x_usart.o(i.USART_ClockStructInit), (12 bytes).
    Removing stm32f10x_usart.o(i.USART_DMACmd), (18 bytes).
    Removing stm32f10x_usart.o(i.USART_HalfDuplexCmd), (24 bytes).
    Removing stm32f10x_usart.o(i.USART_IrDACmd), (24 bytes).
    Removing stm32f10x_usart.o(i.USART_IrDAConfig), (18 bytes).
    Removing stm32f10x_usart.o(i.USART_LINBreakDetectLengthConfig), (18 bytes).
    Removing stm32f10x_usart.o(i.USART_LINCmd), (24 bytes).
    Removing stm32f10x_usart.o(i.USART_OneBitMethodCmd), (24 bytes).
    Removing stm32f10x_usart.o(i.USART_OverSampling8Cmd), (22 bytes).
    Removing stm32f10x_usart.o(i.USART_ReceiverWakeUpCmd), (24 bytes).
    Removing stm32f10x_usart.o(i.USART_SendBreak), (10 bytes).
    Removing stm32f10x_usart.o(i.USART_SetAddress), (18 bytes).
    Removing stm32f10x_usart.o(i.USART_SetGuardTime), (16 bytes).
    Removing stm32f10x_usart.o(i.USART_SetPrescaler), (16 bytes).
    Removing stm32f10x_usart.o(i.USART_SmartCardCmd), (24 bytes).
    Removing stm32f10x_usart.o(i.USART_SmartCardNACKCmd), (24 bytes).
    Removing stm32f10x_usart.o(i.USART_StructInit), (24 bytes).
    Removing stm32f10x_usart.o(i.USART_WakeUpConfig), (18 bytes).
    Removing stm32f10x_flash.o(.rev16_text), (4 bytes).
    Removing stm32f10x_flash.o(.revsh_text), (4 bytes).
    Removing stm32f10x_flash.o(.rrx_text), (6 bytes).
    Removing stm32f10x_flash.o(i.FLASH_ClearFlag), (12 bytes).
    Removing stm32f10x_flash.o(i.FLASH_EnableWriteProtection), (196 bytes).
    Removing stm32f10x_flash.o(i.FLASH_EraseAllBank1Pages), (72 bytes).
    Removing stm32f10x_flash.o(i.FLASH_EraseAllPages), (72 bytes).
    Removing stm32f10x_flash.o(i.FLASH_EraseOptionBytes), (168 bytes).
    Removing stm32f10x_flash.o(i.FLASH_ErasePage), (76 bytes).
    Removing stm32f10x_flash.o(i.FLASH_GetBank1Status), (52 bytes).
    Removing stm32f10x_flash.o(i.FLASH_GetFlagStatus), (48 bytes).
    Removing stm32f10x_flash.o(i.FLASH_GetPrefetchBufferStatus), (24 bytes).
    Removing stm32f10x_flash.o(i.FLASH_GetReadOutProtectionStatus), (24 bytes).
    Removing stm32f10x_flash.o(i.FLASH_GetStatus), (52 bytes).
    Removing stm32f10x_flash.o(i.FLASH_GetUserOptionByte), (12 bytes).
    Removing stm32f10x_flash.o(i.FLASH_GetWriteProtectionOptionByte), (12 bytes).
    Removing stm32f10x_flash.o(i.FLASH_HalfCycleAccessCmd), (28 bytes).
    Removing stm32f10x_flash.o(i.FLASH_ITConfig), (32 bytes).
    Removing stm32f10x_flash.o(i.FLASH_Lock), (20 bytes).
    Removing stm32f10x_flash.o(i.FLASH_LockBank1), (20 bytes).
    Removing stm32f10x_flash.o(i.FLASH_ProgramHalfWord), (64 bytes).
    Removing stm32f10x_flash.o(i.FLASH_ProgramOptionByteData), (84 bytes).
    Removing stm32f10x_flash.o(i.FLASH_ProgramWord), (108 bytes).
    Removing stm32f10x_flash.o(i.FLASH_ReadOutProtection), (172 bytes).
    Removing stm32f10x_flash.o(i.FLASH_Unlock), (24 bytes).
    Removing stm32f10x_flash.o(i.FLASH_UnlockBank1), (24 bytes).
    Removing stm32f10x_flash.o(i.FLASH_UserOptionByteConfig), (104 bytes).
    Removing stm32f10x_flash.o(i.FLASH_WaitForLastBank1Operation), (38 bytes).
    Removing stm32f10x_flash.o(i.FLASH_WaitForLastOperation), (38 bytes).

237 unused section(s) (total 7572 bytes) removed from the image.

==============================================================================

Image Symbol Table

    Local Symbols

    Symbol Name                              Value     Ov Type        Size  Object(Section)

    ../clib/angel/boardlib.s                 0x00000000   Number         0  boardshut.o ABSOLUTE
    ../clib/angel/boardlib.s                 0x00000000   Number         0  boardinit1.o ABSOLUTE
    ../clib/angel/boardlib.s                 0x00000000   Number         0  boardinit2.o ABSOLUTE
    ../clib/angel/boardlib.s                 0x00000000   Number         0  boardinit3.o ABSOLUTE
    ../clib/angel/handlers.s                 0x00000000   Number         0  __scatter_zi.o ABSOLUTE
    ../clib/angel/handlers.s                 0x00000000   Number         0  __scatter_copy.o ABSOLUTE
    ../clib/angel/kernel.s                   0x00000000   Number         0  rtexit.o ABSOLUTE
    ../clib/angel/kernel.s                   0x00000000   Number         0  __rtentry.o ABSOLUTE
    ../clib/angel/kernel.s                   0x00000000   Number         0  rtexit2.o ABSOLUTE
    ../clib/angel/kernel.s                   0x00000000   Number         0  __rtentry2.o ABSOLUTE
    ../clib/angel/kernel.s                   0x00000000   Number         0  __rtentry4.o ABSOLUTE
    ../clib/angel/rt.s                       0x00000000   Number         0  rt_raise.o ABSOLUTE
    ../clib/angel/scatter.s                  0x00000000   Number         0  __scatter.o ABSOLUTE
    ../clib/angel/startup.s                  0x00000000   Number         0  __main.o ABSOLUTE
    ../clib/angel/sys.s                      0x00000000   Number         0  libspace.o ABSOLUTE
    ../clib/angel/sys.s                      0x00000000   Number         0  use_no_semi.o ABSOLUTE
    ../clib/angel/sys.s                      0x00000000   Number         0  sys_stackheap_outer.o ABSOLUTE
    ../clib/angel/sys.s                      0x00000000   Number         0  indicate_semi.o ABSOLUTE
    ../clib/angel/sysapp.c                   0x00000000   Number         0  sys_wrch.o ABSOLUTE
    ../clib/angel/sysapp.c                   0x00000000   Number         0  sys_command.o ABSOLUTE
    ../clib/armsys.c                         0x00000000   Number         0  argv_veneer.o ABSOLUTE
    ../clib/armsys.c                         0x00000000   Number         0  argv_veneer.o ABSOLUTE
    ../clib/armsys.c                         0x00000000   Number         0  _get_argv_nomalloc.o ABSOLUTE
    ../clib/armsys.c                         0x00000000   Number         0  no_argv.o ABSOLUTE
    ../clib/heapalloc.c                      0x00000000   Number         0  hrguard.o ABSOLUTE
    ../clib/heapaux.c                        0x00000000   Number         0  heapauxi.o ABSOLUTE
    ../clib/libinit.s                        0x00000000   Number         0  libinit.o ABSOLUTE
    ../clib/libinit.s                        0x00000000   Number         0  libinit2.o ABSOLUTE
    ../clib/libinit.s                        0x00000000   Number         0  libshutdown.o ABSOLUTE
    ../clib/libinit.s                        0x00000000   Number         0  libshutdown2.o ABSOLUTE
    ../clib/memcpset.s                       0x00000000   Number         0  rt_memclr.o ABSOLUTE
    ../clib/memcpset.s                       0x00000000   Number         0  rt_memclr_w.o ABSOLUTE
    ../clib/printf.c                         0x00000000   Number         0  __printf_flags_ss_wp.o ABSOLUTE
    ../clib/printf.c                         0x00000000   Number         0  __printf_flags_wp.o ABSOLUTE
    ../clib/printf.c                         0x00000000   Number         0  __printf_wp.o ABSOLUTE
    ../clib/printf.c                         0x00000000   Number         0  __printf_flags_ss.o ABSOLUTE
    ../clib/printf.c                         0x00000000   Number         0  __printf_ss.o ABSOLUTE
    ../clib/printf.c                         0x00000000   Number         0  __printf_flags.o ABSOLUTE
    ../clib/printf.c                         0x00000000   Number         0  __printf.o ABSOLUTE
    ../clib/printf.c                         0x00000000   Number         0  noretval__2printf.o ABSOLUTE
    ../clib/printf.c                         0x00000000   Number         0  __2printf.o ABSOLUTE
    ../clib/printf.c                         0x00000000   Number         0  __printf_nopercent.o ABSOLUTE
    ../clib/printf.c                         0x00000000   Number         0  _printf_str.o ABSOLUTE
    ../clib/printf.c                         0x00000000   Number         0  _printf_char_file.o ABSOLUTE
    ../clib/printf.c                         0x00000000   Number         0  _printf_char_common.o ABSOLUTE
    ../clib/printf.c                         0x00000000   Number         0  _printf_char.o ABSOLUTE
    ../clib/printf.c                         0x00000000   Number         0  __printf_ss_wp.o ABSOLUTE
    ../clib/printf_percent.s                 0x00000000   Number         0  _printf_percent.o ABSOLUTE
    ../clib/printf_percent.s                 0x00000000   Number         0  _printf_percent_end.o ABSOLUTE
    ../clib/printf_percent.s                 0x00000000   Number         0  _printf_s.o ABSOLUTE
    ../clib/signal.c                         0x00000000   Number         0  defsig_abrt_inner.o ABSOLUTE
    ../clib/signal.c                         0x00000000   Number         0  defsig_rtred_inner.o ABSOLUTE
    ../clib/signal.c                         0x00000000   Number         0  defsig_rtmem_outer.o ABSOLUTE
    ../clib/signal.c                         0x00000000   Number         0  defsig_segv_inner.o ABSOLUTE
    ../clib/signal.c                         0x00000000   Number         0  defsig_other.o ABSOLUTE
    ../clib/signal.c                         0x00000000   Number         0  defsig_rtmem_inner.o ABSOLUTE
    ../clib/signal.c                         0x00000000   Number         0  defsig_general.o ABSOLUTE
    ../clib/signal.c                         0x00000000   Number         0  __raise.o ABSOLUTE
    ../clib/signal.c                         0x00000000   Number         0  defsig_fpe_inner.o ABSOLUTE
    ../clib/signal.c                         0x00000000   Number         0  defsig_exit.o ABSOLUTE
    ../clib/signal.c                         0x00000000   Number         0  defsig_stak_inner.o ABSOLUTE
    ../clib/signal.c                         0x00000000   Number         0  defsig_pvfn_inner.o ABSOLUTE
    ../clib/signal.c                         0x00000000   Number         0  defsig_cppl_inner.o ABSOLUTE
    ../clib/signal.c                         0x00000000   Number         0  defsig_rtmem_formal.o ABSOLUTE
    ../clib/signal.s                         0x00000000   Number         0  defsig.o ABSOLUTE
    ../clib/stdio.c                          0x00000000   Number         0  ferror.o ABSOLUTE
    ../clib/stdio.c                          0x00000000   Number         0  ferror_locked.o ABSOLUTE
    ../clib/stdlib.c                         0x00000000   Number         0  exit.o ABSOLUTE
    ../clib/string.c                         0x00000000   Number         0  strlen.o ABSOLUTE
    ../fplib/fpinit.s                        0x00000000   Number         0  fpinit.o ABSOLUTE
    ..\FWlib\src\misc.c                      0x00000000   Number         0  misc.o ABSOLUTE
    ..\FWlib\src\stm32f10x_exti.c            0x00000000   Number         0  stm32f10x_exti.o ABSOLUTE
    ..\FWlib\src\stm32f10x_flash.c           0x00000000   Number         0  stm32f10x_flash.o ABSOLUTE
    ..\FWlib\src\stm32f10x_gpio.c            0x00000000   Number         0  stm32f10x_gpio.o ABSOLUTE
    ..\FWlib\src\stm32f10x_rcc.c             0x00000000   Number         0  stm32f10x_rcc.o ABSOLUTE
    ..\FWlib\src\stm32f10x_tim.c             0x00000000   Number         0  stm32f10x_tim.o ABSOLUTE
    ..\FWlib\src\stm32f10x_usart.c           0x00000000   Number         0  stm32f10x_usart.o ABSOLUTE
    ..\\FWlib\\src\\misc.c                   0x00000000   Number         0  misc.o ABSOLUTE
    ..\\FWlib\\src\\stm32f10x_exti.c         0x00000000   Number         0  stm32f10x_exti.o ABSOLUTE
    ..\\FWlib\\src\\stm32f10x_flash.c        0x00000000   Number         0  stm32f10x_flash.o ABSOLUTE
    ..\\FWlib\\src\\stm32f10x_gpio.c         0x00000000   Number         0  stm32f10x_gpio.o ABSOLUTE
    ..\\FWlib\\src\\stm32f10x_rcc.c          0x00000000   Number         0  stm32f10x_rcc.o ABSOLUTE
    ..\\FWlib\\src\\stm32f10x_tim.c          0x00000000   Number         0  stm32f10x_tim.o ABSOLUTE
    ..\\FWlib\\src\\stm32f10x_usart.c        0x00000000   Number         0  stm32f10x_usart.o ABSOLUTE
    ..\\hardware\\MyBLE\\myble.c             0x00000000   Number         0  myble.o ABSOLUTE
    ..\\hardware\\MyGpio\\mygpio.c           0x00000000   Number         0  mygpio.o ABSOLUTE
    ..\\hardware\\MyKey\\mykey.c             0x00000000   Number         0  mykey.o ABSOLUTE
    ..\\hardware\\MyTimer\\mytimer.c         0x00000000   Number         0  mytimer.o ABSOLUTE
    ..\\hardware\\RCC\\sys_rcc.c             0x00000000   Number         0  sys_rcc.o ABSOLUTE
    ..\\hardware\\SysTick\\SysTick.c         0x00000000   Number         0  systick.o ABSOLUTE
    ..\\hardware\\USART\\usart_driver.c      0x00000000   Number         0  usart_driver.o ABSOLUTE
    ..\\system\\stm32f10x_it.c               0x00000000   Number         0  stm32f10x_it.o ABSOLUTE
    ..\\system\\system_stm32f10x.c           0x00000000   Number         0  system_stm32f10x.o ABSOLUTE
    ..\\user\\main.c                         0x00000000   Number         0  main.o ABSOLUTE
    ..\hardware\MyBLE\myble.c                0x00000000   Number         0  myble.o ABSOLUTE
    ..\hardware\MyGpio\mygpio.c              0x00000000   Number         0  mygpio.o ABSOLUTE
    ..\hardware\MyKey\mykey.c                0x00000000   Number         0  mykey.o ABSOLUTE
    ..\hardware\MyTimer\mytimer.c            0x00000000   Number         0  mytimer.o ABSOLUTE
    ..\hardware\RCC\sys_rcc.c                0x00000000   Number         0  sys_rcc.o ABSOLUTE
    ..\hardware\SysTick\SysTick.c            0x00000000   Number         0  systick.o ABSOLUTE
    ..\hardware\USART\usart_driver.c         0x00000000   Number         0  usart_driver.o ABSOLUTE
    ..\system\startup_stm32f10x_hd.s         0x00000000   Number         0  startup_stm32f10x_hd.o ABSOLUTE
    ..\system\stm32f10x_it.c                 0x00000000   Number         0  stm32f10x_it.o ABSOLUTE
    ..\system\system_stm32f10x.c             0x00000000   Number         0  system_stm32f10x.o ABSOLUTE
    ..\user\main.c                           0x00000000   Number         0  main.o ABSOLUTE
    dc.s                                     0x00000000   Number         0  dc.o ABSOLUTE
    RESET                                    0x08000000   Section      304  startup_stm32f10x_hd.o(RESET)
    !!!main                                  0x08000130   Section        8  __main.o(!!!main)
    !!!scatter                               0x08000138   Section       52  __scatter.o(!!!scatter)
    !!handler_copy                           0x0800016c   Section       26  __scatter_copy.o(!!handler_copy)
    !!handler_zi                             0x08000188   Section       28  __scatter_zi.o(!!handler_zi)
    .ARM.Collect$$_printf_percent$$00000000  0x080001a4   Section        0  _printf_percent.o(.ARM.Collect$$_printf_percent$$00000000)
    .ARM.Collect$$_printf_percent$$00000014  0x080001a4   Section        6  _printf_s.o(.ARM.Collect$$_printf_percent$$00000014)
    .ARM.Collect$$_printf_percent$$00000017  0x080001aa   Section        4  _printf_percent_end.o(.ARM.Collect$$_printf_percent$$00000017)
    .ARM.Collect$$libinit$$00000000          0x080001ae   Section        2  libinit.o(.ARM.Collect$$libinit$$00000000)
    .ARM.Collect$$libinit$$00000002          0x080001b0   Section        0  libinit2.o(.ARM.Collect$$libinit$$00000002)
    .ARM.Collect$$libinit$$00000004          0x080001b0   Section        0  libinit2.o(.ARM.Collect$$libinit$$00000004)
    .ARM.Collect$$libinit$$0000000A          0x080001b0   Section        0  libinit2.o(.ARM.Collect$$libinit$$0000000A)
    .ARM.Collect$$libinit$$0000000C          0x080001b0   Section        0  libinit2.o(.ARM.Collect$$libinit$$0000000C)
    .ARM.Collect$$libinit$$0000000E          0x080001b0   Section        0  libinit2.o(.ARM.Collect$$libinit$$0000000E)
    .ARM.Collect$$libinit$$00000011          0x080001b0   Section        0  libinit2.o(.ARM.Collect$$libinit$$00000011)
    .ARM.Collect$$libinit$$00000013          0x080001b0   Section        0  libinit2.o(.ARM.Collect$$libinit$$00000013)
    .ARM.Collect$$libinit$$00000015          0x080001b0   Section        0  libinit2.o(.ARM.Collect$$libinit$$00000015)
    .ARM.Collect$$libinit$$00000017          0x080001b0   Section        0  libinit2.o(.ARM.Collect$$libinit$$00000017)
    .ARM.Collect$$libinit$$00000019          0x080001b0   Section        0  libinit2.o(.ARM.Collect$$libinit$$00000019)
    .ARM.Collect$$libinit$$0000001B          0x080001b0   Section        0  libinit2.o(.ARM.Collect$$libinit$$0000001B)
    .ARM.Collect$$libinit$$0000001D          0x080001b0   Section        0  libinit2.o(.ARM.Collect$$libinit$$0000001D)
    .ARM.Collect$$libinit$$0000001F          0x080001b0   Section        0  libinit2.o(.ARM.Collect$$libinit$$0000001F)
    .ARM.Collect$$libinit$$00000021          0x080001b0   Section        0  libinit2.o(.ARM.Collect$$libinit$$00000021)
    .ARM.Collect$$libinit$$00000023          0x080001b0   Section        0  libinit2.o(.ARM.Collect$$libinit$$00000023)
    .ARM.Collect$$libinit$$00000025          0x080001b0   Section        0  libinit2.o(.ARM.Collect$$libinit$$00000025)
    .ARM.Collect$$libinit$$0000002C          0x080001b0   Section        0  libinit2.o(.ARM.Collect$$libinit$$0000002C)
    .ARM.Collect$$libinit$$0000002E          0x080001b0   Section        0  libinit2.o(.ARM.Collect$$libinit$$0000002E)
    .ARM.Collect$$libinit$$00000030          0x080001b0   Section        0  libinit2.o(.ARM.Collect$$libinit$$00000030)
    .ARM.Collect$$libinit$$00000032          0x080001b0   Section        0  libinit2.o(.ARM.Collect$$libinit$$00000032)
    .ARM.Collect$$libinit$$00000033          0x080001b0   Section        2  libinit2.o(.ARM.Collect$$libinit$$00000033)
    .ARM.Collect$$libshutdown$$00000000      0x080001b2   Section        2  libshutdown.o(.ARM.Collect$$libshutdown$$00000000)
    .ARM.Collect$$libshutdown$$00000003      0x080001b4   Section        0  libshutdown2.o(.ARM.Collect$$libshutdown$$00000003)
    .ARM.Collect$$libshutdown$$00000006      0x080001b4   Section        0  libshutdown2.o(.ARM.Collect$$libshutdown$$00000006)
    .ARM.Collect$$libshutdown$$00000009      0x080001b4   Section        0  libshutdown2.o(.ARM.Collect$$libshutdown$$00000009)
    .ARM.Collect$$libshutdown$$0000000B      0x080001b4   Section        0  libshutdown2.o(.ARM.Collect$$libshutdown$$0000000B)
    .ARM.Collect$$libshutdown$$0000000E      0x080001b4   Section        0  libshutdown2.o(.ARM.Collect$$libshutdown$$0000000E)
    .ARM.Collect$$libshutdown$$0000000F      0x080001b4   Section        2  libshutdown2.o(.ARM.Collect$$libshutdown$$0000000F)
    .ARM.Collect$$rtentry$$00000000          0x080001b6   Section        0  __rtentry.o(.ARM.Collect$$rtentry$$00000000)
    .ARM.Collect$$rtentry$$00000002          0x080001b6   Section        0  __rtentry2.o(.ARM.Collect$$rtentry$$00000002)
    .ARM.Collect$$rtentry$$00000004          0x080001b6   Section        6  __rtentry4.o(.ARM.Collect$$rtentry$$00000004)
    .ARM.Collect$$rtentry$$00000009          0x080001bc   Section        0  __rtentry2.o(.ARM.Collect$$rtentry$$00000009)
    .ARM.Collect$$rtentry$$0000000A          0x080001bc   Section        4  __rtentry2.o(.ARM.Collect$$rtentry$$0000000A)
    .ARM.Collect$$rtentry$$0000000C          0x080001c0   Section        0  __rtentry2.o(.ARM.Collect$$rtentry$$0000000C)
    .ARM.Collect$$rtentry$$0000000D          0x080001c0   Section        8  __rtentry2.o(.ARM.Collect$$rtentry$$0000000D)
    .ARM.Collect$$rtexit$$00000000           0x080001c8   Section        2  rtexit.o(.ARM.Collect$$rtexit$$00000000)
    .ARM.Collect$$rtexit$$00000002           0x080001ca   Section        0  rtexit2.o(.ARM.Collect$$rtexit$$00000002)
    .ARM.Collect$$rtexit$$00000003           0x080001ca   Section        4  rtexit2.o(.ARM.Collect$$rtexit$$00000003)
    .ARM.Collect$$rtexit$$00000004           0x080001ce   Section        6  rtexit2.o(.ARM.Collect$$rtexit$$00000004)
    .text                                    0x080001d4   Section       64  startup_stm32f10x_hd.o(.text)
    .text                                    0x08000214   Section        2  use_no_semi.o(.text)
    .text                                    0x08000218   Section        0  noretval__2printf.o(.text)
    .text                                    0x08000230   Section        0  __printf.o(.text)
    .text                                    0x08000298   Section        0  _printf_str.o(.text)
    .text                                    0x080002ea   Section        0  strlen.o(.text)
    .text                                    0x08000328   Section       68  rt_memclr.o(.text)
    .text                                    0x0800036c   Section        0  heapauxi.o(.text)
    .text                                    0x08000372   Section        0  _printf_char.o(.text)
    .text                                    0x080003a0   Section        0  _printf_char_file.o(.text)
    .text                                    0x080003c4   Section       78  rt_memclr_w.o(.text)
    .text                                    0x08000414   Section        0  _printf_char_common.o(.text)
    _printf_input_char                       0x08000415   Thumb Code    10  _printf_char_common.o(.text)
    .text                                    0x08000444   Section        0  ferror.o(.text)
    .text                                    0x0800044c   Section       74  sys_stackheap_outer.o(.text)
    .text                                    0x08000496   Section        0  exit.o(.text)
    .text                                    0x080004a4   Section        8  libspace.o(.text)
    i.BusFault_Handler                       0x080004ac   Section        0  stm32f10x_it.o(i.BusFault_Handler)
    i.CalCRC                                 0x080004b0   Section        0  myble.o(i.CalCRC)
    i.DebugMon_Handler                       0x080004cc   Section        0  stm32f10x_it.o(i.DebugMon_Handler)
    i.EXTI0_IRQHandler                       0x080004d0   Section        0  stm32f10x_it.o(i.EXTI0_IRQHandler)
    i.EXTI15_10_IRQHandler                   0x08000500   Section        0  stm32f10x_it.o(i.EXTI15_10_IRQHandler)
    i.EXTI2_IRQHandler                       0x08000502   Section        0  stm32f10x_it.o(i.EXTI2_IRQHandler)
    i.EXTI4_IRQHandler                       0x08000504   Section        0  stm32f10x_it.o(i.EXTI4_IRQHandler)
    i.EXTI9_5_IRQHandler                     0x08000506   Section        0  stm32f10x_it.o(i.EXTI9_5_IRQHandler)
    i.EXTI_ClearFlag                         0x08000508   Section        0  stm32f10x_exti.o(i.EXTI_ClearFlag)
    i.EXTI_GetFlagStatus                     0x08000514   Section        0  stm32f10x_exti.o(i.EXTI_GetFlagStatus)
    i.EXTI_Init                              0x0800052c   Section        0  stm32f10x_exti.o(i.EXTI_Init)
    i.FLASH_PrefetchBufferCmd                0x080005c0   Section        0  stm32f10x_flash.o(i.FLASH_PrefetchBufferCmd)
    i.FLASH_SetLatency                       0x080005dc   Section        0  stm32f10x_flash.o(i.FLASH_SetLatency)
    i.GPIO_EXTILineConfig                    0x080005f4   Section        0  stm32f10x_gpio.o(i.GPIO_EXTILineConfig)
    i.GPIO_Init                              0x08000634   Section        0  stm32f10x_gpio.o(i.GPIO_Init)
    i.GPIO_PinRemapConfig                    0x0800074c   Section        0  stm32f10x_gpio.o(i.GPIO_PinRemapConfig)
    i.GPIO_SetBits                           0x080007dc   Section        0  stm32f10x_gpio.o(i.GPIO_SetBits)
    i.HardFault_Handler                      0x080007e0   Section        0  stm32f10x_it.o(i.HardFault_Handler)
    i.InitKey1                               0x080007e4   Section        0  mykey.o(i.InitKey1)
    i.InitLedGpio                            0x08000854   Section        0  mygpio.o(i.InitLedGpio)
    i.InitMyTimer3                           0x08000884   Section        0  mytimer.o(i.InitMyTimer3)
    i.InitPwmLedGpio                         0x0800096c   Section        0  mygpio.o(i.InitPwmLedGpio)
    i.MemManage_Handler                      0x080009c0   Section        0  stm32f10x_it.o(i.MemManage_Handler)
    i.NMI_Handler                            0x080009c4   Section        0  stm32f10x_it.o(i.NMI_Handler)
    i.NVIC_Init                              0x080009c8   Section        0  misc.o(i.NVIC_Init)
    i.NVIC_PriorityGroupConfig               0x08000a38   Section        0  misc.o(i.NVIC_PriorityGroupConfig)
    i.PendSV_Handler                         0x08000a4c   Section        0  stm32f10x_it.o(i.PendSV_Handler)
    i.RCC_APB1PeriphClockCmd                 0x08000a50   Section        0  stm32f10x_rcc.o(i.RCC_APB1PeriphClockCmd)
    i.RCC_APB1PeriphResetCmd                 0x08000a70   Section        0  stm32f10x_rcc.o(i.RCC_APB1PeriphResetCmd)
    i.RCC_APB2PeriphClockCmd                 0x08000a90   Section        0  stm32f10x_rcc.o(i.RCC_APB2PeriphClockCmd)
    i.RCC_APB2PeriphResetCmd                 0x08000ab0   Section        0  stm32f10x_rcc.o(i.RCC_APB2PeriphResetCmd)
    i.RCC_Configuration                      0x08000ad0   Section        0  sys_rcc.o(i.RCC_Configuration)
    i.RCC_DeInit                             0x08000b34   Section        0  stm32f10x_rcc.o(i.RCC_DeInit)
    i.RCC_GetClocksFreq                      0x08000b80   Section        0  stm32f10x_rcc.o(i.RCC_GetClocksFreq)
    i.RCC_GetFlagStatus                      0x08000c54   Section        0  stm32f10x_rcc.o(i.RCC_GetFlagStatus)
    i.RCC_GetSYSCLKSource                    0x08000c90   Section        0  stm32f10x_rcc.o(i.RCC_GetSYSCLKSource)
    i.RCC_HCLKConfig                         0x08000ca0   Section        0  stm32f10x_rcc.o(i.RCC_HCLKConfig)
    i.RCC_HSEConfig                          0x08000cb8   Section        0  stm32f10x_rcc.o(i.RCC_HSEConfig)
    i.RCC_PCLK1Config                        0x08000d04   Section        0  stm32f10x_rcc.o(i.RCC_PCLK1Config)
    i.RCC_PCLK2Config                        0x08000d1c   Section        0  stm32f10x_rcc.o(i.RCC_PCLK2Config)
    i.RCC_PLLCmd                             0x08000d34   Section        0  stm32f10x_rcc.o(i.RCC_PLLCmd)
    i.RCC_PLLConfig                          0x08000d40   Section        0  stm32f10x_rcc.o(i.RCC_PLLConfig)
    i.RCC_SYSCLKConfig                       0x08000d5c   Section        0  stm32f10x_rcc.o(i.RCC_SYSCLKConfig)
    i.RCC_WaitForHSEStartUp                  0x08000d74   Section        0  stm32f10x_rcc.o(i.RCC_WaitForHSEStartUp)
    i.RTCAlarm_IRQHandler                    0x08000dac   Section        0  stm32f10x_it.o(i.RTCAlarm_IRQHandler)
    i.RTC_IRQHandler                         0x08000dae   Section        0  stm32f10x_it.o(i.RTC_IRQHandler)
    i.SPI1_IRQHandler                        0x08000db0   Section        0  stm32f10x_it.o(i.SPI1_IRQHandler)
    i.SVC_Handler                            0x08000db2   Section        0  stm32f10x_it.o(i.SVC_Handler)
    i.SendBleATCmd                           0x08000db4   Section        0  myble.o(i.SendBleATCmd)
    i.SetSysClock                            0x08000e08   Section        0  system_stm32f10x.o(i.SetSysClock)
    SetSysClock                              0x08000e09   Thumb Code     8  system_stm32f10x.o(i.SetSysClock)
    i.SetSysClockTo72                        0x08000e10   Section        0  system_stm32f10x.o(i.SetSysClockTo72)
    SetSysClockTo72                          0x08000e11   Thumb Code   214  system_stm32f10x.o(i.SetSysClockTo72)
    i.SysTick_Handler                        0x08000ef0   Section        0  stm32f10x_it.o(i.SysTick_Handler)
    i.SysTick_init                           0x08000ef4   Section        0  systick.o(i.SysTick_init)
    i.SystemInit                             0x08000f34   Section        0  system_stm32f10x.o(i.SystemInit)
    i.TIM2_IRQHandler                        0x08000f94   Section        0  stm32f10x_it.o(i.TIM2_IRQHandler)
    i.TIM3_IRQHandler                        0x08000fec   Section        0  stm32f10x_it.o(i.TIM3_IRQHandler)
    i.UASRT_NVIC_Configuration               0x08001044   Section        0  usart_driver.o(i.UASRT_NVIC_Configuration)
    i.USART1_Config                          0x08001088   Section        0  usart_driver.o(i.USART1_Config)
    i.USART1_IRQHandler                      0x08001120   Section        0  stm32f10x_it.o(i.USART1_IRQHandler)
    i.USART3_Config                          0x0800115c   Section        0  usart_driver.o(i.USART3_Config)
    i.USART3_IRQHandler                      0x080011f0   Section        0  stm32f10x_it.o(i.USART3_IRQHandler)
    i.USART_ClearITPendingBit                0x0800122c   Section        0  stm32f10x_usart.o(i.USART_ClearITPendingBit)
    i.USART_Cmd                              0x0800124a   Section        0  stm32f10x_usart.o(i.USART_Cmd)
    i.USART_DeInit                           0x08001264   Section        0  stm32f10x_usart.o(i.USART_DeInit)
    i.USART_GetFlagStatus                    0x08001300   Section        0  stm32f10x_usart.o(i.USART_GetFlagStatus)
    i.USART_GetITStatus                      0x0800131a   Section        0  stm32f10x_usart.o(i.USART_GetITStatus)
    i.USART_ITConfig                         0x0800136e   Section        0  stm32f10x_usart.o(i.USART_ITConfig)
    i.USART_Init                             0x080013b8   Section        0  stm32f10x_usart.o(i.USART_Init)
    i.USART_InitConfig                       0x08001490   Section        0  usart_driver.o(i.USART_InitConfig)
    i.USART_ReceiveData                      0x080014a0   Section        0  stm32f10x_usart.o(i.USART_ReceiveData)
    i.USART_SendData                         0x080014aa   Section        0  stm32f10x_usart.o(i.USART_SendData)
    i.UsageFault_Handler                     0x080014b2   Section        0  stm32f10x_it.o(i.UsageFault_Handler)
    i._sys_exit                              0x080014b6   Section        0  usart_driver.o(i._sys_exit)
    i.delay_ms                               0x080014bc   Section        0  systick.o(i.delay_ms)
    i.fputc                                  0x080014f8   Section        0  usart_driver.o(i.fputc)
    i.main                                   0x0800151c   Section        0  main.o(i.main)
    i.setRGBPwmWidth                         0x08001614   Section        0  mytimer.o(i.setRGBPwmWidth)
    i.usart1_getc                            0x08001628   Section        0  usart_driver.o(i.usart1_getc)
    i.usart3_getc                            0x0800164c   Section        0  usart_driver.o(i.usart3_getc)
    i.usart3_putc                            0x08001670   Section        0  usart_driver.o(i.usart3_putc)
    i.usart3_putstr                          0x08001694   Section        0  usart_driver.o(i.usart3_putstr)
    .data                                    0x20000000   Section       10  main.o(.data)
    .data                                    0x2000000a   Section        4  systick.o(.data)
    fac_us                                   0x2000000a   Data           1  systick.o(.data)
    fac_ms                                   0x2000000c   Data           2  systick.o(.data)
    .data                                    0x20000010   Section        4  usart_driver.o(.data)
    .data                                    0x20000014   Section       12  stm32f10x_it.o(.data)
    .data                                    0x20000020   Section       20  stm32f10x_rcc.o(.data)
    APBAHBPrescTable                         0x20000020   Data          16  stm32f10x_rcc.o(.data)
    ADCPrescTable                            0x20000030   Data           4  stm32f10x_rcc.o(.data)
    .bss                                     0x20000034   Section      256  stm32f10x_it.o(.bss)
    .bss                                     0x20000134   Section       96  libspace.o(.bss)
    HEAP                                     0x20000198   Section      512  startup_stm32f10x_hd.o(HEAP)
    Heap_Mem                                 0x20000198   Data         512  startup_stm32f10x_hd.o(HEAP)
    STACK                                    0x20000398   Section     1024  startup_stm32f10x_hd.o(STACK)
    Stack_Mem                                0x20000398   Data        1024  startup_stm32f10x_hd.o(STACK)
    __initial_sp                             0x20000798   Data           0  startup_stm32f10x_hd.o(STACK)

    Global Symbols

    Symbol Name                              Value     Ov Type        Size  Object(Section)

    BuildAttributes$$THM_ISAv4$P$D$K$B$S$PE$A:L22UL41UL21$X:L11$S22US41US21$IEEE1$IW$USESV6$~STKCKD$USESV7$~SHL$OSPACE$ROPI$EBA8$UX$STANDARDLIB$REQ8$PRES8$EABIv2 0x00000000   Number         0  anon$$obj.o ABSOLUTE
    __ARM_use_no_argv                        0x00000000   Number         0  main.o ABSOLUTE
    __ARM_exceptions_init                     - Undefined Weak Reference
    __alloca_initialize                       - Undefined Weak Reference
    __arm_preinit_                            - Undefined Weak Reference
    __cpp_initialize__aeabi_                  - Undefined Weak Reference
    __cxa_finalize                            - Undefined Weak Reference
    __rt_locale                               - Undefined Weak Reference
    __sigvec_lookup                           - Undefined Weak Reference
    _atexit_init                              - Undefined Weak Reference
    _call_atexit_fns                          - Undefined Weak Reference
    _clock_init                               - Undefined Weak Reference
    _fp_trap_init                             - Undefined Weak Reference
    _fp_trap_shutdown                         - Undefined Weak Reference
    _get_lc_collate                           - Undefined Weak Reference
    _get_lc_ctype                             - Undefined Weak Reference
    _get_lc_monetary                          - Undefined Weak Reference
    _get_lc_numeric                           - Undefined Weak Reference
    _get_lc_time                              - Undefined Weak Reference
    _getenv_init                              - Undefined Weak Reference
    _handle_redirection                       - Undefined Weak Reference
    _init_alloc                               - Undefined Weak Reference
    _init_user_alloc                          - Undefined Weak Reference
    _initio                                   - Undefined Weak Reference
    _mutex_acquire                            - Undefined Weak Reference
    _mutex_release                            - Undefined Weak Reference
    _printf_mbtowc                            - Undefined Weak Reference
    _printf_post_padding                      - Undefined Weak Reference
    _printf_pre_padding                       - Undefined Weak Reference
    _rand_init                                - Undefined Weak Reference
    _signal_finish                            - Undefined Weak Reference
    _signal_init                              - Undefined Weak Reference
    _terminate_alloc                          - Undefined Weak Reference
    _terminate_user_alloc                     - Undefined Weak Reference
    _terminateio                              - Undefined Weak Reference
    __Vectors_Size                           0x00000130   Number         0  startup_stm32f10x_hd.o ABSOLUTE
    __Vectors                                0x08000000   Data           4  startup_stm32f10x_hd.o(RESET)
    __Vectors_End                            0x08000130   Data           0  startup_stm32f10x_hd.o(RESET)
    __main                                   0x08000131   Thumb Code     8  __main.o(!!!main)
    __scatterload                            0x08000139   Thumb Code     0  __scatter.o(!!!scatter)
    __scatterload_rt2                        0x08000139   Thumb Code    44  __scatter.o(!!!scatter)
    __scatterload_rt2_thumb_only             0x08000139   Thumb Code     0  __scatter.o(!!!scatter)
    __scatterload_null                       0x08000147   Thumb Code     0  __scatter.o(!!!scatter)
    __scatterload_copy                       0x0800016d   Thumb Code    26  __scatter_copy.o(!!handler_copy)
    __scatterload_zeroinit                   0x08000189   Thumb Code    28  __scatter_zi.o(!!handler_zi)
    _printf_percent                          0x080001a5   Thumb Code     0  _printf_percent.o(.ARM.Collect$$_printf_percent$$00000000)
    _printf_s                                0x080001a5   Thumb Code     0  _printf_s.o(.ARM.Collect$$_printf_percent$$00000014)
    _printf_percent_end                      0x080001ab   Thumb Code     0  _printf_percent_end.o(.ARM.Collect$$_printf_percent$$00000017)
    __rt_lib_init                            0x080001af   Thumb Code     0  libinit.o(.ARM.Collect$$libinit$$00000000)
    __rt_lib_init_alloca_1                   0x080001b1   Thumb Code     0  libinit2.o(.ARM.Collect$$libinit$$0000002E)
    __rt_lib_init_argv_1                     0x080001b1   Thumb Code     0  libinit2.o(.ARM.Collect$$libinit$$0000002C)
    __rt_lib_init_atexit_1                   0x080001b1   Thumb Code     0  libinit2.o(.ARM.Collect$$libinit$$0000001B)
    __rt_lib_init_clock_1                    0x080001b1   Thumb Code     0  libinit2.o(.ARM.Collect$$libinit$$00000021)
    __rt_lib_init_cpp_1                      0x080001b1   Thumb Code     0  libinit2.o(.ARM.Collect$$libinit$$00000032)
    __rt_lib_init_exceptions_1               0x080001b1   Thumb Code     0  libinit2.o(.ARM.Collect$$libinit$$00000030)
    __rt_lib_init_fp_1                       0x080001b1   Thumb Code     0  libinit2.o(.ARM.Collect$$libinit$$00000002)
    __rt_lib_init_fp_trap_1                  0x080001b1   Thumb Code     0  libinit2.o(.ARM.Collect$$libinit$$0000001F)
    __rt_lib_init_getenv_1                   0x080001b1   Thumb Code     0  libinit2.o(.ARM.Collect$$libinit$$00000023)
    __rt_lib_init_heap_1                     0x080001b1   Thumb Code     0  libinit2.o(.ARM.Collect$$libinit$$0000000A)
    __rt_lib_init_lc_collate_1               0x080001b1   Thumb Code     0  libinit2.o(.ARM.Collect$$libinit$$00000011)
    __rt_lib_init_lc_ctype_1                 0x080001b1   Thumb Code     0  libinit2.o(.ARM.Collect$$libinit$$00000013)
    __rt_lib_init_lc_monetary_1              0x080001b1   Thumb Code     0  libinit2.o(.ARM.Collect$$libinit$$00000015)
    __rt_lib_init_lc_numeric_1               0x080001b1   Thumb Code     0  libinit2.o(.ARM.Collect$$libinit$$00000017)
    __rt_lib_init_lc_time_1                  0x080001b1   Thumb Code     0  libinit2.o(.ARM.Collect$$libinit$$00000019)
    __rt_lib_init_preinit_1                  0x080001b1   Thumb Code     0  libinit2.o(.ARM.Collect$$libinit$$00000004)
    __rt_lib_init_rand_1                     0x080001b1   Thumb Code     0  libinit2.o(.ARM.Collect$$libinit$$0000000E)
    __rt_lib_init_return                     0x080001b1   Thumb Code     0  libinit2.o(.ARM.Collect$$libinit$$00000033)
    __rt_lib_init_signal_1                   0x080001b1   Thumb Code     0  libinit2.o(.ARM.Collect$$libinit$$0000001D)
    __rt_lib_init_stdio_1                    0x080001b1   Thumb Code     0  libinit2.o(.ARM.Collect$$libinit$$00000025)
    __rt_lib_init_user_alloc_1               0x080001b1   Thumb Code     0  libinit2.o(.ARM.Collect$$libinit$$0000000C)
    __rt_lib_shutdown                        0x080001b3   Thumb Code     0  libshutdown.o(.ARM.Collect$$libshutdown$$00000000)
    __rt_lib_shutdown_fp_trap_1              0x080001b5   Thumb Code     0  libshutdown2.o(.ARM.Collect$$libshutdown$$00000006)
    __rt_lib_shutdown_heap_1                 0x080001b5   Thumb Code     0  libshutdown2.o(.ARM.Collect$$libshutdown$$0000000E)
    __rt_lib_shutdown_return                 0x080001b5   Thumb Code     0  libshutdown2.o(.ARM.Collect$$libshutdown$$0000000F)
    __rt_lib_shutdown_signal_1               0x080001b5   Thumb Code     0  libshutdown2.o(.ARM.Collect$$libshutdown$$00000009)
    __rt_lib_shutdown_stdio_1                0x080001b5   Thumb Code     0  libshutdown2.o(.ARM.Collect$$libshutdown$$00000003)
    __rt_lib_shutdown_user_alloc_1           0x080001b5   Thumb Code     0  libshutdown2.o(.ARM.Collect$$libshutdown$$0000000B)
    __rt_entry                               0x080001b7   Thumb Code     0  __rtentry.o(.ARM.Collect$$rtentry$$00000000)
    __rt_entry_presh_1                       0x080001b7   Thumb Code     0  __rtentry2.o(.ARM.Collect$$rtentry$$00000002)
    __rt_entry_sh                            0x080001b7   Thumb Code     0  __rtentry4.o(.ARM.Collect$$rtentry$$00000004)
    __rt_entry_li                            0x080001bd   Thumb Code     0  __rtentry2.o(.ARM.Collect$$rtentry$$0000000A)
    __rt_entry_postsh_1                      0x080001bd   Thumb Code     0  __rtentry2.o(.ARM.Collect$$rtentry$$00000009)
    __rt_entry_main                          0x080001c1   Thumb Code     0  __rtentry2.o(.ARM.Collect$$rtentry$$0000000D)
    __rt_entry_postli_1                      0x080001c1   Thumb Code     0  __rtentry2.o(.ARM.Collect$$rtentry$$0000000C)
    __rt_exit                                0x080001c9   Thumb Code     0  rtexit.o(.ARM.Collect$$rtexit$$00000000)
    __rt_exit_ls                             0x080001cb   Thumb Code     0  rtexit2.o(.ARM.Collect$$rtexit$$00000003)
    __rt_exit_prels_1                        0x080001cb   Thumb Code     0  rtexit2.o(.ARM.Collect$$rtexit$$00000002)
    __rt_exit_exit                           0x080001cf   Thumb Code     0  rtexit2.o(.ARM.Collect$$rtexit$$00000004)
    Reset_Handler                            0x080001d5   Thumb Code     8  startup_stm32f10x_hd.o(.text)
    ADC1_2_IRQHandler                        0x080001ef   Thumb Code     0  startup_stm32f10x_hd.o(.text)
    ADC3_IRQHandler                          0x080001ef   Thumb Code     0  startup_stm32f10x_hd.o(.text)
    CAN1_RX1_IRQHandler                      0x080001ef   Thumb Code     0  startup_stm32f10x_hd.o(.text)
    CAN1_SCE_IRQHandler                      0x080001ef   Thumb Code     0  startup_stm32f10x_hd.o(.text)
    DMA1_Channel1_IRQHandler                 0x080001ef   Thumb Code     0  startup_stm32f10x_hd.o(.text)
    DMA1_Channel2_IRQHandler                 0x080001ef   Thumb Code     0  startup_stm32f10x_hd.o(.text)
    DMA1_Channel3_IRQHandler                 0x080001ef   Thumb Code     0  startup_stm32f10x_hd.o(.text)
    DMA1_Channel4_IRQHandler                 0x080001ef   Thumb Code     0  startup_stm32f10x_hd.o(.text)
    DMA1_Channel5_IRQHandler                 0x080001ef   Thumb Code     0  startup_stm32f10x_hd.o(.text)
    DMA1_Channel6_IRQHandler                 0x080001ef   Thumb Code     0  startup_stm32f10x_hd.o(.text)
    DMA1_Channel7_IRQHandler                 0x080001ef   Thumb Code     0  startup_stm32f10x_hd.o(.text)
    DMA2_Channel1_IRQHandler                 0x080001ef   Thumb Code     0  startup_stm32f10x_hd.o(.text)
    DMA2_Channel2_IRQHandler                 0x080001ef   Thumb Code     0  startup_stm32f10x_hd.o(.text)
    DMA2_Channel3_IRQHandler                 0x080001ef   Thumb Code     0  startup_stm32f10x_hd.o(.text)
    DMA2_Channel4_5_IRQHandler               0x080001ef   Thumb Code     0  startup_stm32f10x_hd.o(.text)
    EXTI1_IRQHandler                         0x080001ef   Thumb Code     0  startup_stm32f10x_hd.o(.text)
    EXTI3_IRQHandler                         0x080001ef   Thumb Code     0  startup_stm32f10x_hd.o(.text)
    FLASH_IRQHandler                         0x080001ef   Thumb Code     0  startup_stm32f10x_hd.o(.text)
    FSMC_IRQHandler                          0x080001ef   Thumb Code     0  startup_stm32f10x_hd.o(.text)
    I2C1_ER_IRQHandler                       0x080001ef   Thumb Code     0  startup_stm32f10x_hd.o(.text)
    I2C1_EV_IRQHandler                       0x080001ef   Thumb Code     0  startup_stm32f10x_hd.o(.text)
    I2C2_ER_IRQHandler                       0x080001ef   Thumb Code     0  startup_stm32f10x_hd.o(.text)
    I2C2_EV_IRQHandler                       0x080001ef   Thumb Code     0  startup_stm32f10x_hd.o(.text)
    PVD_IRQHandler                           0x080001ef   Thumb Code     0  startup_stm32f10x_hd.o(.text)
    RCC_IRQHandler                           0x080001ef   Thumb Code     0  startup_stm32f10x_hd.o(.text)
    SDIO_IRQHandler                          0x080001ef   Thumb Code     0  startup_stm32f10x_hd.o(.text)
    SPI2_IRQHandler                          0x080001ef   Thumb Code     0  startup_stm32f10x_hd.o(.text)
    SPI3_IRQHandler                          0x080001ef   Thumb Code     0  startup_stm32f10x_hd.o(.text)
    TAMPER_IRQHandler                        0x080001ef   Thumb Code     0  startup_stm32f10x_hd.o(.text)
    TIM1_BRK_IRQHandler                      0x080001ef   Thumb Code     0  startup_stm32f10x_hd.o(.text)
    TIM1_CC_IRQHandler                       0x080001ef   Thumb Code     0  startup_stm32f10x_hd.o(.text)
    TIM1_TRG_COM_IRQHandler                  0x080001ef   Thumb Code     0  startup_stm32f10x_hd.o(.text)
    TIM1_UP_IRQHandler                       0x080001ef   Thumb Code     0  startup_stm32f10x_hd.o(.text)
    TIM4_IRQHandler                          0x080001ef   Thumb Code     0  startup_stm32f10x_hd.o(.text)
    TIM5_IRQHandler                          0x080001ef   Thumb Code     0  startup_stm32f10x_hd.o(.text)
    TIM6_IRQHandler                          0x080001ef   Thumb Code     0  startup_stm32f10x_hd.o(.text)
    TIM7_IRQHandler                          0x080001ef   Thumb Code     0  startup_stm32f10x_hd.o(.text)
    TIM8_BRK_IRQHandler                      0x080001ef   Thumb Code     0  startup_stm32f10x_hd.o(.text)
    TIM8_CC_IRQHandler                       0x080001ef   Thumb Code     0  startup_stm32f10x_hd.o(.text)
    TIM8_TRG_COM_IRQHandler                  0x080001ef   Thumb Code     0  startup_stm32f10x_hd.o(.text)
    TIM8_UP_IRQHandler                       0x080001ef   Thumb Code     0  startup_stm32f10x_hd.o(.text)
    UART4_IRQHandler                         0x080001ef   Thumb Code     0  startup_stm32f10x_hd.o(.text)
    UART5_IRQHandler                         0x080001ef   Thumb Code     0  startup_stm32f10x_hd.o(.text)
    USART2_IRQHandler                        0x080001ef   Thumb Code     0  startup_stm32f10x_hd.o(.text)
    USBWakeUp_IRQHandler                     0x080001ef   Thumb Code     0  startup_stm32f10x_hd.o(.text)
    USB_HP_CAN1_TX_IRQHandler                0x080001ef   Thumb Code     0  startup_stm32f10x_hd.o(.text)
    USB_LP_CAN1_RX0_IRQHandler               0x080001ef   Thumb Code     0  startup_stm32f10x_hd.o(.text)
    WWDG_IRQHandler                          0x080001ef   Thumb Code     0  startup_stm32f10x_hd.o(.text)
    __user_initial_stackheap                 0x080001f1   Thumb Code     0  startup_stm32f10x_hd.o(.text)
    __I$use$semihosting                      0x08000215   Thumb Code     0  use_no_semi.o(.text)
    __use_no_semihosting_swi                 0x08000215   Thumb Code     2  use_no_semi.o(.text)
    __2printf                                0x08000219   Thumb Code    20  noretval__2printf.o(.text)
    __printf                                 0x08000231   Thumb Code   104  __printf.o(.text)
    _printf_str                              0x08000299   Thumb Code    82  _printf_str.o(.text)
    strlen                                   0x080002eb   Thumb Code    62  strlen.o(.text)
    __aeabi_memclr                           0x08000329   Thumb Code     0  rt_memclr.o(.text)
    __rt_memclr                              0x08000329   Thumb Code    68  rt_memclr.o(.text)
    _memset                                  0x0800032d   Thumb Code     0  rt_memclr.o(.text)
    __use_two_region_memory                  0x0800036d   Thumb Code     2  heapauxi.o(.text)
    __rt_heap_escrow$2region                 0x0800036f   Thumb Code     2  heapauxi.o(.text)
    __rt_heap_expand$2region                 0x08000371   Thumb Code     2  heapauxi.o(.text)
    _printf_cs_common                        0x08000373   Thumb Code    20  _printf_char.o(.text)
    _printf_char                             0x08000387   Thumb Code    16  _printf_char.o(.text)
    _printf_string                           0x08000397   Thumb Code     8  _printf_char.o(.text)
    _printf_char_file                        0x080003a1   Thumb Code    32  _printf_char_file.o(.text)
    __aeabi_memclr4                          0x080003c5   Thumb Code     0  rt_memclr_w.o(.text)
    __aeabi_memclr8                          0x080003c5   Thumb Code     0  rt_memclr_w.o(.text)
    __rt_memclr_w                            0x080003c5   Thumb Code    78  rt_memclr_w.o(.text)
    _memset_w                                0x080003c9   Thumb Code     0  rt_memclr_w.o(.text)
    _printf_char_common                      0x0800041f   Thumb Code    32  _printf_char_common.o(.text)
    ferror                                   0x08000445   Thumb Code     8  ferror.o(.text)
    __user_setup_stackheap                   0x0800044d   Thumb Code    74  sys_stackheap_outer.o(.text)
    exit                                     0x08000497   Thumb Code    12  exit.o(.text)
    __user_libspace                          0x080004a5   Thumb Code     8  libspace.o(.text)
    __user_perproc_libspace                  0x080004a5   Thumb Code     0  libspace.o(.text)
    __user_perthread_libspace                0x080004a5   Thumb Code     0  libspace.o(.text)
    BusFault_Handler                         0x080004ad   Thumb Code     4  stm32f10x_it.o(i.BusFault_Handler)
    CalCRC                                   0x080004b1   Thumb Code    28  myble.o(i.CalCRC)
    DebugMon_Handler                         0x080004cd   Thumb Code     2  stm32f10x_it.o(i.DebugMon_Handler)
    EXTI0_IRQHandler                         0x080004d1   Thumb Code    24  stm32f10x_it.o(i.EXTI0_IRQHandler)
    EXTI15_10_IRQHandler                     0x08000501   Thumb Code     2  stm32f10x_it.o(i.EXTI15_10_IRQHandler)
    EXTI2_IRQHandler                         0x08000503   Thumb Code     2  stm32f10x_it.o(i.EXTI2_IRQHandler)
    EXTI4_IRQHandler                         0x08000505   Thumb Code     2  stm32f10x_it.o(i.EXTI4_IRQHandler)
    EXTI9_5_IRQHandler                       0x08000507   Thumb Code     2  stm32f10x_it.o(i.EXTI9_5_IRQHandler)
    EXTI_ClearFlag                           0x08000509   Thumb Code     6  stm32f10x_exti.o(i.EXTI_ClearFlag)
    EXTI_GetFlagStatus                       0x08000515   Thumb Code    20  stm32f10x_exti.o(i.EXTI_GetFlagStatus)
    EXTI_Init                                0x0800052d   Thumb Code   142  stm32f10x_exti.o(i.EXTI_Init)
    FLASH_PrefetchBufferCmd                  0x080005c1   Thumb Code    22  stm32f10x_flash.o(i.FLASH_PrefetchBufferCmd)
    FLASH_SetLatency                         0x080005dd   Thumb Code    18  stm32f10x_flash.o(i.FLASH_SetLatency)
    GPIO_EXTILineConfig                      0x080005f5   Thumb Code    60  stm32f10x_gpio.o(i.GPIO_EXTILineConfig)
    GPIO_Init                                0x08000635   Thumb Code   278  stm32f10x_gpio.o(i.GPIO_Init)
    GPIO_PinRemapConfig                      0x0800074d   Thumb Code   138  stm32f10x_gpio.o(i.GPIO_PinRemapConfig)
    GPIO_SetBits                             0x080007dd   Thumb Code     4  stm32f10x_gpio.o(i.GPIO_SetBits)
    HardFault_Handler                        0x080007e1   Thumb Code     4  stm32f10x_it.o(i.HardFault_Handler)
    InitKey1                                 0x080007e5   Thumb Code   108  mykey.o(i.InitKey1)
    InitLedGpio                              0x08000855   Thumb Code    40  mygpio.o(i.InitLedGpio)
    InitMyTimer3                             0x08000885   Thumb Code   222  mytimer.o(i.InitMyTimer3)
    InitPwmLedGpio                           0x0800096d   Thumb Code    70  mygpio.o(i.InitPwmLedGpio)
    MemManage_Handler                        0x080009c1   Thumb Code     4  stm32f10x_it.o(i.MemManage_Handler)
    NMI_Handler                              0x080009c5   Thumb Code     2  stm32f10x_it.o(i.NMI_Handler)
    NVIC_Init                                0x080009c9   Thumb Code   100  misc.o(i.NVIC_Init)
    NVIC_PriorityGroupConfig                 0x08000a39   Thumb Code    10  misc.o(i.NVIC_PriorityGroupConfig)
    PendSV_Handler                           0x08000a4d   Thumb Code     2  stm32f10x_it.o(i.PendSV_Handler)
    RCC_APB1PeriphClockCmd                   0x08000a51   Thumb Code    26  stm32f10x_rcc.o(i.RCC_APB1PeriphClockCmd)
    RCC_APB1PeriphResetCmd                   0x08000a71   Thumb Code    26  stm32f10x_rcc.o(i.RCC_APB1PeriphResetCmd)
    RCC_APB2PeriphClockCmd                   0x08000a91   Thumb Code    26  stm32f10x_rcc.o(i.RCC_APB2PeriphClockCmd)
    RCC_APB2PeriphResetCmd                   0x08000ab1   Thumb Code    26  stm32f10x_rcc.o(i.RCC_APB2PeriphResetCmd)
    RCC_Configuration                        0x08000ad1   Thumb Code   100  sys_rcc.o(i.RCC_Configuration)
    RCC_DeInit                               0x08000b35   Thumb Code    64  stm32f10x_rcc.o(i.RCC_DeInit)
    RCC_GetClocksFreq                        0x08000b81   Thumb Code   192  stm32f10x_rcc.o(i.RCC_GetClocksFreq)
    RCC_GetFlagStatus                        0x08000c55   Thumb Code    56  stm32f10x_rcc.o(i.RCC_GetFlagStatus)
    RCC_GetSYSCLKSource                      0x08000c91   Thumb Code    10  stm32f10x_rcc.o(i.RCC_GetSYSCLKSource)
    RCC_HCLKConfig                           0x08000ca1   Thumb Code    18  stm32f10x_rcc.o(i.RCC_HCLKConfig)
    RCC_HSEConfig                            0x08000cb9   Thumb Code    70  stm32f10x_rcc.o(i.RCC_HSEConfig)
    RCC_PCLK1Config                          0x08000d05   Thumb Code    18  stm32f10x_rcc.o(i.RCC_PCLK1Config)
    RCC_PCLK2Config                          0x08000d1d   Thumb Code    20  stm32f10x_rcc.o(i.RCC_PCLK2Config)
    RCC_PLLCmd                               0x08000d35   Thumb Code     6  stm32f10x_rcc.o(i.RCC_PLLCmd)
    RCC_PLLConfig                            0x08000d41   Thumb Code    24  stm32f10x_rcc.o(i.RCC_PLLConfig)
    RCC_SYSCLKConfig                         0x08000d5d   Thumb Code    18  stm32f10x_rcc.o(i.RCC_SYSCLKConfig)
    RCC_WaitForHSEStartUp                    0x08000d75   Thumb Code    56  stm32f10x_rcc.o(i.RCC_WaitForHSEStartUp)
    RTCAlarm_IRQHandler                      0x08000dad   Thumb Code     2  stm32f10x_it.o(i.RTCAlarm_IRQHandler)
    RTC_IRQHandler                           0x08000daf   Thumb Code     2  stm32f10x_it.o(i.RTC_IRQHandler)
    SPI1_IRQHandler                          0x08000db1   Thumb Code     2  stm32f10x_it.o(i.SPI1_IRQHandler)
    SVC_Handler                              0x08000db3   Thumb Code     2  stm32f10x_it.o(i.SVC_Handler)
    SendBleATCmd                             0x08000db5   Thumb Code    60  myble.o(i.SendBleATCmd)
    SysTick_Handler                          0x08000ef1   Thumb Code     2  stm32f10x_it.o(i.SysTick_Handler)
    SysTick_init                             0x08000ef5   Thumb Code    56  systick.o(i.SysTick_init)
    SystemInit                               0x08000f35   Thumb Code    78  system_stm32f10x.o(i.SystemInit)
    TIM2_IRQHandler                          0x08000f95   Thumb Code    58  stm32f10x_it.o(i.TIM2_IRQHandler)
    TIM3_IRQHandler                          0x08000fed   Thumb Code    54  stm32f10x_it.o(i.TIM3_IRQHandler)
    UASRT_NVIC_Configuration                 0x08001045   Thumb Code    68  usart_driver.o(i.UASRT_NVIC_Configuration)
    USART1_Config                            0x08001089   Thumb Code   144  usart_driver.o(i.USART1_Config)
    USART1_IRQHandler                        0x08001121   Thumb Code    48  stm32f10x_it.o(i.USART1_IRQHandler)
    USART3_Config                            0x0800115d   Thumb Code   138  usart_driver.o(i.USART3_Config)
    USART3_IRQHandler                        0x080011f1   Thumb Code    48  stm32f10x_it.o(i.USART3_IRQHandler)
    USART_ClearITPendingBit                  0x0800122d   Thumb Code    30  stm32f10x_usart.o(i.USART_ClearITPendingBit)
    USART_Cmd                                0x0800124b   Thumb Code    24  stm32f10x_usart.o(i.USART_Cmd)
    USART_DeInit                             0x08001265   Thumb Code   134  stm32f10x_usart.o(i.USART_DeInit)
    USART_GetFlagStatus                      0x08001301   Thumb Code    26  stm32f10x_usart.o(i.USART_GetFlagStatus)
    USART_GetITStatus                        0x0800131b   Thumb Code    84  stm32f10x_usart.o(i.USART_GetITStatus)
    USART_ITConfig                           0x0800136f   Thumb Code    74  stm32f10x_usart.o(i.USART_ITConfig)
    USART_Init                               0x080013b9   Thumb Code   210  stm32f10x_usart.o(i.USART_Init)
    USART_InitConfig                         0x08001491   Thumb Code    16  usart_driver.o(i.USART_InitConfig)
    USART_ReceiveData                        0x080014a1   Thumb Code    10  stm32f10x_usart.o(i.USART_ReceiveData)
    USART_SendData                           0x080014ab   Thumb Code     8  stm32f10x_usart.o(i.USART_SendData)
    UsageFault_Handler                       0x080014b3   Thumb Code     4  stm32f10x_it.o(i.UsageFault_Handler)
    _sys_exit                                0x080014b7   Thumb Code     4  usart_driver.o(i._sys_exit)
    delay_ms                                 0x080014bd   Thumb Code    56  systick.o(i.delay_ms)
    fputc                                    0x080014f9   Thumb Code    32  usart_driver.o(i.fputc)
    main                                     0x0800151d   Thumb Code   176  main.o(i.main)
    setRGBPwmWidth                           0x08001615   Thumb Code    14  mytimer.o(i.setRGBPwmWidth)
    usart1_getc                              0x08001629   Thumb Code    30  usart_driver.o(i.usart1_getc)
    usart3_getc                              0x0800164d   Thumb Code    30  usart_driver.o(i.usart3_getc)
    usart3_putc                              0x08001671   Thumb Code    30  usart_driver.o(i.usart3_putc)
    usart3_putstr                            0x08001695   Thumb Code    28  usart_driver.o(i.usart3_putstr)
    Region$$Table$$Base                      0x080016b0   Number         0  anon$$obj.o(Region$$Table)
    Region$$Table$$Limit                     0x080016d0   Number         0  anon$$obj.o(Region$$Table)
    count                                    0x20000000   Data           4  main.o(.data)
    redValue                                 0x20000004   Data           2  main.o(.data)
    greenValue                               0x20000006   Data           2  main.o(.data)
    blueValue                                0x20000008   Data           2  main.o(.data)
    __stdout                                 0x20000010   Data           4  usart_driver.o(.data)
    uart1RecvLen                             0x20000014   Data           1  stm32f10x_it.o(.data)
    uart3RecvLen                             0x20000015   Data           1  stm32f10x_it.o(.data)
    timer2_cnt                               0x20000018   Data           4  stm32f10x_it.o(.data)
    timer3_cnt                               0x2000001c   Data           4  stm32f10x_it.o(.data)
    uart1Buf                                 0x20000034   Data         128  stm32f10x_it.o(.bss)
    uart3Buf                                 0x200000b4   Data         128  stm32f10x_it.o(.bss)
    __libspace_start                         0x20000134   Data          96  libspace.o(.bss)
    __temporary_stack_top$libspace           0x20000194   Data           0  libspace.o(.bss)



==============================================================================

Memory Map of the image

  Image Entry point : 0x08000131

  Load Region LR_IROM1 (Base: 0x08000000, Size: 0x00001704, Max: 0x00040000, ABSOLUTE)

    Execution Region ER_IROM1 (Base: 0x08000000, Size: 0x000016d0, Max: 0x00040000, ABSOLUTE)

    Base Addr    Size         Type   Attr      Idx    E Section Name        Object

    0x08000000   0x00000130   Data   RO          651    RESET               startup_stm32f10x_hd.o
    0x08000130   0x00000008   Code   RO         2086  * !!!main             c_w.l(__main.o)
    0x08000138   0x00000034   Code   RO         2253    !!!scatter          c_w.l(__scatter.o)
    0x0800016c   0x0000001a   Code   RO         2255    !!handler_copy      c_w.l(__scatter_copy.o)
    0x08000186   0x00000002   PAD
    0x08000188   0x0000001c   Code   RO         2257    !!handler_zi        c_w.l(__scatter_zi.o)
    0x080001a4   0x00000000   Code   RO         2079    .ARM.Collect$$_printf_percent$$00000000  c_w.l(_printf_percent.o)
    0x080001a4   0x00000006   Code   RO         2078    .ARM.Collect$$_printf_percent$$00000014  c_w.l(_printf_s.o)
    0x080001aa   0x00000004   Code   RO         2093    .ARM.Collect$$_printf_percent$$00000017  c_w.l(_printf_percent_end.o)
    0x080001ae   0x00000002   Code   RO         2128    .ARM.Collect$$libinit$$00000000  c_w.l(libinit.o)
    0x080001b0   0x00000000   Code   RO         2135    .ARM.Collect$$libinit$$00000002  c_w.l(libinit2.o)
    0x080001b0   0x00000000   Code   RO         2137    .ARM.Collect$$libinit$$00000004  c_w.l(libinit2.o)
    0x080001b0   0x00000000   Code   RO         2140    .ARM.Collect$$libinit$$0000000A  c_w.l(libinit2.o)
    0x080001b0   0x00000000   Code   RO         2142    .ARM.Collect$$libinit$$0000000C  c_w.l(libinit2.o)
    0x080001b0   0x00000000   Code   RO         2144    .ARM.Collect$$libinit$$0000000E  c_w.l(libinit2.o)
    0x080001b0   0x00000000   Code   RO         2147    .ARM.Collect$$libinit$$00000011  c_w.l(libinit2.o)
    0x080001b0   0x00000000   Code   RO         2149    .ARM.Collect$$libinit$$00000013  c_w.l(libinit2.o)
    0x080001b0   0x00000000   Code   RO         2151    .ARM.Collect$$libinit$$00000015  c_w.l(libinit2.o)
    0x080001b0   0x00000000   Code   RO         2153    .ARM.Collect$$libinit$$00000017  c_w.l(libinit2.o)
    0x080001b0   0x00000000   Code   RO         2155    .ARM.Collect$$libinit$$00000019  c_w.l(libinit2.o)
    0x080001b0   0x00000000   Code   RO         2157    .ARM.Collect$$libinit$$0000001B  c_w.l(libinit2.o)
    0x080001b0   0x00000000   Code   RO         2159    .ARM.Collect$$libinit$$0000001D  c_w.l(libinit2.o)
    0x080001b0   0x00000000   Code   RO         2161    .ARM.Collect$$libinit$$0000001F  c_w.l(libinit2.o)
    0x080001b0   0x00000000   Code   RO         2163    .ARM.Collect$$libinit$$00000021  c_w.l(libinit2.o)
    0x080001b0   0x00000000   Code   RO         2165    .ARM.Collect$$libinit$$00000023  c_w.l(libinit2.o)
    0x080001b0   0x00000000   Code   RO         2167    .ARM.Collect$$libinit$$00000025  c_w.l(libinit2.o)
    0x080001b0   0x00000000   Code   RO         2171    .ARM.Collect$$libinit$$0000002C  c_w.l(libinit2.o)
    0x080001b0   0x00000000   Code   RO         2173    .ARM.Collect$$libinit$$0000002E  c_w.l(libinit2.o)
    0x080001b0   0x00000000   Code   RO         2175    .ARM.Collect$$libinit$$00000030  c_w.l(libinit2.o)
    0x080001b0   0x00000000   Code   RO         2177    .ARM.Collect$$libinit$$00000032  c_w.l(libinit2.o)
    0x080001b0   0x00000002   Code   RO         2178    .ARM.Collect$$libinit$$00000033  c_w.l(libinit2.o)
    0x080001b2   0x00000002   Code   RO         2196    .ARM.Collect$$libshutdown$$00000000  c_w.l(libshutdown.o)
    0x080001b4   0x00000000   Code   RO         2207    .ARM.Collect$$libshutdown$$00000003  c_w.l(libshutdown2.o)
    0x080001b4   0x00000000   Code   RO         2210    .ARM.Collect$$libshutdown$$00000006  c_w.l(libshutdown2.o)
    0x080001b4   0x00000000   Code   RO         2213    .ARM.Collect$$libshutdown$$00000009  c_w.l(libshutdown2.o)
    0x080001b4   0x00000000   Code   RO         2215    .ARM.Collect$$libshutdown$$0000000B  c_w.l(libshutdown2.o)
    0x080001b4   0x00000000   Code   RO         2218    .ARM.Collect$$libshutdown$$0000000E  c_w.l(libshutdown2.o)
    0x080001b4   0x00000002   Code   RO         2219    .ARM.Collect$$libshutdown$$0000000F  c_w.l(libshutdown2.o)
    0x080001b6   0x00000000   Code   RO         2088    .ARM.Collect$$rtentry$$00000000  c_w.l(__rtentry.o)
    0x080001b6   0x00000000   Code   RO         2097    .ARM.Collect$$rtentry$$00000002  c_w.l(__rtentry2.o)
    0x080001b6   0x00000006   Code   RO         2109    .ARM.Collect$$rtentry$$00000004  c_w.l(__rtentry4.o)
    0x080001bc   0x00000000   Code   RO         2099    .ARM.Collect$$rtentry$$00000009  c_w.l(__rtentry2.o)
    0x080001bc   0x00000004   Code   RO         2100    .ARM.Collect$$rtentry$$0000000A  c_w.l(__rtentry2.o)
    0x080001c0   0x00000000   Code   RO         2102    .ARM.Collect$$rtentry$$0000000C  c_w.l(__rtentry2.o)
    0x080001c0   0x00000008   Code   RO         2103    .ARM.Collect$$rtentry$$0000000D  c_w.l(__rtentry2.o)
    0x080001c8   0x00000002   Code   RO         2132    .ARM.Collect$$rtexit$$00000000  c_w.l(rtexit.o)
    0x080001ca   0x00000000   Code   RO         2180    .ARM.Collect$$rtexit$$00000002  c_w.l(rtexit2.o)
    0x080001ca   0x00000004   Code   RO         2181    .ARM.Collect$$rtexit$$00000003  c_w.l(rtexit2.o)
    0x080001ce   0x00000006   Code   RO         2182    .ARM.Collect$$rtexit$$00000004  c_w.l(rtexit2.o)
    0x080001d4   0x00000040   Code   RO          652    .text               startup_stm32f10x_hd.o
    0x08000214   0x00000002   Code   RO         2048    .text               c_w.l(use_no_semi.o)
    0x08000216   0x00000002   PAD
    0x08000218   0x00000018   Code   RO         2052    .text               c_w.l(noretval__2printf.o)
    0x08000230   0x00000068   Code   RO         2054    .text               c_w.l(__printf.o)
    0x08000298   0x00000052   Code   RO         2056    .text               c_w.l(_printf_str.o)
    0x080002ea   0x0000003e   Code   RO         2080    .text               c_w.l(strlen.o)
    0x08000328   0x00000044   Code   RO         2082    .text               c_w.l(rt_memclr.o)
    0x0800036c   0x00000006   Code   RO         2084    .text               c_w.l(heapauxi.o)
    0x08000372   0x0000002c   Code   RO         2089    .text               c_w.l(_printf_char.o)
    0x0800039e   0x00000002   PAD
    0x080003a0   0x00000024   Code   RO         2091    .text               c_w.l(_printf_char_file.o)
    0x080003c4   0x0000004e   Code   RO         2094    .text               c_w.l(rt_memclr_w.o)
    0x08000412   0x00000002   PAD
    0x08000414   0x00000030   Code   RO         2111    .text               c_w.l(_printf_char_common.o)
    0x08000444   0x00000008   Code   RO         2113    .text               c_w.l(ferror.o)
    0x0800044c   0x0000004a   Code   RO         2117    .text               c_w.l(sys_stackheap_outer.o)
    0x08000496   0x0000000c   Code   RO         2121    .text               c_w.l(exit.o)
    0x080004a2   0x00000002   PAD
    0x080004a4   0x00000008   Code   RO         2129    .text               c_w.l(libspace.o)
    0x080004ac   0x00000004   Code   RO          452    i.BusFault_Handler  stm32f10x_it.o
    0x080004b0   0x0000001c   Code   RO          422    i.CalCRC            myble.o
    0x080004cc   0x00000002   Code   RO          453    i.DebugMon_Handler  stm32f10x_it.o
    0x080004ce   0x00000002   PAD
    0x080004d0   0x00000030   Code   RO          454    i.EXTI0_IRQHandler  stm32f10x_it.o
    0x08000500   0x00000002   Code   RO          455    i.EXTI15_10_IRQHandler  stm32f10x_it.o
    0x08000502   0x00000002   Code   RO          456    i.EXTI2_IRQHandler  stm32f10x_it.o
    0x08000504   0x00000002   Code   RO          457    i.EXTI4_IRQHandler  stm32f10x_it.o
    0x08000506   0x00000002   Code   RO          458    i.EXTI9_5_IRQHandler  stm32f10x_it.o
    0x08000508   0x0000000c   Code   RO          707    i.EXTI_ClearFlag    stm32f10x_exti.o
    0x08000514   0x00000018   Code   RO          711    i.EXTI_GetFlagStatus  stm32f10x_exti.o
    0x0800052c   0x00000094   Code   RO          713    i.EXTI_Init         stm32f10x_exti.o
    0x080005c0   0x0000001c   Code   RO         1880    i.FLASH_PrefetchBufferCmd  stm32f10x_flash.o
    0x080005dc   0x00000018   Code   RO         1885    i.FLASH_SetLatency  stm32f10x_flash.o
    0x080005f4   0x00000040   Code   RO          776    i.GPIO_EXTILineConfig  stm32f10x_gpio.o
    0x08000634   0x00000116   Code   RO          779    i.GPIO_Init         stm32f10x_gpio.o
    0x0800074a   0x00000002   PAD
    0x0800074c   0x00000090   Code   RO          781    i.GPIO_PinRemapConfig  stm32f10x_gpio.o
    0x080007dc   0x00000004   Code   RO          787    i.GPIO_SetBits      stm32f10x_gpio.o
    0x080007e0   0x00000004   Code   RO          459    i.HardFault_Handler  stm32f10x_it.o
    0x080007e4   0x00000070   Code   RO          362    i.InitKey1          mykey.o
    0x08000854   0x00000030   Code   RO          321    i.InitLedGpio       mygpio.o
    0x08000884   0x000000e8   Code   RO          387    i.InitMyTimer3      mytimer.o
    0x0800096c   0x00000054   Code   RO          322    i.InitPwmLedGpio    mygpio.o
    0x080009c0   0x00000004   Code   RO          460    i.MemManage_Handler  stm32f10x_it.o
    0x080009c4   0x00000002   Code   RO          461    i.NMI_Handler       stm32f10x_it.o
    0x080009c6   0x00000002   PAD
    0x080009c8   0x00000070   Code   RO          659    i.NVIC_Init         misc.o
    0x08000a38   0x00000014   Code   RO          660    i.NVIC_PriorityGroupConfig  misc.o
    0x08000a4c   0x00000002   Code   RO          462    i.PendSV_Handler    stm32f10x_it.o
    0x08000a4e   0x00000002   PAD
    0x08000a50   0x00000020   Code   RO          901    i.RCC_APB1PeriphClockCmd  stm32f10x_rcc.o
    0x08000a70   0x00000020   Code   RO          902    i.RCC_APB1PeriphResetCmd  stm32f10x_rcc.o
    0x08000a90   0x00000020   Code   RO          903    i.RCC_APB2PeriphClockCmd  stm32f10x_rcc.o
    0x08000ab0   0x00000020   Code   RO          904    i.RCC_APB2PeriphResetCmd  stm32f10x_rcc.o
    0x08000ad0   0x00000064   Code   RO          143    i.RCC_Configuration  sys_rcc.o
    0x08000b34   0x0000004c   Code   RO          910    i.RCC_DeInit        stm32f10x_rcc.o
    0x08000b80   0x000000d4   Code   RO          911    i.RCC_GetClocksFreq  stm32f10x_rcc.o
    0x08000c54   0x0000003c   Code   RO          912    i.RCC_GetFlagStatus  stm32f10x_rcc.o
    0x08000c90   0x00000010   Code   RO          914    i.RCC_GetSYSCLKSource  stm32f10x_rcc.o
    0x08000ca0   0x00000018   Code   RO          915    i.RCC_HCLKConfig    stm32f10x_rcc.o
    0x08000cb8   0x0000004c   Code   RO          916    i.RCC_HSEConfig     stm32f10x_rcc.o
    0x08000d04   0x00000018   Code   RO          922    i.RCC_PCLK1Config   stm32f10x_rcc.o
    0x08000d1c   0x00000018   Code   RO          923    i.RCC_PCLK2Config   stm32f10x_rcc.o
    0x08000d34   0x0000000c   Code   RO          924    i.RCC_PLLCmd        stm32f10x_rcc.o
    0x08000d40   0x0000001c   Code   RO          925    i.RCC_PLLConfig     stm32f10x_rcc.o
    0x08000d5c   0x00000018   Code   RO          928    i.RCC_SYSCLKConfig  stm32f10x_rcc.o
    0x08000d74   0x00000038   Code   RO          930    i.RCC_WaitForHSEStartUp  stm32f10x_rcc.o
    0x08000dac   0x00000002   Code   RO          463    i.RTCAlarm_IRQHandler  stm32f10x_it.o
    0x08000dae   0x00000002   Code   RO          464    i.RTC_IRQHandler    stm32f10x_it.o
    0x08000db0   0x00000002   Code   RO          465    i.SPI1_IRQHandler   stm32f10x_it.o
    0x08000db2   0x00000002   Code   RO          466    i.SVC_Handler       stm32f10x_it.o
    0x08000db4   0x00000054   Code   RO          423    i.SendBleATCmd      myble.o
    0x08000e08   0x00000008   Code   RO          606    i.SetSysClock       system_stm32f10x.o
    0x08000e10   0x000000e0   Code   RO          607    i.SetSysClockTo72   system_stm32f10x.o
    0x08000ef0   0x00000002   Code   RO          467    i.SysTick_Handler   stm32f10x_it.o
    0x08000ef2   0x00000002   PAD
    0x08000ef4   0x00000040   Code   RO          167    i.SysTick_init      systick.o
    0x08000f34   0x00000060   Code   RO          609    i.SystemInit        system_stm32f10x.o
    0x08000f94   0x00000058   Code   RO          468    i.TIM2_IRQHandler   stm32f10x_it.o
    0x08000fec   0x00000058   Code   RO          469    i.TIM3_IRQHandler   stm32f10x_it.o
    0x08001044   0x00000044   Code   RO          205    i.UASRT_NVIC_Configuration  usart_driver.o
    0x08001088   0x00000098   Code   RO          206    i.USART1_Config     usart_driver.o
    0x08001120   0x0000003c   Code   RO          470    i.USART1_IRQHandler  stm32f10x_it.o
    0x0800115c   0x00000094   Code   RO          207    i.USART3_Config     usart_driver.o
    0x080011f0   0x0000003c   Code   RO          471    i.USART3_IRQHandler  stm32f10x_it.o
    0x0800122c   0x0000001e   Code   RO         1672    i.USART_ClearITPendingBit  stm32f10x_usart.o
    0x0800124a   0x00000018   Code   RO         1675    i.USART_Cmd         stm32f10x_usart.o
    0x08001262   0x00000002   PAD
    0x08001264   0x0000009c   Code   RO         1677    i.USART_DeInit      stm32f10x_usart.o
    0x08001300   0x0000001a   Code   RO         1678    i.USART_GetFlagStatus  stm32f10x_usart.o
    0x0800131a   0x00000054   Code   RO         1679    i.USART_GetITStatus  stm32f10x_usart.o
    0x0800136e   0x0000004a   Code   RO         1681    i.USART_ITConfig    stm32f10x_usart.o
    0x080013b8   0x000000d8   Code   RO         1682    i.USART_Init        stm32f10x_usart.o
    0x08001490   0x00000010   Code   RO          208    i.USART_InitConfig  usart_driver.o
    0x080014a0   0x0000000a   Code   RO         1689    i.USART_ReceiveData  stm32f10x_usart.o
    0x080014aa   0x00000008   Code   RO         1692    i.USART_SendData    stm32f10x_usart.o
    0x080014b2   0x00000004   Code   RO          472    i.UsageFault_Handler  stm32f10x_it.o
    0x080014b6   0x00000004   Code   RO          209    i._sys_exit         usart_driver.o
    0x080014ba   0x00000002   PAD
    0x080014bc   0x0000003c   Code   RO          168    i.delay_ms          systick.o
    0x080014f8   0x00000024   Code   RO          211    i.fputc             usart_driver.o
    0x0800151c   0x000000f8   Code   RO            4    i.main              main.o
    0x08001614   0x00000014   Code   RO          388    i.setRGBPwmWidth    mytimer.o
    0x08001628   0x00000024   Code   RO          212    i.usart1_getc       usart_driver.o
    0x0800164c   0x00000024   Code   RO          216    i.usart3_getc       usart_driver.o
    0x08001670   0x00000024   Code   RO          218    i.usart3_putc       usart_driver.o
    0x08001694   0x0000001c   Code   RO          219    i.usart3_putstr     usart_driver.o
    0x080016b0   0x00000020   Data   RO         2251    Region$$Table       anon$$obj.o


    Execution Region RW_IRAM1 (Base: 0x20000000, Size: 0x00000798, Max: 0x0000c000, ABSOLUTE)

    Base Addr    Size         Type   Attr      Idx    E Section Name        Object

    0x20000000   0x0000000a   Data   RW            5    .data               main.o
    0x2000000a   0x00000004   Data   RW          170    .data               systick.o
    0x2000000e   0x00000002   PAD
    0x20000010   0x00000004   Data   RW          220    .data               usart_driver.o
    0x20000014   0x0000000c   Data   RW          474    .data               stm32f10x_it.o
    0x20000020   0x00000014   Data   RW          931    .data               stm32f10x_rcc.o
    0x20000034   0x00000100   Zero   RW          473    .bss                stm32f10x_it.o
    0x20000134   0x00000060   Zero   RW         2130    .bss                c_w.l(libspace.o)
    0x20000194   0x00000004   PAD
    0x20000198   0x00000200   Zero   RW          650    HEAP                startup_stm32f10x_hd.o
    0x20000398   0x00000400   Zero   RW          649    STACK               startup_stm32f10x_hd.o


==============================================================================

Image component sizes


      Code (inc. data)   RO Data    RW Data    ZI Data      Debug   Object Name

       248         72          0         10          0     235461   main.o
       132         22          0          0          0       1455   misc.o
       112         24          0          0          0       1576   myble.o
       132         22          0          0          0        979   mygpio.o
       112          4          0          0          0        595   mykey.o
       252         16          0          0          0       1092   mytimer.o
        64         26        304          0       1536        800   startup_stm32f10x_hd.o
       184         16          0          0          0       1946   stm32f10x_exti.o
        52         12          0          0          0       1037   stm32f10x_flash.o
       490         10          0          0          0       3791   stm32f10x_gpio.o
       384        112          0         12        256      10112   stm32f10x_it.o
       760        104          0         20          0      11184   stm32f10x_rcc.o
       628         28          0          0          0       7082   stm32f10x_usart.o
       100          0          0          0          0        568   sys_rcc.o
       328         28          0          0          0       1873   system_stm32f10x.o
       124         12          0          4          0       1214   systick.o
       560         40          0          4          0       7366   usart_driver.o

    ----------------------------------------------------------------------
      4676        548        336         52       1792     288131   Object Totals
         0          0         32          0          0          0   (incl. Generated)
        14          0          0          2          0          0   (incl. Padding)

    ----------------------------------------------------------------------

      Code (inc. data)   RO Data    RW Data    ZI Data      Debug   Library Member Name

         8          0          0          0          0         68   __main.o
       104          0          0          0          0         84   __printf.o
         0          0          0          0          0          0   __rtentry.o
        12          0          0          0          0          0   __rtentry2.o
         6          0          0          0          0          0   __rtentry4.o
        52          8          0          0          0          0   __scatter.o
        26          0          0          0          0          0   __scatter_copy.o
        28          0          0          0          0          0   __scatter_zi.o
        44          0          0          0          0        108   _printf_char.o
        48          6          0          0          0         96   _printf_char_common.o
        36          4          0          0          0         80   _printf_char_file.o
         0          0          0          0          0          0   _printf_percent.o
         4          0          0          0          0          0   _printf_percent_end.o
         6          0          0          0          0          0   _printf_s.o
        82          0          0          0          0         80   _printf_str.o
        12          0          0          0          0         72   exit.o
         8          0          0          0          0         68   ferror.o
         6          0          0          0          0        152   heapauxi.o
         2          0          0          0          0          0   libinit.o
         2          0          0          0          0          0   libinit2.o
         2          0          0          0          0          0   libshutdown.o
         2          0          0          0          0          0   libshutdown2.o
         8          4          0          0         96         68   libspace.o
        24          4          0          0          0         84   noretval__2printf.o
        68          0          0          0          0         68   rt_memclr.o
        78          0          0          0          0         80   rt_memclr_w.o
         2          0          0          0          0          0   rtexit.o
        10          0          0          0          0          0   rtexit2.o
        62          0          0          0          0         76   strlen.o
        74          0          0          0          0         80   sys_stackheap_outer.o
         2          0          0          0          0         68   use_no_semi.o

    ----------------------------------------------------------------------
       828         26          0          0        100       1332   Library Totals
        10          0          0          0          4          0   (incl. Padding)

    ----------------------------------------------------------------------

      Code (inc. data)   RO Data    RW Data    ZI Data      Debug   Library Name

       818         26          0          0         96       1332   c_w.l

    ----------------------------------------------------------------------
       828         26          0          0        100       1332   Library Totals

    ----------------------------------------------------------------------

==============================================================================


      Code (inc. data)   RO Data    RW Data    ZI Data      Debug   

      5504        574        336         52       1892     284883   Grand Totals
      5504        574        336         52       1892     284883   ELF Image Totals
      5504        574        336         52          0          0   ROM Totals

==============================================================================

    Total RO  Size (Code + RO Data)                 5840 (   5.70kB)
    Total RW  Size (RW Data + ZI Data)              1944 (   1.90kB)
    Total ROM Size (Code + RO Data + RW Data)       5892 (   5.75kB)

==============================================================================

