Component: ARM Compiler 5.05 update 1 (build 106) Tool: armlink [4d0efa]

==============================================================================

Section Cross References

    startup_stm32f051.o(STACK) refers (Special) to heapauxi.o(.text) for __use_two_region_memory
    startup_stm32f051.o(HEAP) refers (Special) to heapauxi.o(.text) for __use_two_region_memory
    startup_stm32f051.o(RESET) refers (Special) to heapauxi.o(.text) for __use_two_region_memory
    startup_stm32f051.o(RESET) refers to startup_stm32f051.o(STACK) for __initial_sp
    startup_stm32f051.o(RESET) refers to startup_stm32f051.o(.text) for Reset_Handler
    startup_stm32f051.o(RESET) refers to stm32f0xx_it.o(i.NMI_Handler) for NMI_Handler
    startup_stm32f051.o(RESET) refers to stm32f0xx_it.o(i.HardFault_Handler) for HardFault_Handler
    startup_stm32f051.o(RESET) refers to stm32f0xx_it.o(i.SVC_Handler) for SVC_Handler
    startup_stm32f051.o(RESET) refers to stm32f0xx_it.o(i.PendSV_Handler) for PendSV_Handler
    startup_stm32f051.o(RESET) refers to stm32f0xx_it.o(i.SysTick_Handler) for SysTick_Handler
    startup_stm32f051.o(RESET) refers to stm32f0xx_it.o(i.EXTI4_15_IRQHandler) for EXTI4_15_IRQHandler
    startup_stm32f051.o(RESET) refers to stm32f0xx_it.o(i.TIM3_IRQHandler) for TIM3_IRQHandler
    startup_stm32f051.o(RESET) refers to uart.o(i.USART1_IRQHandler) for USART1_IRQHandler
    startup_stm32f051.o(RESET) refers to uart.o(i.USART2_IRQHandler) for USART2_IRQHandler
    startup_stm32f051.o(.text) refers (Special) to heapauxi.o(.text) for __use_two_region_memory
    startup_stm32f051.o(.text) refers to system_stm32f0xx.o(i.SystemInit) for SystemInit
    startup_stm32f051.o(.text) refers to __main.o(!!!main) for __main
    startup_stm32f051.o(.text) refers to startup_stm32f051.o(HEAP) for Heap_Mem
    startup_stm32f051.o(.text) refers to startup_stm32f051.o(STACK) for Stack_Mem
    system_stm32f0xx.o(i.SystemCoreClockUpdate) refers to aeabi_sdiv.o(.text) for __aeabi_uidivmod
    system_stm32f0xx.o(i.SystemCoreClockUpdate) refers to system_stm32f0xx.o(.data) for SystemCoreClock
    system_stm32f0xx.o(i.SystemInit) refers to system_stm32f0xx.o(i.SetSysClock) for SetSysClock
    stm32f0xx_it.o(i.EXTI4_15_IRQHandler) refers to stm32f0xx_exti.o(i.EXTI_GetITStatus) for EXTI_GetITStatus
    stm32f0xx_it.o(i.EXTI4_15_IRQHandler) refers to noretval__2printf.o(.text) for __2printf
    stm32f0xx_it.o(i.EXTI4_15_IRQHandler) refers to stm32f0xx_exti.o(i.EXTI_ClearITPendingBit) for EXTI_ClearITPendingBit
    stm32f0xx_it.o(i.SysTick_Handler) refers to systick.o(i.TimingDelay_Decrement) for TimingDelay_Decrement
    stm32f0xx_it.o(i.TIM3_IRQHandler) refers to stm32f0xx_tim.o(i.TIM_GetITStatus) for TIM_GetITStatus
    stm32f0xx_it.o(i.TIM3_IRQHandler) refers to stm32f0xx_tim.o(i.TIM_ClearITPendingBit) for TIM_ClearITPendingBit
    stm32f0xx_it.o(i.TIM3_IRQHandler) refers to gizwits_product.o(i.gizTimerMs) for gizTimerMs
    main.o(i.main) refers to _printf_percent.o(.ARM.Collect$$_printf_percent$$00000000) for _printf_percent
    main.o(i.main) refers to _printf_d.o(.ARM.Collect$$_printf_percent$$00000009) for _printf_d
    main.o(i.main) refers to _printf_dec.o(.text) for _printf_int_dec
    main.o(i.main) refers to led.o(i.initLedGpio) for initLedGpio
    main.o(i.main) refers to systick.o(i.Systick_Init) for Systick_Init
    main.o(i.main) refers to uart.o(i.USART_Configuration) for USART_Configuration
    main.o(i.main) refers to systick.o(i.Delay_ms) for Delay_ms
    main.o(i.main) refers to uart.o(i.USART2_Configuration) for USART2_Configuration
    main.o(i.main) refers to key.o(i.EXIT_KEY_Init) for EXIT_KEY_Init
    main.o(i.main) refers to time.o(i.TIM3_INT_Config) for TIM3_INT_Config
    main.o(i.main) refers to time.o(i.TIM3_Config) for TIM3_Config
    main.o(i.main) refers to time.o(i.TIM2_Config) for TIM2_Config
    main.o(i.main) refers to dht11.o(i.DHT11_Init) for DHT11_Init
    main.o(i.main) refers to lcd.o(i.Lcd_GPIO_Init) for Lcd_GPIO_Init
    main.o(i.main) refers to lcd.o(i.Lcd_Init) for Lcd_Init
    main.o(i.main) refers to lcd.o(i.Lcd_Clear) for Lcd_Clear
    main.o(i.main) refers to lcd.o(i.Gui_DrawFont_GBK16) for Gui_DrawFont_GBK16
    main.o(i.main) refers to gizwits_product.o(i.userInit) for userInit
    main.o(i.main) refers to gizwits_protocol.o(i.gizwitsInit) for gizwitsInit
    main.o(i.main) refers to gizwits_protocol.o(i.gizwitsSetMode) for gizwitsSetMode
    main.o(i.main) refers to led.o(i.turnOnOffLed) for turnOnOffLed
    main.o(i.main) refers to dht11.o(i.DHT11_Read_Data) for DHT11_Read_Data
    main.o(i.main) refers to noretval__2printf.o(.text) for __2printf
    main.o(i.main) refers to noretval__2sprintf.o(.text) for __2sprintf
    main.o(i.main) refers to gizwits_product.o(i.userHandle) for userHandle
    main.o(i.main) refers to gizwits_protocol.o(i.gizwitsHandle) for gizwitsHandle
    main.o(i.main) refers to main.o(.data) for humix
    main.o(i.main) refers to main.o(.bss) for strDisp
[...]
    ../clib/printf.c                         0x00000000   Number         0  _printf_char_file.o ABSOLUTE
    ../clib/printf.c                         0x00000000   Number         0  _printf_hex_int.o ABSOLUTE
    ../clib/printf.c                         0x00000000   Number         0  _sputc.o ABSOLUTE
    ../clib/printf.c                         0x00000000   Number         0  _printf_hex_ptr.o ABSOLUTE
    ../clib/printf.c                         0x00000000   Number         0  _printf_hex_int_ptr.o ABSOLUTE
    ../clib/printf.c                         0x00000000   Number         0  __2printf.o ABSOLUTE
    ../clib/printf.c                         0x00000000   Number         0  _printf_hex_ll_ptr.o ABSOLUTE
    ../clib/printf.c                         0x00000000   Number         0  __printf_nopercent.o ABSOLUTE
    ../clib/printf.c                         0x00000000   Number         0  _printf_hex_int_ll_ptr.o ABSOLUTE
    ../clib/printf.c                         0x00000000   Number         0  __printf_flags_ss_wp.o ABSOLUTE
    ../clib/printf.c                         0x00000000   Number         0  __printf_ss_wp.o ABSOLUTE
    ../clib/printf.c                         0x00000000   Number         0  __printf_flags_wp.o ABSOLUTE
    ../clib/printf.c                         0x00000000   Number         0  __printf_wp.o ABSOLUTE
    ../clib/printf.c                         0x00000000   Number         0  __printf_flags_ss.o ABSOLUTE
    ../clib/printf.c                         0x00000000   Number         0  _printf_intcommon.o ABSOLUTE
    ../clib/printf.c                         0x00000000   Number         0  __printf_flags.o ABSOLUTE
    ../clib/printf_percent.s                 0x00000000   Number         0  _printf_percent_end.o ABSOLUTE
    ../clib/printf_percent.s                 0x00000000   Number         0  _printf_d.o ABSOLUTE
    ../clib/printf_percent.s                 0x00000000   Number         0  _printf_x.o ABSOLUTE
    ../clib/printf_percent.s                 0x00000000   Number         0  _printf_percent.o ABSOLUTE
    ../clib/signal.c                         0x00000000   Number         0  defsig_rtred_inner.o ABSOLUTE
    ../clib/signal.c                         0x00000000   Number         0  defsig_abrt_inner.o ABSOLUTE
    ../clib/signal.c                         0x00000000   Number         0  __raise.o ABSOLUTE
    ../clib/signal.c                         0x00000000   Number         0  defsig_pvfn_inner.o ABSOLUTE
    ../clib/signal.c                         0x00000000   Number         0  defsig_rtmem_outer.o ABSOLUTE
    ../clib/signal.c                         0x00000000   Number         0  defsig_segv_inner.o ABSOLUTE
    ../clib/signal.c                         0x00000000   Number         0  defsig_fpe_inner.o ABSOLUTE
    ../clib/signal.c                         0x00000000   Number         0  defsig_other.o ABSOLUTE
    ../clib/signal.c                         0x00000000   Number         0  defsig_rtmem_formal.o ABSOLUTE
    ../clib/signal.c                         0x00000000   Number         0  defsig_fpe_outer.o ABSOLUTE
    ../clib/signal.c                         0x00000000   Number         0  defsig_fpe_formal.o ABSOLUTE
    ../clib/signal.c                         0x00000000   Number         0  defsig_stak_inner.o ABSOLUTE
    ../clib/signal.c                         0x00000000   Number         0  defsig_exit.o ABSOLUTE
    ../clib/signal.c                         0x00000000   Number         0  defsig_rtmem_inner.o ABSOLUTE
    ../clib/signal.c                         0x00000000   Number         0  defsig_general.o ABSOLUTE
    ../clib/signal.c                         0x00000000   Number         0  defsig_cppl_inner.o ABSOLUTE
    ../clib/signal.s                         0x00000000   Number         0  defsig.o ABSOLUTE
    ../clib/stdio.c                          0x00000000   Number         0  ferror.o ABSOLUTE
    ../clib/stdio.c                          0x00000000   Number         0  ferror_locked.o ABSOLUTE
    ../clib/stdlib.c                         0x00000000   Number         0  exit.o ABSOLUTE
    ../clib/string.c                         0x00000000   Number         0  strcmp.o ABSOLUTE
    ../clib/string.c                         0x00000000   Number         0  strlen.o ABSOLUTE
    ../clib/unhosted.c                       0x00000000   Number         0  uread4.o ABSOLUTE
    ../clib/unhosted.c                       0x00000000   Number         0  uwrite4.o ABSOLUTE
    ../fplib/cfplib/fdiv.c                   0x00000000   Number         0  fdiv.o ABSOLUTE
    ../fplib/cfplib/ffix.c                   0x00000000   Number         0  ffixui.o ABSOLUTE
    ../fplib/cfplib/fflt.c                   0x00000000   Number         0  fflti.o ABSOLUTE
    ../fplib/cfplib/fpinit.c                 0x00000000   Number         0  fpinit.o ABSOLUTE
    ../fplib/faddsub6m.s                     0x00000000   Number         0  faddsub.o ABSOLUTE
    ../fplib/fmul6m.s                        0x00000000   Number         0  fmul.o ABSOLUTE
    ../fplib/usenofp.s                       0x00000000   Number         0  usenofp.o ABSOLUTE
    ..\Gizwits\gizwits_product.c             0x00000000   Number         0  gizwits_product.o ABSOLUTE
    ..\Gizwits\gizwits_protocol.c            0x00000000   Number         0  gizwits_protocol.o ABSOLUTE
    ..\Utils\common.c                        0x00000000   Number         0  common.o ABSOLUTE
    ..\Utils\dataPointTools.c                0x00000000   Number         0  datapointtools.o ABSOLUTE
    ..\Utils\ringbuffer.c                    0x00000000   Number         0  ringbuffer.o ABSOLUTE
    ..\\Gizwits\\gizwits_product.c           0x00000000   Number         0  gizwits_product.o ABSOLUTE
    ..\\driver\\DHT11\\DHT11.c               0x00000000   Number         0  dht11.o ABSOLUTE
    ..\\driver\\Key\\key.c                   0x00000000   Number         0  key.o ABSOLUTE
    ..\\driver\\Lcd\\lcd.c                   0x00000000   Number         0  lcd.o ABSOLUTE
    ..\\driver\\Led\\Led.c                   0x00000000   Number         0  led.o ABSOLUTE
    ..\\driver\\Systick\\systick.c           0x00000000   Number         0  systick.o ABSOLUTE
    ..\\driver\\Timer\\time.c                0x00000000   Number         0  time.o ABSOLUTE
    ..\\driver\\Usart\\uart.c                0x00000000   Number         0  uart.o ABSOLUTE
    ..\\lib\\src\\stm32f0xx_exti.c           0x00000000   Number         0  stm32f0xx_exti.o ABSOLUTE
    ..\\lib\\src\\stm32f0xx_gpio.c           0x00000000   Number         0  stm32f0xx_gpio.o ABSOLUTE
    ..\\lib\\src\\stm32f0xx_misc.c           0x00000000   Number         0  stm32f0xx_misc.o ABSOLUTE
    ..\\lib\\src\\stm32f0xx_rcc.c            0x00000000   Number         0  stm32f0xx_rcc.o ABSOLUTE
    ..\\lib\\src\\stm32f0xx_syscfg.c         0x00000000   Number         0  stm32f0xx_syscfg.o ABSOLUTE
    ..\\lib\\src\\stm32f0xx_tim.c            0x00000000   Number         0  stm32f0xx_tim.o ABSOLUTE
    ..\\lib\\src\\stm32f0xx_usart.c          0x00000000   Number         0  stm32f0xx_usart.o ABSOLUTE
    ..\\system\\stm32f0xx_it.c               0x00000000   Number         0  stm32f0xx_it.o ABSOLUTE
    ..\\system\\system_stm32f0xx.c           0x00000000   Number         0  system_stm32f0xx.o ABSOLUTE
    ..\\user\\main.c                         0x00000000   Number         0  main.o ABSOLUTE
    ..\driver\DHT11\DHT11.c                  0x00000000   Number         0  dht11.o ABSOLUTE
    ..\driver\Key\key.c                      0x00000000   Number         0  key.o ABSOLUTE
    ..\driver\Lcd\lcd.c                      0x00000000   Number         0  lcd.o ABSOLUTE
    ..\driver\Led\Led.c                      0x00000000   Number         0  led.o ABSOLUTE
    ..\driver\Systick\systick.c              0x00000000   Number         0  systick.o ABSOLUTE
    ..\driver\Timer\time.c                   0x00000000   Number         0  time.o ABSOLUTE
    ..\driver\Usart\uart.c                   0x00000000   Number         0  uart.o ABSOLUTE
    ..\lib\src\stm32f0xx_exti.c              0x00000000   Number         0  stm32f0xx_exti.o ABSOLUTE
    ..\lib\src\stm32f0xx_gpio.c              0x00000000   Number         0  stm32f0xx_gpio.o ABSOLUTE
    ..\lib\src\stm32f0xx_misc.c              0x00000000   Number         0  stm32f0xx_misc.o ABSOLUTE
    ..\lib\src\stm32f0xx_rcc.c               0x00000000   Number         0  stm32f0xx_rcc.o ABSOLUTE
    ..\lib\src\stm32f0xx_syscfg.c            0x00000000   Number         0  stm32f0xx_syscfg.o ABSOLUTE
    ..\lib\src\stm32f0xx_tim.c               0x00000000   Number         0  stm32f0xx_tim.o ABSOLUTE
    ..\lib\src\stm32f0xx_usart.c             0x00000000   Number         0  stm32f0xx_usart.o ABSOLUTE
    ..\system\stm32f0xx_it.c                 0x00000000   Number         0  stm32f0xx_it.o ABSOLUTE
    ..\system\system_stm32f0xx.c             0x00000000   Number         0  system_stm32f0xx.o ABSOLUTE
    ..\user\main.c                           0x00000000   Number         0  main.o ABSOLUTE
    dc.s                                     0x00000000   Number         0  dc.o ABSOLUTE
    startup_stm32f051.s                      0x00000000   Number         0  startup_stm32f051.o ABSOLUTE
    RESET                                    0x08000000   Section      192  startup_stm32f051.o(RESET)
    !!!main                                  0x080000c0   Section        8  __main.o(!!!main)
    !!!scatter                               0x080000c8   Section       60  __scatter.o(!!!scatter)
    !!handler_copy                           0x08000104   Section       26  __scatter_copy.o(!!handler_copy)
    !!handler_zi                             0x08000120   Section       28  __scatter_zi.o(!!handler_zi)
    .ARM.Collect$$_printf_percent$$00000000  0x0800013c   Section        2  _printf_percent.o(.ARM.Collect$$_printf_percent$$00000000)
    .ARM.Collect$$_printf_percent$$00000009  0x0800013e   Section       10  _printf_d.o(.ARM.Collect$$_printf_percent$$00000009)
    .ARM.Collect$$_printf_percent$$0000000C  0x08000148   Section       10  _printf_x.o(.ARM.Collect$$_printf_percent$$0000000C)
    .ARM.Collect$$_printf_percent$$00000017  0x08000152   Section        4  _printf_percent_end.o(.ARM.Collect$$_printf_percent$$00000017)
    .ARM.Collect$$libinit$$00000000          0x08000156   Section        2  libinit.o(.ARM.Collect$$libinit$$00000000)
    .ARM.Collect$$libinit$$00000002          0x08000158   Section        0  libinit2.o(.ARM.Collect$$libinit$$00000002)
    .ARM.Collect$$libinit$$00000004          0x08000158   Section        0  libinit2.o(.ARM.Collect$$libinit$$00000004)
    .ARM.Collect$$libinit$$0000000A          0x08000158   Section        0  libinit2.o(.ARM.Collect$$libinit$$0000000A)
    .ARM.Collect$$libinit$$0000000C          0x08000158   Section        0  libinit2.o(.ARM.Collect$$libinit$$0000000C)
    .ARM.Collect$$libinit$$0000000E          0x08000158   Section        0  libinit2.o(.ARM.Collect$$libinit$$0000000E)
    .ARM.Collect$$libinit$$00000011          0x08000158   Section        0  libinit2.o(.ARM.Collect$$libinit$$00000011)
    .ARM.Collect$$libinit$$00000013          0x08000158   Section        0  libinit2.o(.ARM.Collect$$libinit$$00000013)
    .ARM.Collect$$libinit$$00000015          0x08000158   Section        0  libinit2.o(.ARM.Collect$$libinit$$00000015)
    .ARM.Collect$$libinit$$00000017          0x08000158   Section        0  libinit2.o(.ARM.Collect$$libinit$$00000017)
    .ARM.Collect$$libinit$$00000019          0x08000158   Section        0  libinit2.o(.ARM.Collect$$libinit$$00000019)
    .ARM.Collect$$libinit$$0000001B          0x08000158   Section        0  libinit2.o(.ARM.Collect$$libinit$$0000001B)
    .ARM.Collect$$libinit$$0000001D          0x08000158   Section        0  libinit2.o(.ARM.Collect$$libinit$$0000001D)
    .ARM.Collect$$libinit$$0000001F          0x08000158   Section        0  libinit2.o(.ARM.Collect$$libinit$$0000001F)
    .ARM.Collect$$libinit$$00000021          0x08000158   Section        0  libinit2.o(.ARM.Collect$$libinit$$00000021)
    .ARM.Collect$$libinit$$00000023          0x08000158   Section        0  libinit2.o(.ARM.Collect$$libinit$$00000023)
    .ARM.Collect$$libinit$$00000025          0x08000158   Section        0  libinit2.o(.ARM.Collect$$libinit$$00000025)
    .ARM.Collect$$libinit$$0000002C          0x08000158   Section        0  libinit2.o(.ARM.Collect$$libinit$$0000002C)
    .ARM.Collect$$libinit$$0000002E          0x08000158   Section        0  libinit2.o(.ARM.Collect$$libinit$$0000002E)
    .ARM.Collect$$libinit$$00000030          0x08000158   Section        0  libinit2.o(.ARM.Collect$$libinit$$00000030)
    .ARM.Collect$$libinit$$00000032          0x08000158   Section        0  libinit2.o(.ARM.Collect$$libinit$$00000032)
    .ARM.Collect$$libinit$$00000033          0x08000158   Section        2  libinit2.o(.ARM.Collect$$libinit$$00000033)
    .ARM.Collect$$libshutdown$$00000000      0x0800015a   Section        2  libshutdown.o(.ARM.Collect$$libshutdown$$00000000)
    .ARM.Collect$$libshutdown$$00000003      0x0800015c   Section        0  libshutdown2.o(.ARM.Collect$$libshutdown$$00000003)
    .ARM.Collect$$libshutdown$$00000006      0x0800015c   Section        0  libshutdown2.o(.ARM.Collect$$libshutdown$$00000006)
    .ARM.Collect$$libshutdown$$00000009      0x0800015c   Section        0  libshutdown2.o(.ARM.Collect$$libshutdown$$00000009)
    .ARM.Collect$$libshutdown$$0000000B      0x0800015c   Section        0  libshutdown2.o(.ARM.Collect$$libshutdown$$0000000B)
    .ARM.Collect$$libshutdown$$0000000E      0x0800015c   Section        0  libshutdown2.o(.ARM.Collect$$libshutdown$$0000000E)
    .ARM.Collect$$libshutdown$$0000000F      0x0800015c   Section        2  libshutdown2.o(.ARM.Collect$$libshutdown$$0000000F)
    .ARM.Collect$$rtentry$$00000000          0x0800015e   Section        0  __rtentry.o(.ARM.Collect$$rtentry$$00000000)
    .ARM.Collect$$rtentry$$00000002          0x0800015e   Section        0  __rtentry2.o(.ARM.Collect$$rtentry$$00000002)
    .ARM.Collect$$rtentry$$00000004          0x0800015e   Section        6  __rtentry4.o(.ARM.Collect$$rtentry$$00000004)
    .ARM.Collect$$rtentry$$00000009          0x08000164   Section        0  __rtentry2.o(.ARM.Collect$$rtentry$$00000009)
    .ARM.Collect$$rtentry$$0000000A          0x08000164   Section        4  __rtentry2.o(.ARM.Collect$$rtentry$$0000000A)
    .ARM.Collect$$rtentry$$0000000C          0x08000168   Section        0  __rtentry2.o(.ARM.Collect$$rtentry$$0000000C)
    .ARM.Collect$$rtentry$$0000000D          0x08000168   Section        8  __rtentry2.o(.ARM.Collect$$rtentry$$0000000D)
    .ARM.Collect$$rtexit$$00000000           0x08000170   Section        2  rtexit.o(.ARM.Collect$$rtexit$$00000000)
    .ARM.Collect$$rtexit$$00000002           0x08000172   Section        0  rtexit2.o(.ARM.Collect$$rtexit$$00000002)
    .ARM.Collect$$rtexit$$00000003           0x08000172   Section        4  rtexit2.o(.ARM.Collect$$rtexit$$00000003)
    .ARM.Collect$$rtexit$$00000004           0x08000176   Section        6  rtexit2.o(.ARM.Collect$$rtexit$$00000004)
    .emb_text                                0x0800017c   Section       56  rt_memcpy.o(.emb_text)
    .text                                    0x080001b4   Section       56  startup_stm32f051.o(.text)
    .text                                    0x080001ec   Section        2  use_no_semi_2.o(.text)
    .text                                    0x080001f0   Section        0  noretval__2printf.o(.text)
    .text                                    0x0800020c   Section        0  noretval__2sprintf.o(.text)
    .text                                    0x08000234   Section        0  _printf_pad.o(.text)
    .text                                    0x08000284   Section        0  _printf_dec.o(.text)
    .text                                    0x080002f0   Section        0  _printf_hex_int.o(.text)
    .text                                    0x08000348   Section        0  __printf_flags_wp.o(.text)
    .text                                    0x08000480   Section        0  strlen.o(.text)
    .text                                    0x080004c4   Section        0  rt_memcpy.o(.text)
    .text                                    0x08000546   Section        0  rt_memclr.o(.text)
    .text                                    0x08000586   Section        0  uread4.o(.text)
    .text                                    0x080005a8   Section        0  uwrite4.o(.text)
    .text                                    0x080005b8   Section      346  aeabi_sdiv.o(.text)
    .text                                    0x08000712   Section        0  heapauxi.o(.text)
    .text                                    0x08000718   Section        2  use_no_semi.o(.text)
    .text                                    0x0800071a   Section        0  _printf_intcommon.o(.text)
    .text                                    0x080007cc   Section        0  _printf_char_common.o(.text)
    _printf_input_char                       0x080007cd   Thumb Code    10  _printf_char_common.o(.text)
    .text                                    0x080007fc   Section        0  _sputc.o(.text)
    .text                                    0x08000808   Section        0  _printf_char_file.o(.text)
    .text                                    0x08000830   Section        0  rtudiv10.o(.text)
    .text                                    0x08000858   Section        0  ferror.o(.text)
    .text                                    0x08000860   Section        8  libspace.o(.text)
    .text                                    0x08000868   Section       62  sys_stackheap_outer.o(.text)
    .text                                    0x080008a6   Section        0  exit.o(.text)
    i.DHT11_Check                            0x080008b4   Section        0  dht11.o(i.DHT11_Check)
    i.DHT11_Init                             0x08000924   Section        0  dht11.o(i.DHT11_Init)
    i.DHT11_Read_Bit                         0x0800095c   Section        0  dht11.o(i.DHT11_Read_Bit)
    i.DHT11_Read_Byte                        0x080009c0   Section        0  dht11.o(i.DHT11_Read_Byte)
    i.DHT11_Read_Data                        0x080009de   Section        0  dht11.o(i.DHT11_Read_Data)
    i.DHT11_Rst                              0x08000a38   Section        0  dht11.o(i.DHT11_Rst)
    i.Delay_ms                               0x08000a7c   Section        0  systick.o(i.Delay_ms)
    i.Delay_us                               0x08000a94   Section        0  time.o(i.Delay_us)
    i.EXIT_KEY_Init                          0x08000aba   Section        0  key.o(i.EXIT_KEY_Init)
    i.EXTI4_15_IRQHandler                    0x08000b24   Section        0  stm32f0xx_it.o(i.EXTI4_15_IRQHandler)
    i.EXTI_ClearITPendingBit                 0x08000b54   Section        0  stm32f0xx_exti.o(i.EXTI_ClearITPendingBit)
    i.EXTI_GetITStatus                       0x08000b60   Section        0  stm32f0xx_exti.o(i.EXTI_GetITStatus)
    i.EXTI_Init                              0x08000b88   Section        0  stm32f0xx_exti.o(i.EXTI_Init)
    i.GPIO_Init                              0x08000c10   Section        0  stm32f0xx_gpio.o(i.GPIO_Init)
    i.GPIO_PinAFConfig                       0x08000ca0   Section        0  stm32f0xx_gpio.o(i.GPIO_PinAFConfig)
    i.GPIO_ReadInputDataBit                  0x08000ce4   Section        0  stm32f0xx_gpio.o(i.GPIO_ReadInputDataBit)
    i.GPIO_ResetBits                         0x08000cf8   Section        0  stm32f0xx_gpio.o(i.GPIO_ResetBits)
    i.GPIO_SetBits                           0x08000cfc   Section        0  stm32f0xx_gpio.o(i.GPIO_SetBits)
    i.Gui_DrawFont_GBK16                     0x08000d00   Section        0  lcd.o(i.Gui_DrawFont_GBK16)
    i.Gui_DrawPoint                          0x08000db4   Section        0  lcd.o(i.Gui_DrawPoint)
    i.HardFault_Handler                      0x08000dd4   Section        0  stm32f0xx_it.o(i.HardFault_Handler)
    i.LCD_WriteData_16Bit                    0x08000dd8   Section        0  lcd.o(i.LCD_WriteData_16Bit)
    i.Lcd_Clear                              0x08000e0c   Section        0  lcd.o(i.Lcd_Clear)
    i.Lcd_GPIO_Init                          0x08000e40   Section        0  lcd.o(i.Lcd_GPIO_Init)
    i.Lcd_Init                               0x08000eb0   Section        0  lcd.o(i.Lcd_Init)
    i.Lcd_SetRegion                          0x08000eea   Section        0  lcd.o(i.Lcd_SetRegion)
    i.Lcd_WriteData                          0x08000f40   Section        0  lcd.o(i.Lcd_WriteData)
    i.Lcd_WriteIndex                         0x08000f6c   Section        0  lcd.o(i.Lcd_WriteIndex)
    i.NMI_Handler                            0x08000f98   Section        0  stm32f0xx_it.o(i.NMI_Handler)
    i.NVIC_Init                              0x08000f9c   Section        0  stm32f0xx_misc.o(i.NVIC_Init)
    i.NVIC_SetPriority                       0x0800100c   Section        0  systick.o(i.NVIC_SetPriority)
    NVIC_SetPriority                         0x0800100d   Thumb Code   110  systick.o(i.NVIC_SetPriority)
    i.PendSV_Handler                         0x08001084   Section        0  stm32f0xx_it.o(i.PendSV_Handler)
    i.RCC_AHBPeriphClockCmd                  0x08001088   Section        0  stm32f0xx_rcc.o(i.RCC_AHBPeriphClockCmd)
    i.RCC_APB1PeriphClockCmd                 0x080010a8   Section        0  stm32f0xx_rcc.o(i.RCC_APB1PeriphClockCmd)
    i.RCC_APB2PeriphClockCmd                 0x080010c8   Section        0  stm32f0xx_rcc.o(i.RCC_APB2PeriphClockCmd)
    i.RCC_GetClocksFreq                      0x080010e8   Section        0  stm32f0xx_rcc.o(i.RCC_GetClocksFreq)
    i.SPI_WriteData                          0x08001254   Section        0  lcd.o(i.SPI_WriteData)
    i.SVC_Handler                            0x08001290   Section        0  stm32f0xx_it.o(i.SVC_Handler)
    i.SYSCFG_EXTILineConfig                  0x08001294   Section        0  stm32f0xx_syscfg.o(i.SYSCFG_EXTILineConfig)
    i.SetSysClock                            0x080012d4   Section        0  system_stm32f0xx.o(i.SetSysClock)
    SetSysClock                              0x080012d5   Thumb Code   224  system_stm32f0xx.o(i.SetSysClock)
    i.SysTick_Handler                        0x080013bc   Section        0  stm32f0xx_it.o(i.SysTick_Handler)
    i.SystemInit                             0x080013c4   Section        0  system_stm32f0xx.o(i.SystemInit)
    i.Systick_Init                           0x08001440   Section        0  systick.o(i.Systick_Init)
    i.TIM2_Config                            0x0800148c   Section        0  time.o(i.TIM2_Config)
    i.TIM3_Config                            0x080014f0   Section        0  time.o(i.TIM3_Config)
    i.TIM3_INT_Config                        0x0800154c   Section        0  time.o(i.TIM3_INT_Config)
    i.TIM3_IRQHandler                        0x0800156c   Section        0  stm32f0xx_it.o(i.TIM3_IRQHandler)
    i.TIM_ClearITPendingBit                  0x0800158c   Section        0  stm32f0xx_tim.o(i.TIM_ClearITPendingBit)
    i.TIM_Cmd                                0x08001594   Section        0  stm32f0xx_tim.o(i.TIM_Cmd)
    i.TIM_GetITStatus                        0x080015b0   Section        0  stm32f0xx_tim.o(i.TIM_GetITStatus)
    i.TIM_ITConfig                           0x080015d6   Section        0  stm32f0xx_tim.o(i.TIM_ITConfig)
    i.TIM_PrescalerConfig                    0x080015ea   Section        0  stm32f0xx_tim.o(i.TIM_PrescalerConfig)
    i.TIM_SetCounter                         0x080015f0   Section        0  stm32f0xx_tim.o(i.TIM_SetCounter)
    i.TIM_TimeBaseInit                       0x080015f4   Section        0  stm32f0xx_tim.o(i.TIM_TimeBaseInit)
    i.TimingDelay_Decrement                  0x08001670   Section        0  systick.o(i.TimingDelay_Decrement)
    i.UART2_send_byte                        0x08001688   Section        0  uart.o(i.UART2_send_byte)
    i.UART_Recive                            0x080016a4   Section        0  uart.o(i.UART_Recive)
    i.USART1_IRQHandler                      0x080016c0   Section        0  uart.o(i.USART1_IRQHandler)
    i.USART2_Configuration                   0x080016e4   Section        0  uart.o(i.USART2_Configuration)
    i.USART2_IRQHandler                      0x08001784   Section        0  uart.o(i.USART2_IRQHandler)
    i.USART_Cmd                              0x080017bc   Section        0  stm32f0xx_usart.o(i.USART_Cmd)
    i.USART_Configuration                    0x080017d4   Section        0  uart.o(i.USART_Configuration)
    i.USART_GetFlagStatus                    0x0800186c   Section        0  stm32f0xx_usart.o(i.USART_GetFlagStatus)
    i.USART_ITConfig                         0x08001880   Section        0  stm32f0xx_usart.o(i.USART_ITConfig)
    i.USART_Init                             0x080018c4   Section        0  stm32f0xx_usart.o(i.USART_Init)
    i.USART_SendData                         0x080019b8   Section        0  stm32f0xx_usart.o(i.USART_SendData)
    i.__ARM_common_switch8                   0x080019c0   Section        0  gizwits_product.o(i.__ARM_common_switch8)
    i._is_digit                              0x080019dc   Section        0  __printf_wp.o(i._is_digit)
    i._sys_exit                              0x080019ea   Section        0  uart.o(i._sys_exit)
    i.exchangeBytes                          0x080019ee   Section        0  common.o(i.exchangeBytes)
    i.exchangeWord                           0x08001a08   Section        0  common.o(i.exchangeWord)
    i.fputc                                  0x08001a28   Section        0  uart.o(i.fputc)
    i.gizAcrossByteJudge                     0x08001a4c   Section        0  datapointtools.o(i.gizAcrossByteJudge)
    i.gizByteOrderExchange                   0x08001a7a   Section        0  datapointtools.o(i.gizByteOrderExchange)
    i.gizCheckReport                         0x08001ab0   Section        0  gizwits_protocol.o(i.gizCheckReport)
    gizCheckReport                           0x08001ab1   Thumb Code   148  gizwits_protocol.o(i.gizCheckReport)
    i.gizDataPoint2Event                     0x08001bc4   Section        0  gizwits_protocol.o(i.gizDataPoint2Event)
    gizDataPoint2Event                       0x08001bc5   Thumb Code    88  gizwits_protocol.o(i.gizDataPoint2Event)
    i.gizDataPoints2ReportData               0x08001c48   Section        0  gizwits_protocol.o(i.gizDataPoints2ReportData)
    gizDataPoints2ReportData                 0x08001c49   Thumb Code    98  gizwits_protocol.o(i.gizDataPoints2ReportData)
    i.gizDevReportPolicy                     0x08001cdc   Section        0  gizwits_protocol.o(i.gizDevReportPolicy)
    gizDevReportPolicy                       0x08001cdd   Thumb Code   132  gizwits_protocol.o(i.gizDevReportPolicy)
    i.gizGetTimerCount                       0x08001d9c   Section        0  gizwits_product.o(i.gizGetTimerCount)
    i.gizProtocolAckHandle                   0x08001da8   Section        0  gizwits_protocol.o(i.gizProtocolAckHandle)
    gizProtocolAckHandle                     0x08001da9   Thumb Code   104  gizwits_protocol.o(i.gizProtocolAckHandle)
    i.gizProtocolCommonAck                   0x08001e3c   Section        0  gizwits_protocol.o(i.gizProtocolCommonAck)
    gizProtocolCommonAck                     0x08001e3d   Thumb Code    90  gizwits_protocol.o(i.gizProtocolCommonAck)
    i.gizProtocolErrorCmd                    0x08001ee0   Section        0  gizwits_protocol.o(i.gizProtocolErrorCmd)
    gizProtocolErrorCmd                      0x08001ee1   Thumb Code    88  gizwits_protocol.o(i.gizProtocolErrorCmd)
    i.gizProtocolGetDeviceInfo               0x08001f80   Section        0  gizwits_protocol.o(i.gizProtocolGetDeviceInfo)
    gizProtocolGetDeviceInfo                 0x08001f81   Thumb Code   190  gizwits_protocol.o(i.gizProtocolGetDeviceInfo)
    i.gizProtocolGetOnePacket                0x08002104   Section        0  gizwits_protocol.o(i.gizProtocolGetOnePacket)
    gizProtocolGetOnePacket                  0x08002105   Thumb Code   372  gizwits_protocol.o(i.gizProtocolGetOnePacket)
    i.gizProtocolHeadInit                    0x080022b8   Section        0  gizwits_protocol.o(i.gizProtocolHeadInit)
    gizProtocolHeadInit                      0x080022b9   Thumb Code    36  gizwits_protocol.o(i.gizProtocolHeadInit)
    i.gizProtocolIssuedDataAck               0x08002308   Section        0  gizwits_protocol.o(i.gizProtocolIssuedDataAck)
    gizProtocolIssuedDataAck                 0x08002309   Thumb Code   238  gizwits_protocol.o(i.gizProtocolIssuedDataAck)
    i.gizProtocolIssuedProcess               0x08002450   Section        0  gizwits_protocol.o(i.gizProtocolIssuedProcess)
    gizProtocolIssuedProcess                 0x08002451   Thumb Code   218  gizwits_protocol.o(i.gizProtocolIssuedProcess)
    i.gizProtocolModuleInfoHandle            0x08002560   Section        0  gizwits_protocol.o(i.gizProtocolModuleInfoHandle)
    gizProtocolModuleInfoHandle              0x08002561   Thumb Code    70  gizwits_protocol.o(i.gizProtocolModuleInfoHandle)
    i.gizProtocolModuleStatus                0x080025bc   Section        0  gizwits_protocol.o(i.gizProtocolModuleStatus)
    gizProtocolModuleStatus                  0x080025bd   Thumb Code   834  gizwits_protocol.o(i.gizProtocolModuleStatus)
    i.gizProtocolNTP                         0x08002ad4   Section        0  gizwits_protocol.o(i.gizProtocolNTP)
    gizProtocolNTP                           0x08002ad5   Thumb Code   122  gizwits_protocol.o(i.gizProtocolNTP)
    i.gizProtocolReboot                      0x08002b68   Section        0  gizwits_protocol.o(i.gizProtocolReboot)
    gizProtocolReboot                        0x08002b69   Thumb Code    30  gizwits_protocol.o(i.gizProtocolReboot)
    i.gizProtocolResendData                  0x08002b88   Section        0  gizwits_protocol.o(i.gizProtocolResendData)
    gizProtocolResendData                    0x08002b89   Thumb Code    80  gizwits_protocol.o(i.gizProtocolResendData)
    i.gizProtocolSum                         0x08002c14   Section        0  common.o(i.gizProtocolSum)
    i.gizProtocolWaitAck                     0x08002c40   Section        0  gizwits_protocol.o(i.gizProtocolWaitAck)
    gizProtocolWaitAck                       0x08002c41   Thumb Code    72  gizwits_protocol.o(i.gizProtocolWaitAck)
    i.gizProtocolWaitAckCheck                0x08002ca4   Section        0  gizwits_protocol.o(i.gizProtocolWaitAckCheck)
    gizProtocolWaitAckCheck                  0x08002ca5   Thumb Code    44  gizwits_protocol.o(i.gizProtocolWaitAckCheck)
    i.gizPutData                             0x08002cec   Section        0  gizwits_protocol.o(i.gizPutData)
    i.gizReportData                          0x08002d64   Section        0  gizwits_protocol.o(i.gizReportData)
    gizReportData                            0x08002d65   Thumb Code   142  gizwits_protocol.o(i.gizReportData)
    i.gizStandardCompressValue               0x08002e3c   Section        0  datapointtools.o(i.gizStandardCompressValue)
    i.gizStandardDecompressionValue          0x08002ebc   Section        0  datapointtools.o(i.gizStandardDecompressionValue)
    i.gizTimerMs                             0x08002f70   Section        0  gizwits_product.o(i.gizTimerMs)
    i.gizY2X                                 0x08002f80   Section        0  datapointtools.o(i.gizY2X)
    i.gizwitsEventProcess                    0x08002f98   Section        0  gizwits_product.o(i.gizwitsEventProcess)
    i.gizwitsHandle                          0x0800311c   Section        0  gizwits_protocol.o(i.gizwitsHandle)
    i.gizwitsInit                            0x08003444   Section        0  gizwits_protocol.o(i.gizwitsInit)
    i.gizwitsSetMode                         0x080034b0   Section        0  gizwits_protocol.o(i.gizwitsSetMode)
    i.initLedGpio                            0x080036f4   Section        0  led.o(i.initLedGpio)
    i.main                                   0x08003728   Section        0  main.o(i.main)
    i.mcuRestart                             0x08003850   Section        0  gizwits_product.o(i.mcuRestart)
    i.rbCanRead                              0x08003852   Section        0  ringbuffer.o(i.rbCanRead)
    i.rbCanWrite                             0x080038bc   Section        0  ringbuffer.o(i.rbCanWrite)
    i.rbCapacity                             0x080038da   Section        0  ringbuffer.o(i.rbCapacity)
    i.rbCreate                               0x080038ee   Section        0  ringbuffer.o(i.rbCreate)
    i.rbRead                                 0x08003920   Section        0  ringbuffer.o(i.rbRead)
    i.rbWrite                                0x08003a26   Section        0  ringbuffer.o(i.rbWrite)
    i.turnOnOffLed                           0x08003b50   Section        0  led.o(i.turnOnOffLed)
    i.uartWrite                              0x08003b74   Section        0  gizwits_product.o(i.uartWrite)
    i.userHandle                             0x08003ba8   Section        0  gizwits_product.o(i.userHandle)
    i.userInit                               0x08003bd0   Section        0  gizwits_product.o(i.userInit)
    .constdata                               0x08003be0   Section     6196  lcd.o(.constdata)
    .constdata                               0x08005414   Section       40  _printf_hex_int.o(.constdata)
    uc_hextab                                0x08005414   Data          20  _printf_hex_int.o(.constdata)
    lc_hextab                                0x08005428   Data          20  _printf_hex_int.o(.constdata)
    .constdata                               0x0800543c   Section       17  __printf_flags_wp.o(.constdata)
    maptable                                 0x0800543c   Data          17  __printf_flags_wp.o(.constdata)
    .data                                    0x20000000   Section       20  system_stm32f0xx.o(.data)
    .data                                    0x20000014   Section        6  main.o(.data)
    .data                                    0x2000001a   Section       16  stm32f0xx_rcc.o(.data)
    APBAHBPrescTable                         0x2000001a   Data          16  stm32f0xx_rcc.o(.data)
    .data                                    0x2000002c   Section        4  systick.o(.data)
    TimingDelay                              0x2000002c   Data           4  systick.o(.data)
    .data                                    0x20000030   Section        8  uart.o(.data)
    .data                                    0x20000038   Section        2  time.o(.data)
    .data                                    0x2000003c   Section        4  gizwits_product.o(.data)
    timerMsCount                             0x2000003c   Data           4  gizwits_product.o(.data)
    .data                                    0x20000040   Section       16  gizwits_protocol.o(.data)
    lastReportTime                           0x20000040   Data           4  gizwits_protocol.o(.data)
    lastRepTime                              0x20000044   Data           4  gizwits_protocol.o(.data)
    protocolFlag                             0x20000048   Data           1  gizwits_protocol.o(.data)
    protocolCount                            0x2000004a   Data           2  gizwits_protocol.o(.data)
    lastData                                 0x2000004c   Data           1  gizwits_protocol.o(.data)
    debugCount                               0x2000004d   Data           1  gizwits_protocol.o(.data)
    lastStatus                               0x2000004e   Data           2  gizwits_protocol.o(.data)
    .bss                                     0x20000050   Section       50  main.o(.bss)
    .bss                                     0x20000082   Section      100  uart.o(.bss)
    .bss                                     0x200000e8   Section       32  time.o(.bss)
    .bss                                     0x20000108   Section        9  gizwits_product.o(.bss)
    .bss                                     0x20000111   Section      332  gizwits_protocol.o(.bss)
    rbBuf                                    0x2000022d   Data          48  gizwits_protocol.o(.bss)
    .bss                                     0x20000260   Section       96  libspace.o(.bss)
    HEAP                                     0x200002c0   Section      512  startup_stm32f051.o(HEAP)
    Heap_Mem                                 0x200002c0   Data         512  startup_stm32f051.o(HEAP)
    STACK                                    0x200004c0   Section     1024  startup_stm32f051.o(STACK)
    Stack_Mem                                0x200004c0   Data        1024  startup_stm32f051.o(STACK)
    __initial_sp                             0x200008c0   Data           0  startup_stm32f051.o(STACK)

    Global Symbols

    Symbol Name                              Value     Ov Type        Size  Object(Section)

    BuildAttributes$$THM_ISAv3M$S$PE$A:L22$X:L11$S22$IEEE1$IW$USESV6$~STKCKD$USESV7$~SHL$OSPACE$ROPI$EBA8$UX$STANDARDLIB$REQ8$PRES8$EABIv2 0x00000000   Number         0  anon$$obj.o ABSOLUTE
    __ARM_use_no_argv                        0x00000000   Number         0  main.o ABSOLUTE
    _printf_flags                            0x00000000   Number         0  printf_stubs.o ABSOLUTE
    _printf_return_value                     0x00000000   Number         0  printf_stubs.o ABSOLUTE
    _printf_sizespec                         0x00000000   Number         0  printf_stubs.o ABSOLUTE
    _printf_widthprec                        0x00000000   Number         0  printf_stubs.o ABSOLUTE
    __ARM_exceptions_init                     - Undefined Weak Reference
    __alloca_initialize                       - Undefined Weak Reference
    __arm_preinit_                            - Undefined Weak Reference
    __cpp_initialize__aeabi_                  - Undefined Weak Reference
    __cxa_finalize                            - Undefined Weak Reference
    __sigvec_lookup                           - Undefined Weak Reference
    _atexit_init                              - Undefined Weak Reference
    _call_atexit_fns                          - Undefined Weak Reference
    _clock_init                               - Undefined Weak Reference
    _fp_trap_init                             - Undefined Weak Reference
    _fp_trap_shutdown                         - Undefined Weak Reference
    _get_lc_collate                           - Undefined Weak Reference
    _get_lc_monetary                          - Undefined Weak Reference
    _get_lc_numeric                           - Undefined Weak Reference
    _get_lc_time                              - Undefined Weak Reference
    _getenv_init                              - Undefined Weak Reference
    _handle_redirection                       - Undefined Weak Reference
    _init_alloc                               - Undefined Weak Reference
    _init_user_alloc                          - Undefined Weak Reference
    _initio                                   - Undefined Weak Reference
    _mutex_acquire                            - Undefined Weak Reference
    _mutex_release                            - Undefined Weak Reference
    _printf_truncate_signed                   - Undefined Weak Reference
    _printf_truncate_unsigned                 - Undefined Weak Reference
    _rand_init                                - Undefined Weak Reference
    _signal_finish                            - Undefined Weak Reference
    _signal_init                              - Undefined Weak Reference
    _terminate_alloc                          - Undefined Weak Reference
    _terminate_user_alloc                     - Undefined Weak Reference
    _terminateio                              - Undefined Weak Reference
    __Vectors_Size                           0x000000c0   Number         0  startup_stm32f051.o ABSOLUTE
    __Vectors                                0x08000000   Data           4  startup_stm32f051.o(RESET)
    __Vectors_End                            0x080000c0   Data           0  startup_stm32f051.o(RESET)
    __main                                   0x080000c1   Thumb Code     8  __main.o(!!!main)
    __scatterload                            0x080000c9   Thumb Code     0  __scatter.o(!!!scatter)
    __scatterload_rt2                        0x080000c9   Thumb Code    52  __scatter.o(!!!scatter)
    __scatterload_rt2_thumb_only             0x080000c9   Thumb Code     0  __scatter.o(!!!scatter)
    __scatterload_null                       0x080000d9   Thumb Code     0  __scatter.o(!!!scatter)
    __scatterload_copy                       0x08000105   Thumb Code    26  __scatter_copy.o(!!handler_copy)
    __scatterload_zeroinit                   0x08000121   Thumb Code    28  __scatter_zi.o(!!handler_zi)
    _printf_percent                          0x0800013d   Thumb Code     0  _printf_percent.o(.ARM.Collect$$_printf_percent$$00000000)
    _printf_d                                0x0800013f   Thumb Code     0  _printf_d.o(.ARM.Collect$$_printf_percent$$00000009)
    _printf_x                                0x08000149   Thumb Code     0  _printf_x.o(.ARM.Collect$$_printf_percent$$0000000C)
    _printf_percent_end                      0x08000153   Thumb Code     0  _printf_percent_end.o(.ARM.Collect$$_printf_percent$$00000017)
    __rt_lib_init                            0x08000157   Thumb Code     0  libinit.o(.ARM.Collect$$libinit$$00000000)
    __rt_lib_init_alloca_1                   0x08000159   Thumb Code     0  libinit2.o(.ARM.Collect$$libinit$$0000002E)
    __rt_lib_init_argv_1                     0x08000159   Thumb Code     0  libinit2.o(.ARM.Collect$$libinit$$0000002C)
    __rt_lib_init_atexit_1                   0x08000159   Thumb Code     0  libinit2.o(.ARM.Collect$$libinit$$0000001B)
    __rt_lib_init_clock_1                    0x08000159   Thumb Code     0  libinit2.o(.ARM.Collect$$libinit$$00000021)
    __rt_lib_init_cpp_1                      0x08000159   Thumb Code     0  libinit2.o(.ARM.Collect$$libinit$$00000032)
    __rt_lib_init_exceptions_1               0x08000159   Thumb Code     0  libinit2.o(.ARM.Collect$$libinit$$00000030)
    __rt_lib_init_fp_1                       0x08000159   Thumb Code     0  libinit2.o(.ARM.Collect$$libinit$$00000002)
    __rt_lib_init_fp_trap_1                  0x08000159   Thumb Code     0  libinit2.o(.ARM.Collect$$libinit$$0000001F)
    __rt_lib_init_getenv_1                   0x08000159   Thumb Code     0  libinit2.o(.ARM.Collect$$libinit$$00000023)
    __rt_lib_init_heap_1                     0x08000159   Thumb Code     0  libinit2.o(.ARM.Collect$$libinit$$0000000A)
    __rt_lib_init_lc_collate_1               0x08000159   Thumb Code     0  libinit2.o(.ARM.Collect$$libinit$$00000011)
    __rt_lib_init_lc_ctype_1                 0x08000159   Thumb Code     0  libinit2.o(.ARM.Collect$$libinit$$00000013)
    __rt_lib_init_lc_monetary_1              0x08000159   Thumb Code     0  libinit2.o(.ARM.Collect$$libinit$$00000015)
    __rt_lib_init_lc_numeric_1               0x08000159   Thumb Code     0  libinit2.o(.ARM.Collect$$libinit$$00000017)
    __rt_lib_init_lc_time_1                  0x08000159   Thumb Code     0  libinit2.o(.ARM.Collect$$libinit$$00000019)
    __rt_lib_init_preinit_1                  0x08000159   Thumb Code     0  libinit2.o(.ARM.Collect$$libinit$$00000004)
    __rt_lib_init_rand_1                     0x08000159   Thumb Code     0  libinit2.o(.ARM.Collect$$libinit$$0000000E)
    __rt_lib_init_return                     0x08000159   Thumb Code     0  libinit2.o(.ARM.Collect$$libinit$$00000033)
    __rt_lib_init_signal_1                   0x08000159   Thumb Code     0  libinit2.o(.ARM.Collect$$libinit$$0000001D)
    __rt_lib_init_stdio_1                    0x08000159   Thumb Code     0  libinit2.o(.ARM.Collect$$libinit$$00000025)
    __rt_lib_init_user_alloc_1               0x08000159   Thumb Code     0  libinit2.o(.ARM.Collect$$libinit$$0000000C)
    __rt_lib_shutdown                        0x0800015b   Thumb Code     0  libshutdown.o(.ARM.Collect$$libshutdown$$00000000)
    __rt_lib_shutdown_fp_trap_1              0x0800015d   Thumb Code     0  libshutdown2.o(.ARM.Collect$$libshutdown$$00000006)
    __rt_lib_shutdown_heap_1                 0x0800015d   Thumb Code     0  libshutdown2.o(.ARM.Collect$$libshutdown$$0000000E)
    __rt_lib_shutdown_return                 0x0800015d   Thumb Code     0  libshutdown2.o(.ARM.Collect$$libshutdown$$0000000F)
    __rt_lib_shutdown_signal_1               0x0800015d   Thumb Code     0  libshutdown2.o(.ARM.Collect$$libshutdown$$00000009)
    __rt_lib_shutdown_stdio_1                0x0800015d   Thumb Code     0  libshutdown2.o(.ARM.Collect$$libshutdown$$00000003)
    __rt_lib_shutdown_user_alloc_1           0x0800015d   Thumb Code     0  libshutdown2.o(.ARM.Collect$$libshutdown$$0000000B)
    __rt_entry                               0x0800015f   Thumb Code     0  __rtentry.o(.ARM.Collect$$rtentry$$00000000)
    __rt_entry_presh_1                       0x0800015f   Thumb Code     0  __rtentry2.o(.ARM.Collect$$rtentry$$00000002)
    __rt_entry_sh                            0x0800015f   Thumb Code     0  __rtentry4.o(.ARM.Collect$$rtentry$$00000004)
    __rt_entry_li                            0x08000165   Thumb Code     0  __rtentry2.o(.ARM.Collect$$rtentry$$0000000A)
    __rt_entry_postsh_1                      0x08000165   Thumb Code     0  __rtentry2.o(.ARM.Collect$$rtentry$$00000009)
    __rt_entry_main                          0x08000169   Thumb Code     0  __rtentry2.o(.ARM.Collect$$rtentry$$0000000D)
    __rt_entry_postli_1                      0x08000169   Thumb Code     0  __rtentry2.o(.ARM.Collect$$rtentry$$0000000C)
    __rt_exit                                0x08000171   Thumb Code     0  rtexit.o(.ARM.Collect$$rtexit$$00000000)
    __rt_exit_ls                             0x08000173   Thumb Code     0  rtexit2.o(.ARM.Collect$$rtexit$$00000003)
    __rt_exit_prels_1                        0x08000173   Thumb Code     0  rtexit2.o(.ARM.Collect$$rtexit$$00000002)
    __rt_exit_exit                           0x08000177   Thumb Code     0  rtexit2.o(.ARM.Collect$$rtexit$$00000004)
    __aeabi_memcpy4                          0x0800017d   Thumb Code    56  rt_memcpy.o(.emb_text)
    __aeabi_memcpy8                          0x0800017d   Thumb Code     0  rt_memcpy.o(.emb_text)
    Reset_Handler                            0x080001b5   Thumb Code     8  startup_stm32f051.o(.text)
    ADC1_COMP_IRQHandler                     0x080001c7   Thumb Code     0  startup_stm32f051.o(.text)
    CEC_IRQHandler                           0x080001c7   Thumb Code     0  startup_stm32f051.o(.text)
    DMA1_Channel1_IRQHandler                 0x080001c7   Thumb Code     0  startup_stm32f051.o(.text)
    DMA1_Channel2_3_IRQHandler               0x080001c7   Thumb Code     0  startup_stm32f051.o(.text)
    DMA1_Channel4_5_IRQHandler               0x080001c7   Thumb Code     0  startup_stm32f051.o(.text)
    EXTI0_1_IRQHandler                       0x080001c7   Thumb Code     0  startup_stm32f051.o(.text)
    EXTI2_3_IRQHandler                       0x080001c7   Thumb Code     0  startup_stm32f051.o(.text)
    FLASH_IRQHandler                         0x080001c7   Thumb Code     0  startup_stm32f051.o(.text)
    I2C1_IRQHandler                          0x080001c7   Thumb Code     0  startup_stm32f051.o(.text)
    I2C2_IRQHandler                          0x080001c7   Thumb Code     0  startup_stm32f051.o(.text)
    PVD_IRQHandler                           0x080001c7   Thumb Code     0  startup_stm32f051.o(.text)
    RCC_IRQHandler                           0x080001c7   Thumb Code     0  startup_stm32f051.o(.text)
    RTC_IRQHandler                           0x080001c7   Thumb Code     0  startup_stm32f051.o(.text)
    SPI1_IRQHandler                          0x080001c7   Thumb Code     0  startup_stm32f051.o(.text)
    SPI2_IRQHandler                          0x080001c7   Thumb Code     0  startup_stm32f051.o(.text)
    TIM14_IRQHandler                         0x080001c7   Thumb Code     0  startup_stm32f051.o(.text)
    TIM15_IRQHandler                         0x080001c7   Thumb Code     0  startup_stm32f051.o(.text)
    TIM16_IRQHandler                         0x080001c7   Thumb Code     0  startup_stm32f051.o(.text)
    TIM17_IRQHandler                         0x080001c7   Thumb Code     0  startup_stm32f051.o(.text)
    TIM1_BRK_UP_TRG_COM_IRQHandler           0x080001c7   Thumb Code     0  startup_stm32f051.o(.text)
    TIM1_CC_IRQHandler                       0x080001c7   Thumb Code     0  startup_stm32f051.o(.text)
    TIM2_IRQHandler                          0x080001c7   Thumb Code     0  startup_stm32f051.o(.text)
    TIM6_DAC_IRQHandler                      0x080001c7   Thumb Code     0  startup_stm32f051.o(.text)
    TS_IRQHandler                            0x080001c7   Thumb Code     0  startup_stm32f051.o(.text)
    WWDG_IRQHandler                          0x080001c7   Thumb Code     0  startup_stm32f051.o(.text)
    __user_initial_stackheap                 0x080001c9   Thumb Code     0  startup_stm32f051.o(.text)
    __use_no_semihosting                     0x080001ed   Thumb Code     2  use_no_semi_2.o(.text)
    __2printf                                0x080001f1   Thumb Code    22  noretval__2printf.o(.text)
    __2sprintf                               0x0800020d   Thumb Code    36  noretval__2sprintf.o(.text)
    _printf_pre_padding                      0x08000235   Thumb Code    44  _printf_pad.o(.text)
    _printf_post_padding                     0x08000261   Thumb Code    34  _printf_pad.o(.text)
    _printf_int_dec                          0x08000285   Thumb Code    90  _printf_dec.o(.text)
    _printf_int_hex                          0x080002f1   Thumb Code    84  _printf_hex_int.o(.text)
    _printf_longlong_hex                     0x080002f1   Thumb Code     0  _printf_hex_int.o(.text)
    __printf                                 0x08000349   Thumb Code   306  __printf_flags_wp.o(.text)
    strlen                                   0x08000481   Thumb Code    62  strlen.o(.text)
    __aeabi_memcpy                           0x080004c5   Thumb Code   130  rt_memcpy.o(.text)
    __rt_memcpy                              0x080004c5   Thumb Code     0  rt_memcpy.o(.text)
    _memset_w                                0x08000547   Thumb Code    26  rt_memclr.o(.text)
    _memset                                  0x08000561   Thumb Code    30  rt_memclr.o(.text)
    __aeabi_memclr                           0x0800057f   Thumb Code     4  rt_memclr.o(.text)
    __rt_memclr                              0x0800057f   Thumb Code     0  rt_memclr.o(.text)
    __aeabi_memclr4                          0x08000583   Thumb Code     0  rt_memclr.o(.text)
    __aeabi_memclr8                          0x08000583   Thumb Code     0  rt_memclr.o(.text)
    __rt_memclr_w                            0x08000583   Thumb Code     4  rt_memclr.o(.text)
    __aeabi_uread4                           0x08000587   Thumb Code    34  uread4.o(.text)
    __rt_uread4                              0x08000587   Thumb Code     0  uread4.o(.text)
    __aeabi_uwrite4                          0x080005a9   Thumb Code    16  uwrite4.o(.text)
    __rt_uwrite4                             0x080005a9   Thumb Code     0  uwrite4.o(.text)
    __aeabi_uidiv                            0x080005b9   Thumb Code     0  aeabi_sdiv.o(.text)
    __aeabi_uidivmod                         0x080005b9   Thumb Code    20  aeabi_sdiv.o(.text)
    __aeabi_idiv                             0x080005cd   Thumb Code     0  aeabi_sdiv.o(.text)
    __aeabi_idivmod                          0x080005cd   Thumb Code   326  aeabi_sdiv.o(.text)
    __use_two_region_memory                  0x08000713   Thumb Code     2  heapauxi.o(.text)
    __rt_heap_escrow$2region                 0x08000715   Thumb Code     2  heapauxi.o(.text)
    __rt_heap_expand$2region                 0x08000717   Thumb Code     2  heapauxi.o(.text)
    __I$use$semihosting                      0x08000719   Thumb Code     0  use_no_semi.o(.text)
    __use_no_semihosting_swi                 0x08000719   Thumb Code     2  use_no_semi.o(.text)
    _printf_int_common                       0x0800071b   Thumb Code   176  _printf_intcommon.o(.text)
    _printf_char_common                      0x080007d7   Thumb Code    32  _printf_char_common.o(.text)
    _sputc                                   0x080007fd   Thumb Code    10  _sputc.o(.text)
    _printf_char_file                        0x08000809   Thumb Code    34  _printf_char_file.o(.text)
    __rt_udiv10                              0x08000831   Thumb Code    40  rtudiv10.o(.text)
    ferror                                   0x08000859   Thumb Code     8  ferror.o(.text)
    __user_libspace                          0x08000861   Thumb Code     8  libspace.o(.text)
    __user_perproc_libspace                  0x08000861   Thumb Code     0  libspace.o(.text)
    __user_perthread_libspace                0x08000861   Thumb Code     0  libspace.o(.text)
    __user_setup_stackheap                   0x08000869   Thumb Code    62  sys_stackheap_outer.o(.text)
    exit                                     0x080008a7   Thumb Code    12  exit.o(.text)
    DHT11_Check                              0x080008b5   Thumb Code   106  dht11.o(i.DHT11_Check)
    DHT11_Init                               0x08000925   Thumb Code    50  dht11.o(i.DHT11_Init)
    DHT11_Read_Bit                           0x0800095d   Thumb Code    94  dht11.o(i.DHT11_Read_Bit)
    DHT11_Read_Byte                          0x080009c1   Thumb Code    30  dht11.o(i.DHT11_Read_Byte)
    DHT11_Read_Data                          0x080009df   Thumb Code    88  dht11.o(i.DHT11_Read_Data)
    DHT11_Rst                                0x08000a39   Thumb Code    62  dht11.o(i.DHT11_Rst)
    Delay_ms                                 0x08000a7d   Thumb Code    20  systick.o(i.Delay_ms)
    Delay_us                                 0x08000a95   Thumb Code    38  time.o(i.Delay_us)
    EXIT_KEY_Init                            0x08000abb   Thumb Code   106  key.o(i.EXIT_KEY_Init)
    EXTI4_15_IRQHandler                      0x08000b25   Thumb Code    30  stm32f0xx_it.o(i.EXTI4_15_IRQHandler)
    EXTI_ClearITPendingBit                   0x08000b55   Thumb Code     6  stm32f0xx_exti.o(i.EXTI_ClearITPendingBit)
    EXTI_GetITStatus                         0x08000b61   Thumb Code    36  stm32f0xx_exti.o(i.EXTI_GetITStatus)
    EXTI_Init                                0x08000b89   Thumb Code   132  stm32f0xx_exti.o(i.EXTI_Init)
    GPIO_Init                                0x08000c11   Thumb Code   144  stm32f0xx_gpio.o(i.GPIO_Init)
    GPIO_PinAFConfig                         0x08000ca1   Thumb Code    68  stm32f0xx_gpio.o(i.GPIO_PinAFConfig)
    GPIO_ReadInputDataBit                    0x08000ce5   Thumb Code    20  stm32f0xx_gpio.o(i.GPIO_ReadInputDataBit)
    GPIO_ResetBits                           0x08000cf9   Thumb Code     4  stm32f0xx_gpio.o(i.GPIO_ResetBits)
    GPIO_SetBits                             0x08000cfd   Thumb Code     4  stm32f0xx_gpio.o(i.GPIO_SetBits)
    Gui_DrawFont_GBK16                       0x08000d01   Thumb Code   176  lcd.o(i.Gui_DrawFont_GBK16)
    Gui_DrawPoint                            0x08000db5   Thumb Code    32  lcd.o(i.Gui_DrawPoint)
    HardFault_Handler                        0x08000dd5   Thumb Code     4  stm32f0xx_it.o(i.HardFault_Handler)
    LCD_WriteData_16Bit                      0x08000dd9   Thumb Code    42  lcd.o(i.LCD_WriteData_16Bit)
    Lcd_Clear                                0x08000e0d   Thumb Code    50  lcd.o(i.Lcd_Clear)
    Lcd_GPIO_Init                            0x08000e41   Thumb Code   108  lcd.o(i.Lcd_GPIO_Init)
    Lcd_Init                                 0x08000eb1   Thumb Code    58  lcd.o(i.Lcd_Init)
    Lcd_SetRegion                            0x08000eeb   Thumb Code    86  lcd.o(i.Lcd_SetRegion)
    Lcd_WriteData                            0x08000f41   Thumb Code    36  lcd.o(i.Lcd_WriteData)
    Lcd_WriteIndex                           0x08000f6d   Thumb Code    36  lcd.o(i.Lcd_WriteIndex)
    NMI_Handler                              0x08000f99   Thumb Code     2  stm32f0xx_it.o(i.NMI_Handler)
    NVIC_Init                                0x08000f9d   Thumb Code   106  stm32f0xx_misc.o(i.NVIC_Init)
    PendSV_Handler                           0x08001085   Thumb Code     2  stm32f0xx_it.o(i.PendSV_Handler)
    RCC_AHBPeriphClockCmd                    0x08001089   Thumb Code    28  stm32f0xx_rcc.o(i.RCC_AHBPeriphClockCmd)
    RCC_APB1PeriphClockCmd                   0x080010a9   Thumb Code    28  stm32f0xx_rcc.o(i.RCC_APB1PeriphClockCmd)
    RCC_APB2PeriphClockCmd                   0x080010c9   Thumb Code    28  stm32f0xx_rcc.o(i.RCC_APB2PeriphClockCmd)
    RCC_GetClocksFreq                        0x080010e9   Thumb Code   340  stm32f0xx_rcc.o(i.RCC_GetClocksFreq)
    SPI_WriteData                            0x08001255   Thumb Code    54  lcd.o(i.SPI_WriteData)
    SVC_Handler                              0x08001291   Thumb Code     2  stm32f0xx_it.o(i.SVC_Handler)
    SYSCFG_EXTILineConfig                    0x08001295   Thumb Code    60  stm32f0xx_syscfg.o(i.SYSCFG_EXTILineConfig)
    SysTick_Handler                          0x080013bd   Thumb Code     8  stm32f0xx_it.o(i.SysTick_Handler)
    SystemInit                               0x080013c5   Thumb Code   110  system_stm32f0xx.o(i.SystemInit)
    Systick_Init                             0x08001441   Thumb Code    64  systick.o(i.Systick_Init)
    TIM2_Config                              0x0800148d   Thumb Code    82  time.o(i.TIM2_Config)
    TIM3_Config                              0x080014f1   Thumb Code    72  time.o(i.TIM3_Config)
    TIM3_INT_Config                          0x0800154d   Thumb Code    30  time.o(i.TIM3_INT_Config)
    TIM3_IRQHandler                          0x0800156d   Thumb Code    28  stm32f0xx_it.o(i.TIM3_IRQHandler)
    TIM_ClearITPendingBit                    0x0800158d   Thumb Code     6  stm32f0xx_tim.o(i.TIM_ClearITPendingBit)
    TIM_Cmd                                  0x08001595   Thumb Code    24  stm32f0xx_tim.o(i.TIM_Cmd)
    TIM_GetITStatus                          0x080015b1   Thumb Code    38  stm32f0xx_tim.o(i.TIM_GetITStatus)
    TIM_ITConfig                             0x080015d7   Thumb Code    20  stm32f0xx_tim.o(i.TIM_ITConfig)
    TIM_PrescalerConfig                      0x080015eb   Thumb Code     6  stm32f0xx_tim.o(i.TIM_PrescalerConfig)
    TIM_SetCounter                           0x080015f1   Thumb Code     4  stm32f0xx_tim.o(i.TIM_SetCounter)
    TIM_TimeBaseInit                         0x080015f5   Thumb Code    90  stm32f0xx_tim.o(i.TIM_TimeBaseInit)
    TimingDelay_Decrement                    0x08001671   Thumb Code    20  systick.o(i.TimingDelay_Decrement)
    UART2_send_byte                          0x08001689   Thumb Code    22  uart.o(i.UART2_send_byte)
    UART_Recive                              0x080016a5   Thumb Code    24  uart.o(i.UART_Recive)
    USART1_IRQHandler                        0x080016c1   Thumb Code    26  uart.o(i.USART1_IRQHandler)
    USART2_Configuration                     0x080016e5   Thumb Code   150  uart.o(i.USART2_Configuration)
    USART2_IRQHandler                        0x08001785   Thumb Code    52  uart.o(i.USART2_IRQHandler)
    USART_Cmd                                0x080017bd   Thumb Code    24  stm32f0xx_usart.o(i.USART_Cmd)
    USART_Configuration                      0x080017d5   Thumb Code   144  uart.o(i.USART_Configuration)
    USART_GetFlagStatus                      0x0800186d   Thumb Code    20  stm32f0xx_usart.o(i.USART_GetFlagStatus)
    USART_ITConfig                           0x08001881   Thumb Code    66  stm32f0xx_usart.o(i.USART_ITConfig)
    USART_Init                               0x080018c5   Thumb Code   234  stm32f0xx_usart.o(i.USART_Init)
    USART_SendData                           0x080019b9   Thumb Code     8  stm32f0xx_usart.o(i.USART_SendData)
    __ARM_common_switch8                     0x080019c1   Thumb Code    28  gizwits_product.o(i.__ARM_common_switch8)
    _is_digit                                0x080019dd   Thumb Code    14  __printf_wp.o(i._is_digit)
    _sys_exit                                0x080019eb   Thumb Code     4  uart.o(i._sys_exit)
    exchangeBytes                            0x080019ef   Thumb Code    26  common.o(i.exchangeBytes)
    exchangeWord                             0x08001a09   Thumb Code    30  common.o(i.exchangeWord)
    fputc                                    0x08001a29   Thumb Code    32  uart.o(i.fputc)
    gizAcrossByteJudge                       0x08001a4d   Thumb Code    46  datapointtools.o(i.gizAcrossByteJudge)
    gizByteOrderExchange                     0x08001a7b   Thumb Code    52  datapointtools.o(i.gizByteOrderExchange)
    gizGetTimerCount                         0x08001d9d   Thumb Code     6  gizwits_product.o(i.gizGetTimerCount)
    gizProtocolSum                           0x08002c15   Thumb Code    42  common.o(i.gizProtocolSum)
    gizPutData                               0x08002ced   Thumb Code    54  gizwits_protocol.o(i.gizPutData)
    gizStandardCompressValue                 0x08002e3d   Thumb Code   128  datapointtools.o(i.gizStandardCompressValue)
    gizStandardDecompressionValue            0x08002ebd   Thumb Code   180  datapointtools.o(i.gizStandardDecompressionValue)
    gizTimerMs                               0x08002f71   Thumb Code    12  gizwits_product.o(i.gizTimerMs)
    gizY2X                                   0x08002f81   Thumb Code    24  datapointtools.o(i.gizY2X)
    gizwitsEventProcess                      0x08002f99   Thumb Code   224  gizwits_product.o(i.gizwitsEventProcess)
    gizwitsHandle                            0x0800311d   Thumb Code   558  gizwits_protocol.o(i.gizwitsHandle)
    gizwitsInit                              0x08003445   Thumb Code    56  gizwits_protocol.o(i.gizwitsInit)
    gizwitsSetMode                           0x080034b1   Thumb Code   524  gizwits_protocol.o(i.gizwitsSetMode)
    initLedGpio                              0x080036f5   Thumb Code    46  led.o(i.initLedGpio)
    main                                     0x08003729   Thumb Code   206  main.o(i.main)
    mcuRestart                               0x08003851   Thumb Code     2  gizwits_product.o(i.mcuRestart)
    rbCanRead                                0x08003853   Thumb Code   106  ringbuffer.o(i.rbCanRead)
    rbCanWrite                               0x080038bd   Thumb Code    30  ringbuffer.o(i.rbCanWrite)
    rbCapacity                               0x080038db   Thumb Code    20  ringbuffer.o(i.rbCapacity)
    rbCreate                                 0x080038ef   Thumb Code    50  ringbuffer.o(i.rbCreate)
    rbRead                                   0x08003921   Thumb Code   262  ringbuffer.o(i.rbRead)
    rbWrite                                  0x08003a27   Thumb Code   296  ringbuffer.o(i.rbWrite)
    turnOnOffLed                             0x08003b51   Thumb Code    32  led.o(i.turnOnOffLed)
    uartWrite                                0x08003b75   Thumb Code    52  gizwits_product.o(i.uartWrite)
    userHandle                               0x08003ba9   Thumb Code    26  gizwits_product.o(i.userHandle)
    userInit                                 0x08003bd1   Thumb Code    12  gizwits_product.o(i.userInit)
    asc16                                    0x08003be0   Data        1521  lcd.o(.constdata)
    Zk_ASCII8X16                             0x080041d1   Data        4097  lcd.o(.constdata)
    hz16                                     0x080051d2   Data         578  lcd.o(.constdata)
    Region$$Table$$Base                      0x08005450   Number         0  anon$$obj.o(Region$$Table)
    Region$$Table$$Limit                     0x08005470   Number         0  anon$$obj.o(Region$$Table)
    SystemCoreClock                          0x20000000   Data           4  system_stm32f0xx.o(.data)
    AHBPrescTable                            0x20000004   Data          16  system_stm32f0xx.o(.data)
    count                                    0x20000014   Data           4  main.o(.data)
    tempx                                    0x20000018   Data           1  main.o(.data)
    humix                                    0x20000019   Data           1  main.o(.data)
    __stdout                                 0x20000030   Data           4  uart.o(.data)
    len                                      0x20000034   Data           4  uart.o(.data)
    PrescalerValue                           0x20000038   Data           2  time.o(.data)
    strDisp                                  0x20000050   Data          50  main.o(.bss)
    recv_buf                                 0x20000082   Data         100  uart.o(.bss)
    TIM_TimeBaseStructure                    0x200000e8   Data          12  time.o(.bss)
    TIM_OCInitStructure                      0x200000f4   Data          20  time.o(.bss)
    currentDataPoint                         0x20000108   Data           9  gizwits_product.o(.bss)
    gizwitsProtocol                          0x20000111   Data         268  gizwits_protocol.o(.bss)
    pRb                                      0x2000021d   Data          16  gizwits_protocol.o(.bss)
    __libspace_start                         0x20000260   Data          96  libspace.o(.bss)
    __temporary_stack_top$libspace           0x200002c0   Data           0  libspace.o(.bss)



==============================================================================

Memory Map of the image

  Image Entry point : 0x080000c1

  Load Region LR_IROM1 (Base: 0x08000000, Size: 0x000054c0, Max: 0x00010000, ABSOLUTE)

    Execution Region ER_IROM1 (Base: 0x08000000, Size: 0x00005470, Max: 0x00010000, ABSOLUTE)

    Base Addr    Size         Type   Attr      Idx    E Section Name        Object

    0x08000000   0x000000c0   Data   RO            3    RESET               startup_stm32f051.o
    0x080000c0   0x00000008   Code   RO         2547  * !!!main             c_p.l(__main.o)
    0x080000c8   0x0000003c   Code   RO         2758    !!!scatter          c_p.l(__scatter.o)
    0x08000104   0x0000001a   Code   RO         2760    !!handler_copy      c_p.l(__scatter_copy.o)
    0x0800011e   0x00000002   PAD
    0x08000120   0x0000001c   Code   RO         2762    !!handler_zi        c_p.l(__scatter_zi.o)
    0x0800013c   0x00000002   Code   RO         2528    .ARM.Collect$$_printf_percent$$00000000  c_p.l(_printf_percent.o)
    0x0800013e   0x0000000a   Code   RO         2527    .ARM.Collect$$_printf_percent$$00000009  c_p.l(_printf_d.o)
    0x08000148   0x0000000a   Code   RO         2526    .ARM.Collect$$_printf_percent$$0000000C  c_p.l(_printf_x.o)
    0x08000152   0x00000004   Code   RO         2581    .ARM.Collect$$_printf_percent$$00000017  c_p.l(_printf_percent_end.o)
    0x08000156   0x00000002   Code   RO         2635    .ARM.Collect$$libinit$$00000000  c_p.l(libinit.o)
    0x08000158   0x00000000   Code   RO         2637    .ARM.Collect$$libinit$$00000002  c_p.l(libinit2.o)
    0x08000158   0x00000000   Code   RO         2639    .ARM.Collect$$libinit$$00000004  c_p.l(libinit2.o)
    0x08000158   0x00000000   Code   RO         2642    .ARM.Collect$$libinit$$0000000A  c_p.l(libinit2.o)
    0x08000158   0x00000000   Code   RO         2644    .ARM.Collect$$libinit$$0000000C  c_p.l(libinit2.o)
    0x08000158   0x00000000   Code   RO         2646    .ARM.Collect$$libinit$$0000000E  c_p.l(libinit2.o)
    0x08000158   0x00000000   Code   RO         2649    .ARM.Collect$$libinit$$00000011  c_p.l(libinit2.o)
    0x08000158   0x00000000   Code   RO         2651    .ARM.Collect$$libinit$$00000013  c_p.l(libinit2.o)
    0x08000158   0x00000000   Code   RO         2653    .ARM.Collect$$libinit$$00000015  c_p.l(libinit2.o)
    0x08000158   0x00000000   Code   RO         2655    .ARM.Collect$$libinit$$00000017  c_p.l(libinit2.o)
    0x08000158   0x00000000   Code   RO         2657    .ARM.Collect$$libinit$$00000019  c_p.l(libinit2.o)
    0x08000158   0x00000000   Code   RO         2659    .ARM.Collect$$libinit$$0000001B  c_p.l(libinit2.o)
    0x08000158   0x00000000   Code   RO         2661    .ARM.Collect$$libinit$$0000001D  c_p.l(libinit2.o)
    0x08000158   0x00000000   Code   RO         2663    .ARM.Collect$$libinit$$0000001F  c_p.l(libinit2.o)
    0x08000158   0x00000000   Code   RO         2665    .ARM.Collect$$libinit$$00000021  c_p.l(libinit2.o)
    0x08000158   0x00000000   Code   RO         2667    .ARM.Collect$$libinit$$00000023  c_p.l(libinit2.o)
    0x08000158   0x00000000   Code   RO         2669    .ARM.Collect$$libinit$$00000025  c_p.l(libinit2.o)
    0x08000158   0x00000000   Code   RO         2673    .ARM.Collect$$libinit$$0000002C  c_p.l(libinit2.o)
    0x08000158   0x00000000   Code   RO         2675    .ARM.Collect$$libinit$$0000002E  c_p.l(libinit2.o)
    0x08000158   0x00000000   Code   RO         2677    .ARM.Collect$$libinit$$00000030  c_p.l(libinit2.o)
    0x08000158   0x00000000   Code   RO         2679    .ARM.Collect$$libinit$$00000032  c_p.l(libinit2.o)
    0x08000158   0x00000002   Code   RO         2680    .ARM.Collect$$libinit$$00000033  c_p.l(libinit2.o)
    0x0800015a   0x00000002   Code   RO         2723    .ARM.Collect$$libshutdown$$00000000  c_p.l(libshutdown.o)
    0x0800015c   0x00000000   Code   RO         2743    .ARM.Collect$$libshutdown$$00000003  c_p.l(libshutdown2.o)
    0x0800015c   0x00000000   Code   RO         2746    .ARM.Collect$$libshutdown$$00000006  c_p.l(libshutdown2.o)
    0x0800015c   0x00000000   Code   RO         2749    .ARM.Collect$$libshutdown$$00000009  c_p.l(libshutdown2.o)
    0x0800015c   0x00000000   Code   RO         2751    .ARM.Collect$$libshutdown$$0000000B  c_p.l(libshutdown2.o)
    0x0800015c   0x00000000   Code   RO         2754    .ARM.Collect$$libshutdown$$0000000E  c_p.l(libshutdown2.o)
    0x0800015c   0x00000002   Code   RO         2755    .ARM.Collect$$libshutdown$$0000000F  c_p.l(libshutdown2.o)
    0x0800015e   0x00000000   Code   RO         2566    .ARM.Collect$$rtentry$$00000000  c_p.l(__rtentry.o)
    0x0800015e   0x00000000   Code   RO         2586    .ARM.Collect$$rtentry$$00000002  c_p.l(__rtentry2.o)
    0x0800015e   0x00000006   Code   RO         2598    .ARM.Collect$$rtentry$$00000004  c_p.l(__rtentry4.o)
    0x08000164   0x00000000   Code   RO         2588    .ARM.Collect$$rtentry$$00000009  c_p.l(__rtentry2.o)
    0x08000164   0x00000004   Code   RO         2589    .ARM.Collect$$rtentry$$0000000A  c_p.l(__rtentry2.o)
    0x08000168   0x00000000   Code   RO         2591    .ARM.Collect$$rtentry$$0000000C  c_p.l(__rtentry2.o)
    0x08000168   0x00000008   Code   RO         2592    .ARM.Collect$$rtentry$$0000000D  c_p.l(__rtentry2.o)
    0x08000170   0x00000002   Code   RO         2682    .ARM.Collect$$rtexit$$00000000  c_p.l(rtexit.o)
    0x08000172   0x00000000   Code   RO         2695    .ARM.Collect$$rtexit$$00000002  c_p.l(rtexit2.o)
    0x08000172   0x00000004   Code   RO         2696    .ARM.Collect$$rtexit$$00000003  c_p.l(rtexit2.o)
    0x08000176   0x00000006   Code   RO         2697    .ARM.Collect$$rtexit$$00000004  c_p.l(rtexit2.o)
    0x0800017c   0x00000038   Code   RO         2531    .emb_text           c_p.l(rt_memcpy.o)
    0x080001b4   0x00000038   Code   RO            4    .text               startup_stm32f051.o
    0x080001ec   0x00000002   Code   RO         2467    .text               c_p.l(use_no_semi_2.o)
    0x080001ee   0x00000002   PAD
    0x080001f0   0x0000001c   Code   RO         2475    .text               c_p.l(noretval__2printf.o)
    0x0800020c   0x00000028   Code   RO         2477    .text               c_p.l(noretval__2sprintf.o)
    0x08000234   0x0000004e   Code   RO         2481    .text               c_p.l(_printf_pad.o)
    0x08000282   0x00000002   PAD
    0x08000284   0x0000006c   Code   RO         2483    .text               c_p.l(_printf_dec.o)
    0x080002f0   0x00000058   Code   RO         2488    .text               c_p.l(_printf_hex_int.o)
    0x08000348   0x00000138   Code   RO         2518    .text               c_p.l(__printf_flags_wp.o)
    0x08000480   0x00000044   Code   RO         2529    .text               c_p.l(strlen.o)
    0x080004c4   0x00000082   Code   RO         2532    .text               c_p.l(rt_memcpy.o)
    0x08000546   0x00000040   Code   RO         2535    .text               c_p.l(rt_memclr.o)
    0x08000586   0x00000022   Code   RO         2537    .text               c_p.l(uread4.o)
    0x080005a8   0x00000010   Code   RO         2539    .text               c_p.l(uwrite4.o)
    0x080005b8   0x0000015a   Code   RO         2541    .text               c_p.l(aeabi_sdiv.o)
    0x08000712   0x00000006   Code   RO         2545    .text               c_p.l(heapauxi.o)
    0x08000718   0x00000002   Code   RO         2564    .text               c_p.l(use_no_semi.o)
    0x0800071a   0x000000b0   Code   RO         2573    .text               c_p.l(_printf_intcommon.o)
    0x080007ca   0x00000002   PAD
    0x080007cc   0x00000030   Code   RO         2575    .text               c_p.l(_printf_char_common.o)
    0x080007fc   0x0000000a   Code   RO         2577    .text               c_p.l(_sputc.o)
    0x08000806   0x00000002   PAD
    0x08000808   0x00000028   Code   RO         2579    .text               c_p.l(_printf_char_file.o)
    0x08000830   0x00000028   Code   RO         2582    .text               c_p.l(rtudiv10.o)
    0x08000858   0x00000008   Code   RO         2609    .text               c_p.l(ferror.o)
    0x08000860   0x00000008   Code   RO         2616    .text               c_p.l(libspace.o)
    0x08000868   0x0000003e   Code   RO         2619    .text               c_p.l(sys_stackheap_outer.o)
    0x080008a6   0x0000000c   Code   RO         2622    .text               c_p.l(exit.o)
    0x080008b2   0x00000002   PAD
    0x080008b4   0x00000070   Code   RO         1892    i.DHT11_Check       dht11.o
    0x08000924   0x00000038   Code   RO         1893    i.DHT11_Init        dht11.o
    0x0800095c   0x00000064   Code   RO         1894    i.DHT11_Read_Bit    dht11.o
    0x080009c0   0x0000001e   Code   RO         1895    i.DHT11_Read_Byte   dht11.o
    0x080009de   0x00000058   Code   RO         1896    i.DHT11_Read_Data   dht11.o
    0x08000a36   0x00000002   PAD
    0x08000a38   0x00000044   Code   RO         1897    i.DHT11_Rst         dht11.o
    0x08000a7c   0x00000018   Code   RO         1679    i.Delay_ms          systick.o
    0x08000a94   0x00000026   Code   RO         1850    i.Delay_us          time.o
    0x08000aba   0x0000006a   Code   RO         1830    i.EXIT_KEY_Init     key.o
    0x08000b24   0x00000030   Code   RO          131    i.EXTI4_15_IRQHandler  stm32f0xx_it.o
    0x08000b54   0x0000000c   Code   RO          927    i.EXTI_ClearITPendingBit  stm32f0xx_exti.o
    0x08000b60   0x00000028   Code   RO          931    i.EXTI_GetITStatus  stm32f0xx_exti.o
    0x08000b88   0x00000088   Code   RO          932    i.EXTI_Init         stm32f0xx_exti.o
    0x08000c10   0x00000090   Code   RO          521    i.GPIO_Init         stm32f0xx_gpio.o
    0x08000ca0   0x00000044   Code   RO          522    i.GPIO_PinAFConfig  stm32f0xx_gpio.o
    0x08000ce4   0x00000014   Code   RO          525    i.GPIO_ReadInputDataBit  stm32f0xx_gpio.o
    0x08000cf8   0x00000004   Code   RO          528    i.GPIO_ResetBits    stm32f0xx_gpio.o
    0x08000cfc   0x00000004   Code   RO          529    i.GPIO_SetBits      stm32f0xx_gpio.o
    0x08000d00   0x000000b4   Code   RO         1946    i.Gui_DrawFont_GBK16  lcd.o
    0x08000db4   0x00000020   Code   RO         1947    i.Gui_DrawPoint     lcd.o
    0x08000dd4   0x00000004   Code   RO          132    i.HardFault_Handler  stm32f0xx_it.o
    0x08000dd8   0x00000034   Code   RO         1948    i.LCD_WriteData_16Bit  lcd.o
    0x08000e0c   0x00000032   Code   RO         1949    i.Lcd_Clear         lcd.o
    0x08000e3e   0x00000002   PAD
    0x08000e40   0x00000070   Code   RO         1950    i.Lcd_GPIO_Init     lcd.o
    0x08000eb0   0x0000003a   Code   RO         1951    i.Lcd_Init          lcd.o
    0x08000eea   0x00000056   Code   RO         1952    i.Lcd_SetRegion     lcd.o
    0x08000f40   0x0000002c   Code   RO         1954    i.Lcd_WriteData     lcd.o
    0x08000f6c   0x0000002c   Code   RO         1955    i.Lcd_WriteIndex    lcd.o
    0x08000f98   0x00000002   Code   RO          133    i.NMI_Handler       stm32f0xx_it.o
    0x08000f9a   0x00000002   PAD
    0x08000f9c   0x00000070   Code   RO          988    i.NVIC_Init         stm32f0xx_misc.o
    0x0800100c   0x00000078   Code   RO         1680    i.NVIC_SetPriority  systick.o
    0x08001084   0x00000002   Code   RO          134    i.PendSV_Handler    stm32f0xx_it.o
    0x08001086   0x00000002   PAD
    0x08001088   0x00000020   Code   RO          271    i.RCC_AHBPeriphClockCmd  stm32f0xx_rcc.o
    0x080010a8   0x00000020   Code   RO          273    i.RCC_APB1PeriphClockCmd  stm32f0xx_rcc.o
    0x080010c8   0x00000020   Code   RO          275    i.RCC_APB2PeriphClockCmd  stm32f0xx_rcc.o
    0x080010e8   0x0000016c   Code   RO          285    i.RCC_GetClocksFreq  stm32f0xx_rcc.o
    0x08001254   0x0000003c   Code   RO         1957    i.SPI_WriteData     lcd.o
    0x08001290   0x00000002   Code   RO          135    i.SVC_Handler       stm32f0xx_it.o
    0x08001292   0x00000002   PAD
    0x08001294   0x00000040   Code   RO         1024    i.SYSCFG_EXTILineConfig  stm32f0xx_syscfg.o
    0x080012d4   0x000000e8   Code   RO           12    i.SetSysClock       system_stm32f0xx.o
    0x080013bc   0x00000008   Code   RO          136    i.SysTick_Handler   stm32f0xx_it.o
    0x080013c4   0x0000007c   Code   RO           14    i.SystemInit        system_stm32f0xx.o
    0x08001440   0x0000004c   Code   RO         1681    i.Systick_Init      systick.o
    0x0800148c   0x00000064   Code   RO         1851    i.TIM2_Config       time.o
    0x080014f0   0x0000005c   Code   RO         1852    i.TIM3_Config       time.o
    0x0800154c   0x0000001e   Code   RO         1853    i.TIM3_INT_Config   time.o
    0x0800156a   0x00000002   PAD
    0x0800156c   0x00000020   Code   RO          137    i.TIM3_IRQHandler   stm32f0xx_it.o
    0x0800158c   0x00000006   Code   RO         1093    i.TIM_ClearITPendingBit  stm32f0xx_tim.o
    0x08001592   0x00000002   PAD
    0x08001594   0x0000001c   Code   RO         1098    i.TIM_Cmd           stm32f0xx_tim.o
    0x080015b0   0x00000026   Code   RO         1119    i.TIM_GetITStatus   stm32f0xx_tim.o
    0x080015d6   0x00000014   Code   RO         1123    i.TIM_ITConfig      stm32f0xx_tim.o
    0x080015ea   0x00000006   Code   RO         1147    i.TIM_PrescalerConfig  stm32f0xx_tim.o
    0x080015f0   0x00000004   Code   RO         1165    i.TIM_SetCounter    stm32f0xx_tim.o
    0x080015f4   0x0000007c   Code   RO         1171    i.TIM_TimeBaseInit  stm32f0xx_tim.o
    0x08001670   0x00000018   Code   RO         1682    i.TimingDelay_Decrement  systick.o
    0x08001688   0x0000001c   Code   RO         1725    i.UART2_send_byte   uart.o
    0x080016a4   0x0000001c   Code   RO         1726    i.UART_Recive       uart.o
    0x080016c0   0x00000024   Code   RO         1729    i.USART1_IRQHandler  uart.o
    0x080016e4   0x000000a0   Code   RO         1730    i.USART2_Configuration  uart.o
    0x08001784   0x00000038   Code   RO         1731    i.USART2_IRQHandler  uart.o
    0x080017bc   0x00000018   Code   RO          620    i.USART_Cmd         stm32f0xx_usart.o
    0x080017d4   0x00000098   Code   RO         1732    i.USART_Configuration  uart.o
    0x0800186c   0x00000014   Code   RO          628    i.USART_GetFlagStatus  stm32f0xx_usart.o
    0x08001880   0x00000042   Code   RO          631    i.USART_ITConfig    stm32f0xx_usart.o
    0x080018c2   0x00000002   PAD
    0x080018c4   0x000000f4   Code   RO          632    i.USART_Init        stm32f0xx_usart.o
    0x080019b8   0x00000008   Code   RO          649    i.USART_SendData    stm32f0xx_usart.o
    0x080019c0   0x0000001c   Code   RO         2114    i.__ARM_common_switch8  gizwits_product.o
    0x080019dc   0x0000000e   Code   RO         2516    i._is_digit         c_p.l(__printf_wp.o)
    0x080019ea   0x00000004   Code   RO         1733    i._sys_exit         uart.o
    0x080019ee   0x0000001a   Code   RO         2282    i.exchangeBytes     common.o
    0x08001a08   0x0000001e   Code   RO         2283    i.exchangeWord      common.o
    0x08001a26   0x00000002   PAD
    0x08001a28   0x00000024   Code   RO         1734    i.fputc             uart.o
    0x08001a4c   0x0000002e   Code   RO         2351    i.gizAcrossByteJudge  datapointtools.o
    0x08001a7a   0x00000034   Code   RO         2352    i.gizByteOrderExchange  datapointtools.o
    0x08001aae   0x00000002   PAD
    0x08001ab0   0x00000114   Code   RO         2122    i.gizCheckReport    gizwits_protocol.o
    0x08001bc4   0x00000084   Code   RO         2123    i.gizDataPoint2Event  gizwits_protocol.o
    0x08001c48   0x00000094   Code   RO         2124    i.gizDataPoints2ReportData  gizwits_protocol.o
    0x08001cdc   0x000000c0   Code   RO         2125    i.gizDevReportPolicy  gizwits_protocol.o
    0x08001d9c   0x0000000c   Code   RO         2054    i.gizGetTimerCount  gizwits_product.o
    0x08001da8   0x00000094   Code   RO         2126    i.gizProtocolAckHandle  gizwits_protocol.o
    0x08001e3c   0x000000a4   Code   RO         2127    i.gizProtocolCommonAck  gizwits_protocol.o
    0x08001ee0   0x000000a0   Code   RO         2128    i.gizProtocolErrorCmd  gizwits_protocol.o
    0x08001f80   0x00000184   Code   RO         2129    i.gizProtocolGetDeviceInfo  gizwits_protocol.o
    0x08002104   0x000001b4   Code   RO         2130    i.gizProtocolGetOnePacket  gizwits_protocol.o
    0x080022b8   0x00000050   Code   RO         2131    i.gizProtocolHeadInit  gizwits_protocol.o
    0x08002308   0x00000148   Code   RO         2132    i.gizProtocolIssuedDataAck  gizwits_protocol.o
    0x08002450   0x00000110   Code   RO         2133    i.gizProtocolIssuedProcess  gizwits_protocol.o
    0x08002560   0x0000005c   Code   RO         2134    i.gizProtocolModuleInfoHandle  gizwits_protocol.o
    0x080025bc   0x00000518   Code   RO         2135    i.gizProtocolModuleStatus  gizwits_protocol.o
    0x08002ad4   0x00000094   Code   RO         2136    i.gizProtocolNTP    gizwits_protocol.o
    0x08002b68   0x0000001e   Code   RO         2137    i.gizProtocolReboot  gizwits_protocol.o
    0x08002b86   0x00000002   PAD
    0x08002b88   0x0000008c   Code   RO         2138    i.gizProtocolResendData  gizwits_protocol.o
    0x08002c14   0x0000002a   Code   RO         2285    i.gizProtocolSum    common.o
    0x08002c3e   0x00000002   PAD
    0x08002c40   0x00000064   Code   RO         2139    i.gizProtocolWaitAck  gizwits_protocol.o
    0x08002ca4   0x00000048   Code   RO         2140    i.gizProtocolWaitAckCheck  gizwits_protocol.o
    0x08002cec   0x00000078   Code   RO         2141    i.gizPutData        gizwits_protocol.o
    0x08002d64   0x000000d8   Code   RO         2142    i.gizReportData     gizwits_protocol.o
    0x08002e3c   0x00000080   Code   RO         2353    i.gizStandardCompressValue  datapointtools.o
    0x08002ebc   0x000000b4   Code   RO         2354    i.gizStandardDecompressionValue  datapointtools.o
    0x08002f70   0x00000010   Code   RO         2055    i.gizTimerMs        gizwits_product.o
    0x08002f80   0x00000018   Code   RO         2359    i.gizY2X            datapointtools.o
    0x08002f98   0x00000184   Code   RO         2056    i.gizwitsEventProcess  gizwits_product.o
    0x0800311c   0x00000328   Code   RO         2145    i.gizwitsHandle     gizwits_protocol.o
    0x08003444   0x0000006c   Code   RO         2146    i.gizwitsInit       gizwits_protocol.o
    0x080034b0   0x00000244   Code   RO         2148    i.gizwitsSetMode    gizwits_protocol.o
    0x080036f4   0x00000034   Code   RO         1650    i.initLedGpio       led.o
    0x08003728   0x00000128   Code   RO          224    i.main              main.o
    0x08003850   0x00000002   Code   RO         2057    i.mcuRestart        gizwits_product.o
    0x08003852   0x0000006a   Code   RO         2417    i.rbCanRead         ringbuffer.o
    0x080038bc   0x0000001e   Code   RO         2418    i.rbCanWrite        ringbuffer.o
    0x080038da   0x00000014   Code   RO         2419    i.rbCapacity        ringbuffer.o
    0x080038ee   0x00000032   Code   RO         2420    i.rbCreate          ringbuffer.o
    0x08003920   0x00000106   Code   RO         2422    i.rbRead            ringbuffer.o
    0x08003a26   0x00000128   Code   RO         2423    i.rbWrite           ringbuffer.o
    0x08003b4e   0x00000002   PAD
    0x08003b50   0x00000024   Code   RO         1651    i.turnOnOffLed      led.o
    0x08003b74   0x00000034   Code   RO         2058    i.uartWrite         gizwits_product.o
    0x08003ba8   0x00000028   Code   RO         2059    i.userHandle        gizwits_product.o
    0x08003bd0   0x00000010   Code   RO         2060    i.userInit          gizwits_product.o
    0x08003be0   0x00001834   Data   RO         1960    .constdata          lcd.o
    0x08005414   0x00000028   Data   RO         2489    .constdata          c_p.l(_printf_hex_int.o)
    0x0800543c   0x00000011   Data   RO         2519    .constdata          c_p.l(__printf_flags_wp.o)
    0x0800544d   0x00000003   PAD
    0x08005450   0x00000020   Data   RO         2756    Region$$Table       anon$$obj.o


    Execution Region RW_IRAM1 (Base: 0x20000000, Size: 0x000008c0, Max: 0x00002000, ABSOLUTE)

    Base Addr    Size         Type   Attr      Idx    E Section Name        Object

    0x20000000   0x00000014   Data   RW           15    .data               system_stm32f0xx.o
    0x20000014   0x00000006   Data   RW          226    .data               main.o
    0x2000001a   0x00000010   Data   RW          309    .data               stm32f0xx_rcc.o
    0x2000002a   0x00000002   PAD
    0x2000002c   0x00000004   Data   RW         1683    .data               systick.o
    0x20000030   0x00000008   Data   RW         1736    .data               uart.o
    0x20000038   0x00000002   Data   RW         1855    .data               time.o
    0x2000003a   0x00000002   PAD
    0x2000003c   0x00000004   Data   RW         2062    .data               gizwits_product.o
    0x20000040   0x00000010   Data   RW         2150    .data               gizwits_protocol.o
    0x20000050   0x00000032   Zero   RW          225    .bss                main.o
    0x20000082   0x00000064   Zero   RW         1735    .bss                uart.o
    0x200000e6   0x00000002   PAD
    0x200000e8   0x00000020   Zero   RW         1854    .bss                time.o
    0x20000108   0x00000009   Zero   RW         2061    .bss                gizwits_product.o
    0x20000111   0x0000014c   Zero   RW         2149    .bss                gizwits_protocol.o
    0x2000025d   0x00000003   PAD
    0x20000260   0x00000060   Zero   RW         2617    .bss                c_p.l(libspace.o)
    0x200002c0   0x00000200   Zero   RW            2    HEAP                startup_stm32f051.o
    0x200004c0   0x00000400   Zero   RW            1    STACK               startup_stm32f051.o


==============================================================================

Image component sizes


      Code (inc. data)   RO Data    RW Data    ZI Data      Debug   Object Name

        98          0          0          0          0       2088   common.o
       430          0          0          0          0       4376   datapointtools.o
       454         24          0          0          0       4566   dht11.o
       554        212          0          4          9       4890   gizwits_product.o
      6442       2070          0         16        332      18562   gizwits_protocol.o
       106          0          0          0          0        636   key.o
       718         40       6196          0          0       7349   lcd.o
        88         10          0          0          0       1013   led.o
       296         90          0          6         50       1618   main.o
       764          0          0          0          0       4112   ringbuffer.o
        56         26        192          0       1536        640   startup_stm32f051.o
       188         14          0          0          0       2040   stm32f0xx_exti.o
       240          0          0          0          0       3347   stm32f0xx_gpio.o
        98         22          0          0          0      12227   stm32f0xx_it.o
       112          6          0          0          0        876   stm32f0xx_misc.o
       460         36          0         16          0       3382   stm32f0xx_rcc.o
        64          4          0          0          0        620   stm32f0xx_syscfg.o
       226         38          0          0          0       4537   stm32f0xx_tim.o
       362         10          0          0          0       3973   stm32f0xx_usart.o
       356         22          0         20          0     197729   system_stm32f0xx.o
       244         30          0          4          0       8238   systick.o
       260         38          0          2         32       2408   time.o
       500         46          0          8        100       6816   uart.o

    ----------------------------------------------------------------------
     13142       2738       6420         80       2064     296043   Object Totals
         0          0         32          0          0          0   (incl. Generated)
        26          0          0          4          5          0   (incl. Padding)

    ----------------------------------------------------------------------

      Code (inc. data)   RO Data    RW Data    ZI Data      Debug   Library Member Name

         8          0          0          0          0         68   __main.o
       312          6         17          0          0         76   __printf_flags_wp.o
        14          0          0          0          0         60   __printf_wp.o
         0          0          0          0          0          0   __rtentry.o
        12          0          0          0          0          0   __rtentry2.o
         6          0          0          0          0          0   __rtentry4.o
        60          8          0          0          0          0   __scatter.o
        26          0          0          0          0          0   __scatter_copy.o
        28          0          0          0          0          0   __scatter_zi.o
        48          6          0          0          0         88   _printf_char_common.o
        40          6          0          0          0         72   _printf_char_file.o
        10          0          0          0          0          0   _printf_d.o
       108         18          0          0          0         76   _printf_dec.o
        88          4         40          0          0         72   _printf_hex_int.o
       176          0          0          0          0         84   _printf_intcommon.o
        78          0          0          0          0        100   _printf_pad.o
         2          0          0          0          0          0   _printf_percent.o
         4          0          0          0          0          0   _printf_percent_end.o
        10          0          0          0          0          0   _printf_x.o
        10          0          0          0          0         60   _sputc.o
       346          0          0          0          0         92   aeabi_sdiv.o
        12          0          0          0          0         64   exit.o
         8          0          0          0          0         60   ferror.o
         6          0          0          0          0        136   heapauxi.o
         2          0          0          0          0          0   libinit.o
         2          0          0          0          0          0   libinit2.o
         2          0          0          0          0          0   libshutdown.o
         2          0          0          0          0          0   libshutdown2.o
         8          4          0          0         96         68   libspace.o
        28          6          0          0          0         84   noretval__2printf.o
        40          4          0          0          0         84   noretval__2sprintf.o
        64          0          0          0          0        108   rt_memclr.o
       186          0          0          0          0        144   rt_memcpy.o
         2          0          0          0          0          0   rtexit.o
        10          0          0          0          0          0   rtexit2.o
        40          0          0          0          0         60   rtudiv10.o
        68          6          0          0          0         72   strlen.o
        62          0          0          0          0         80   sys_stackheap_outer.o
        34          0          0          0          0         60   uread4.o
         2          0          0          0          0         68   use_no_semi.o
         2          0          0          0          0         68   use_no_semi_2.o
        16          0          0          0          0         60   uwrite4.o

    ----------------------------------------------------------------------
      1994         68         60          0         96       2064   Library Totals
        12          0          3          0          0          0   (incl. Padding)

    ----------------------------------------------------------------------

      Code (inc. data)   RO Data    RW Data    ZI Data      Debug   Library Name

      1982         68         57          0         96       2064   c_p.l

    ----------------------------------------------------------------------
      1994         68         60          0         96       2064   Library Totals

    ----------------------------------------------------------------------

==============================================================================


      Code (inc. data)   RO Data    RW Data    ZI Data      Debug   

     15136       2806       6480         80       2160     292183   Grand Totals
     15136       2806       6480         80       2160     292183   ELF Image Totals
     15136       2806       6480         80          0          0   ROM Totals

==============================================================================

    Total RO  Size (Code + RO Data)                21616 (  21.11kB)
    Total RW  Size (RW Data + ZI Data)              2240 (   2.19kB)
    Total ROM Size (Code + RO Data + RW Data)      21696 (  21.19kB)

==============================================================================

