<html>
<body>
<pre>
<h1>礦ision Build Log</h1>
<h2>Tool Versions:</h2>
IDE-Version: μVision V5.14.0.0
Copyright (C) 2015 ARM Ltd and ARM Germany GmbH. All rights reserved.
License Information: lzembed Microsoft, Microsoft, LIC=8MZ74-FQ13Q-48QFA-1TFSV-ABNK2-A0ELN
 
Tool Versions:
Toolchain:       MDK-ARM Professional  Version: 5.14.0.0
Toolchain Path:  C:\Keil_v5\ARM\ARMCC\Bin
C Compiler:      Armcc.exe V5.05 update 1 (build 106)
Assembler:       Armasm.exe V5.05 update 1 (build 106)
Linker/Locator:  ArmLink.exe V5.05 update 1 (build 106)
Library Manager: ArmAr.exe V5.05 update 1 (build 106)
Hex Converter:   FromElf.exe V5.05 update 1 (build 106)
CPU DLL:         SARMCM3.DLL V5.14.0.0
Dialog DLL:      DARMCM1.DLL V1.12.0.0
Target DLL:      STLink\ST-LINKIII-KEIL_SWO.dll V2.0.14.0_KEIL
Dialog DLL:      TARMCM1.DLL V1.9.0.0
 
<h2>Project:</h2>
E:\华清备课2\机智云项目实训课\项目源码\SmartCloadDemoMcuEx\project\stm32f051Demo.uvproj
Project File Date:  12/12/2017

<h2>Output:</h2>
Rebuild target 'stm32F051Demo'
assembling startup_stm32f051.s...
compiling system_stm32f0xx.c...
compiling stm32f0xx_it.c...
compiling main.c...
..\user\main.c(98): warning:  #111-D: statement is unreachable
          return 0;
..\user\main.c: 1 warning, 0 errors
compiling stm32f0xx_rcc.c...
compiling stm32f0xx_gpio.c...
compiling stm32f0xx_usart.c...
compiling stm32f0xx_exti.c...
compiling stm32f0xx_misc.c...
compiling stm32f0xx_syscfg.c...
compiling stm32f0xx_tim.c...
compiling Led.c...
compiling systick.c...
compiling uart.c...
compiling key.c...
compiling time.c...
compiling DHT11.c...
compiling lcd.c...
compiling gizwits_product.c...
compiling gizwits_protocol.c...
compiling common.c...
compiling dataPointTools.c...
compiling ringbuffer.c...
linking...
Program Size: Code=15136 RO-data=6480 RW-data=80 ZI-data=2160  
FromELF: creating hex file...
"..\output\stm32f051Demo.axf" - 0 Error(s), 1 Warning(s).
</pre>
</body>
</html>
